../Package/LVGL/src/extra/libs/fsdrv/lv_fs_fatfs.c:212:20:fs_tell	0	static
../Package/LVGL/src/extra/libs/fsdrv/lv_fs_fatfs.c:247:20:fs_dir_read	48	static
../Package/LVGL/src/extra/libs/fsdrv/lv_fs_fatfs.c:225:15:fs_dir_open	16	static
../Package/LVGL/src/extra/libs/fsdrv/lv_fs_fatfs.c:275:20:fs_dir_close	8	static
../Package/LVGL/src/extra/libs/fsdrv/lv_fs_fatfs.c:168:20:fs_write	8	static
../Package/LVGL/src/extra/libs/fsdrv/lv_fs_fatfs.c:151:20:fs_read	8	static
../Package/LVGL/src/extra/libs/fsdrv/lv_fs_fatfs.c:133:20:fs_close	8	static
../Package/LVGL/src/extra/libs/fsdrv/lv_fs_fatfs.c:104:15:fs_open	16	static
../Package/LVGL/src/extra/libs/fsdrv/lv_fs_fatfs.c:185:20:fs_seek	8	static
../Package/LVGL/src/extra/libs/fsdrv/lv_fs_fatfs.c:53:6:lv_fs_fatfs_init	8	static
