../Core/Src/dap_main.c:345:6:dap_out_callback	8	static
../Core/Src/dap_main.c:312:13:usbd_event_handler	8	static
../Core/Src/dap_main.c:368:6:dap_in_callback	16	static
../Core/Src/dap_main.c:384:6:usbd_cdc_acm_bulk_out	8	static
../Core/Src/dap_main.c:395:6:usbd_cdc_acm_bulk_in	24	static
../Core/Src/dap_main.c:480:6:chry_dap_init	16	static
../Core/Src/dap_main.c:509:6:chry_dap_handle	32	static
../Core/Src/dap_main.c:563:6:usbd_cdc_acm_set_line_coding	0	static
../Core/Src/dap_main.c:570:6:usbd_cdc_acm_get_line_coding	0	static
../Core/Src/dap_main.c:635:10:get_cdc_g_line_coding_dwDTERate	0	static
../Core/Src/dap_main.c:639:9:get_cdc_g_line_coding_bCharFormat	0	static
../Core/Src/dap_main.c:643:9:get_cdc_g_line_coding_bParityType	0	static
../Core/Src/dap_main.c:647:9:get_cdc_g_line_coding_bDataBits	0	static
../Core/Src/dap_main.c:652:13:serial_send_data	0	static
../Core/Src/dap_main.c:622:6:chry_dap_usb2uart_uart_send_complete	16	static
../Core/Src/dap_main.c:657:13:chry_dap_usb2uart_uart_config_callback	0	static
../Core/Src/dap_main.c:575:6:chry_dap_usb2uart_handle	24	static
