Archive member included to satisfy reference by file (symbol)

D:/AppData/DevelopTool/GNU-Tools-ARM-Embedded/bin/../lib/gcc/arm-none-eabi/13.3.1/thumb/v7e-m+fp/hard\libgcc.a(_aeabi_uldivmod.o)
                              CMakeFiles/F4_CherryDAP.elf.dir/Drivers/STM32F4xx_HAL_Driver/Src/stm32f4xx_hal_rcc.c.obj (__aeabi_uldivmod)
D:/AppData/DevelopTool/GNU-Tools-ARM-Embedded/bin/../lib/gcc/arm-none-eabi/13.3.1/thumb/v7e-m+fp/hard\libgcc.a(_udivmoddi4.o)
                              D:/AppData/DevelopTool/GNU-Tools-ARM-Embedded/bin/../lib/gcc/arm-none-eabi/13.3.1/thumb/v7e-m+fp/hard\libgcc.a(_aeabi_uldivmod.o) (__udivmoddi4)
D:/AppData/DevelopTool/GNU-Tools-ARM-Embedded/bin/../lib/gcc/arm-none-eabi/13.3.1/thumb/v7e-m+fp/hard\libgcc.a(_dvmd_tls.o)
                              D:/AppData/DevelopTool/GNU-Tools-ARM-Embedded/bin/../lib/gcc/arm-none-eabi/13.3.1/thumb/v7e-m+fp/hard\libgcc.a(_aeabi_uldivmod.o) (__aeabi_ldiv0)
D:/AppData/DevelopTool/GNU-Tools-ARM-Embedded/bin/../lib/gcc/arm-none-eabi/13.3.1/thumb/v7e-m+fp/hard\libg.a(libc_a-exit.o)
                              D:/AppData/DevelopTool/GNU-Tools-ARM-Embedded/bin/../lib/gcc/arm-none-eabi/13.3.1/thumb/v7e-m+fp/hard/crt0.o (exit)
D:/AppData/DevelopTool/GNU-Tools-ARM-Embedded/bin/../lib/gcc/arm-none-eabi/13.3.1/thumb/v7e-m+fp/hard\libg.a(libc_a-findfp.o)
                              CMakeFiles/F4_CherryDAP.elf.dir/Middlewares/Third_Party/FreeRTOS/Source/tasks.c.obj (__sf)
D:/AppData/DevelopTool/GNU-Tools-ARM-Embedded/bin/../lib/gcc/arm-none-eabi/13.3.1/thumb/v7e-m+fp/hard\libg.a(libc_a-fwalk.o)
                              D:/AppData/DevelopTool/GNU-Tools-ARM-Embedded/bin/../lib/gcc/arm-none-eabi/13.3.1/thumb/v7e-m+fp/hard\libg.a(libc_a-findfp.o) (_fwalk_sglue)
D:/AppData/DevelopTool/GNU-Tools-ARM-Embedded/bin/../lib/gcc/arm-none-eabi/13.3.1/thumb/v7e-m+fp/hard\libg.a(libc_a-printf.o)
                              CMakeFiles/F4_CherryDAP.elf.dir/Core/Src/usart.c.obj (printf)
D:/AppData/DevelopTool/GNU-Tools-ARM-Embedded/bin/../lib/gcc/arm-none-eabi/13.3.1/thumb/v7e-m+fp/hard\libg.a(libc_a-puts.o)
                              CMakeFiles/F4_CherryDAP.elf.dir/Core/Src/dap_main.c.obj (puts)
D:/AppData/DevelopTool/GNU-Tools-ARM-Embedded/bin/../lib/gcc/arm-none-eabi/13.3.1/thumb/v7e-m+fp/hard\libg.a(libc_a-stdio.o)
                              D:/AppData/DevelopTool/GNU-Tools-ARM-Embedded/bin/../lib/gcc/arm-none-eabi/13.3.1/thumb/v7e-m+fp/hard\libg.a(libc_a-findfp.o) (__sread)
D:/AppData/DevelopTool/GNU-Tools-ARM-Embedded/bin/../lib/gcc/arm-none-eabi/13.3.1/thumb/v7e-m+fp/hard\libg.a(libc_a-memset.o)
                              D:/AppData/DevelopTool/GNU-Tools-ARM-Embedded/bin/../lib/gcc/arm-none-eabi/13.3.1/thumb/v7e-m+fp/hard/crt0.o (memset)
D:/AppData/DevelopTool/GNU-Tools-ARM-Embedded/bin/../lib/gcc/arm-none-eabi/13.3.1/thumb/v7e-m+fp/hard\libg.a(libc_a-closer.o)
                              D:/AppData/DevelopTool/GNU-Tools-ARM-Embedded/bin/../lib/gcc/arm-none-eabi/13.3.1/thumb/v7e-m+fp/hard\libg.a(libc_a-stdio.o) (_close_r)
D:/AppData/DevelopTool/GNU-Tools-ARM-Embedded/bin/../lib/gcc/arm-none-eabi/13.3.1/thumb/v7e-m+fp/hard\libg.a(libc_a-reent.o)
                              CMakeFiles/F4_CherryDAP.elf.dir/Middlewares/Third_Party/FreeRTOS/Source/tasks.c.obj (_reclaim_reent)
D:/AppData/DevelopTool/GNU-Tools-ARM-Embedded/bin/../lib/gcc/arm-none-eabi/13.3.1/thumb/v7e-m+fp/hard\libg.a(libc_a-impure.o)
                              CMakeFiles/F4_CherryDAP.elf.dir/Middlewares/Third_Party/FreeRTOS/Source/tasks.c.obj (_impure_ptr)
D:/AppData/DevelopTool/GNU-Tools-ARM-Embedded/bin/../lib/gcc/arm-none-eabi/13.3.1/thumb/v7e-m+fp/hard\libg.a(libc_a-lseekr.o)
                              D:/AppData/DevelopTool/GNU-Tools-ARM-Embedded/bin/../lib/gcc/arm-none-eabi/13.3.1/thumb/v7e-m+fp/hard\libg.a(libc_a-stdio.o) (_lseek_r)
D:/AppData/DevelopTool/GNU-Tools-ARM-Embedded/bin/../lib/gcc/arm-none-eabi/13.3.1/thumb/v7e-m+fp/hard\libg.a(libc_a-readr.o)
                              D:/AppData/DevelopTool/GNU-Tools-ARM-Embedded/bin/../lib/gcc/arm-none-eabi/13.3.1/thumb/v7e-m+fp/hard\libg.a(libc_a-stdio.o) (_read_r)
D:/AppData/DevelopTool/GNU-Tools-ARM-Embedded/bin/../lib/gcc/arm-none-eabi/13.3.1/thumb/v7e-m+fp/hard\libg.a(libc_a-writer.o)
                              D:/AppData/DevelopTool/GNU-Tools-ARM-Embedded/bin/../lib/gcc/arm-none-eabi/13.3.1/thumb/v7e-m+fp/hard\libg.a(libc_a-stdio.o) (_write_r)
D:/AppData/DevelopTool/GNU-Tools-ARM-Embedded/bin/../lib/gcc/arm-none-eabi/13.3.1/thumb/v7e-m+fp/hard\libg.a(libc_a-errno.o)
                              CMakeFiles/F4_CherryDAP.elf.dir/Core/Src/syscalls.c.obj (__errno)
D:/AppData/DevelopTool/GNU-Tools-ARM-Embedded/bin/../lib/gcc/arm-none-eabi/13.3.1/thumb/v7e-m+fp/hard\libg.a(libc_a-init.o)
                              D:/AppData/DevelopTool/GNU-Tools-ARM-Embedded/bin/../lib/gcc/arm-none-eabi/13.3.1/thumb/v7e-m+fp/hard/crt0.o (__libc_init_array)
[...]
Memory Configuration

Name             Origin             Length             Attributes
CCMRAM           0x10000000         0x00010000         xrw
RAM              0x20000000         0x00020000         xrw
FLASH            0x08000000         0x00100000         xr
*default*        0x00000000         0xffffffff

Linker script and memory map

LOAD D:/AppData/DevelopTool/GNU-Tools-ARM-Embedded/bin/../lib/gcc/arm-none-eabi/13.3.1/thumb/v7e-m+fp/hard/crti.o
LOAD D:/AppData/DevelopTool/GNU-Tools-ARM-Embedded/bin/../lib/gcc/arm-none-eabi/13.3.1/thumb/v7e-m+fp/hard/crtbegin.o
LOAD D:/AppData/DevelopTool/GNU-Tools-ARM-Embedded/bin/../lib/gcc/arm-none-eabi/13.3.1/thumb/v7e-m+fp/hard/crt0.o
LOAD CMakeFiles/F4_CherryDAP.elf.dir/Core/Src/dap_main.c.obj
LOAD CMakeFiles/F4_CherryDAP.elf.dir/Core/Src/dma.c.obj
LOAD CMakeFiles/F4_CherryDAP.elf.dir/Core/Src/freertos.c.obj
LOAD CMakeFiles/F4_CherryDAP.elf.dir/Core/Src/gpio.c.obj
LOAD CMakeFiles/F4_CherryDAP.elf.dir/Core/Src/main.c.obj
LOAD CMakeFiles/F4_CherryDAP.elf.dir/Core/Src/stm32f4xx_hal_msp.c.obj
LOAD CMakeFiles/F4_CherryDAP.elf.dir/Core/Src/stm32f4xx_hal_timebase_tim.c.obj
LOAD CMakeFiles/F4_CherryDAP.elf.dir/Core/Src/stm32f4xx_it.c.obj
LOAD CMakeFiles/F4_CherryDAP.elf.dir/Core/Src/syscalls.c.obj
LOAD CMakeFiles/F4_CherryDAP.elf.dir/Core/Src/sysmem.c.obj
LOAD CMakeFiles/F4_CherryDAP.elf.dir/Core/Src/system_stm32f4xx.c.obj
LOAD CMakeFiles/F4_CherryDAP.elf.dir/Core/Src/usart.c.obj
LOAD CMakeFiles/F4_CherryDAP.elf.dir/Core/Src/usb2uart.c.obj
LOAD CMakeFiles/F4_CherryDAP.elf.dir/Core/Src/usb_otg.c.obj
LOAD CMakeFiles/F4_CherryDAP.elf.dir/Core/Startup/startup_stm32f407zgtx.s.obj
LOAD CMakeFiles/F4_CherryDAP.elf.dir/Drivers/STM32F4xx_HAL_Driver/Src/stm32f4xx_hal.c.obj
LOAD CMakeFiles/F4_CherryDAP.elf.dir/Drivers/STM32F4xx_HAL_Driver/Src/stm32f4xx_hal_cortex.c.obj
LOAD CMakeFiles/F4_CherryDAP.elf.dir/Drivers/STM32F4xx_HAL_Driver/Src/stm32f4xx_hal_dma.c.obj
LOAD CMakeFiles/F4_CherryDAP.elf.dir/Drivers/STM32F4xx_HAL_Driver/Src/stm32f4xx_hal_dma_ex.c.obj
LOAD CMakeFiles/F4_CherryDAP.elf.dir/Drivers/STM32F4xx_HAL_Driver/Src/stm32f4xx_hal_exti.c.obj
LOAD CMakeFiles/F4_CherryDAP.elf.dir/Drivers/STM32F4xx_HAL_Driver/Src/stm32f4xx_hal_flash.c.obj
LOAD CMakeFiles/F4_CherryDAP.elf.dir/Drivers/STM32F4xx_HAL_Driver/Src/stm32f4xx_hal_flash_ex.c.obj
LOAD CMakeFiles/F4_CherryDAP.elf.dir/Drivers/STM32F4xx_HAL_Driver/Src/stm32f4xx_hal_flash_ramfunc.c.obj
LOAD CMakeFiles/F4_CherryDAP.elf.dir/Drivers/STM32F4xx_HAL_Driver/Src/stm32f4xx_hal_gpio.c.obj
LOAD CMakeFiles/F4_CherryDAP.elf.dir/Drivers/STM32F4xx_HAL_Driver/Src/stm32f4xx_hal_pcd.c.obj
LOAD CMakeFiles/F4_CherryDAP.elf.dir/Drivers/STM32F4xx_HAL_Driver/Src/stm32f4xx_hal_pcd_ex.c.obj
LOAD CMakeFiles/F4_CherryDAP.elf.dir/Drivers/STM32F4xx_HAL_Driver/Src/stm32f4xx_hal_pwr.c.obj
LOAD CMakeFiles/F4_CherryDAP.elf.dir/Drivers/STM32F4xx_HAL_Driver/Src/stm32f4xx_hal_pwr_ex.c.obj
LOAD CMakeFiles/F4_CherryDAP.elf.dir/Drivers/STM32F4xx_HAL_Driver/Src/stm32f4xx_hal_rcc.c.obj
LOAD CMakeFiles/F4_CherryDAP.elf.dir/Drivers/STM32F4xx_HAL_Driver/Src/stm32f4xx_hal_rcc_ex.c.obj
LOAD CMakeFiles/F4_CherryDAP.elf.dir/Drivers/STM32F4xx_HAL_Driver/Src/stm32f4xx_hal_tim.c.obj
LOAD CMakeFiles/F4_CherryDAP.elf.dir/Drivers/STM32F4xx_HAL_Driver/Src/stm32f4xx_hal_tim_ex.c.obj
LOAD CMakeFiles/F4_CherryDAP.elf.dir/Drivers/STM32F4xx_HAL_Driver/Src/stm32f4xx_hal_uart.c.obj
LOAD CMakeFiles/F4_CherryDAP.elf.dir/Drivers/STM32F4xx_HAL_Driver/Src/stm32f4xx_ll_usb.c.obj
LOAD CMakeFiles/F4_CherryDAP.elf.dir/Middlewares/Third_Party/FreeRTOS/Source/CMSIS_RTOS/cmsis_os.c.obj
LOAD CMakeFiles/F4_CherryDAP.elf.dir/Middlewares/Third_Party/FreeRTOS/Source/croutine.c.obj
LOAD CMakeFiles/F4_CherryDAP.elf.dir/Middlewares/Third_Party/FreeRTOS/Source/event_groups.c.obj
LOAD CMakeFiles/F4_CherryDAP.elf.dir/Middlewares/Third_Party/FreeRTOS/Source/list.c.obj
LOAD CMakeFiles/F4_CherryDAP.elf.dir/Middlewares/Third_Party/FreeRTOS/Source/portable/GCC/ARM_CM4F/port.c.obj
LOAD CMakeFiles/F4_CherryDAP.elf.dir/Middlewares/Third_Party/FreeRTOS/Source/portable/MemMang/heap_4.c.obj
LOAD CMakeFiles/F4_CherryDAP.elf.dir/Middlewares/Third_Party/FreeRTOS/Source/queue.c.obj
LOAD CMakeFiles/F4_CherryDAP.elf.dir/Middlewares/Third_Party/FreeRTOS/Source/stream_buffer.c.obj
LOAD CMakeFiles/F4_CherryDAP.elf.dir/Middlewares/Third_Party/FreeRTOS/Source/tasks.c.obj
LOAD CMakeFiles/F4_CherryDAP.elf.dir/Middlewares/Third_Party/FreeRTOS/Source/timers.c.obj
LOAD CMakeFiles/F4_CherryDAP.elf.dir/Package/CherryRB/chry_ringbuffer.c.obj
LOAD CMakeFiles/F4_CherryDAP.elf.dir/Package/CherryUSB/class/cdc/usbd_cdc.c.obj
LOAD CMakeFiles/F4_CherryDAP.elf.dir/Package/CherryUSB/core/usbd_core.c.obj
LOAD CMakeFiles/F4_CherryDAP.elf.dir/Package/CherryUSB/port/dwc2/usb_dc_dwc2.c.obj
LOAD CMakeFiles/F4_CherryDAP.elf.dir/Package/CherryUSB/port/dwc2/usb_glue_st.c.obj
LOAD CMakeFiles/F4_CherryDAP.elf.dir/Package/DAPLink/Source/DAP.c.obj
LOAD CMakeFiles/F4_CherryDAP.elf.dir/Package/DAPLink/Source/DAP_vendor.c.obj
LOAD CMakeFiles/F4_CherryDAP.elf.dir/Package/DAPLink/Source/JTAG_DP.c.obj
LOAD CMakeFiles/F4_CherryDAP.elf.dir/Package/DAPLink/Source/SWD_flash.c.obj
LOAD CMakeFiles/F4_CherryDAP.elf.dir/Package/DAPLink/Source/SWO.c.obj
LOAD CMakeFiles/F4_CherryDAP.elf.dir/Package/DAPLink/Source/SW_DP.c.obj
LOAD CMakeFiles/F4_CherryDAP.elf.dir/Package/DAPLink/Source/UART.c.obj
LOAD CMakeFiles/F4_CherryDAP.elf.dir/Package/DAPLink/Source/error.c.obj
LOAD CMakeFiles/F4_CherryDAP.elf.dir/Package/DAPLink/Source/swd_host.c.obj
START GROUP
LOAD D:/AppData/DevelopTool/GNU-Tools-ARM-Embedded/bin/../lib/gcc/arm-none-eabi/13.3.1/thumb/v7e-m+fp/hard\libgcc.a
LOAD D:/AppData/DevelopTool/GNU-Tools-ARM-Embedded/bin/../lib/gcc/arm-none-eabi/13.3.1/thumb/v7e-m+fp/hard\libg.a
LOAD D:/AppData/DevelopTool/GNU-Tools-ARM-Embedded/bin/../lib/gcc/arm-none-eabi/13.3.1/thumb/v7e-m+fp/hard\libc.a
END GROUP
LOAD D:/AppData/DevelopTool/GNU-Tools-ARM-Embedded/bin/../lib/gcc/arm-none-eabi/13.3.1/thumb/v7e-m+fp/hard/crtend.o
LOAD D:/AppData/DevelopTool/GNU-Tools-ARM-Embedded/bin/../lib/gcc/arm-none-eabi/13.3.1/thumb/v7e-m+fp/hard/crtn.o
                0x20020000                        _estack = (ORIGIN (RAM) + LENGTH (RAM))
                0x00000400                        _Min_Heap_Size = 0x400
                0x00000800                        _Min_Stack_Size = 0x800

.isr_vector     0x08000000      0x188
                0x08000000                        . = ALIGN (0x4)
 *(.isr_vector)
 .isr_vector    0x08000000      0x188 CMakeFiles/F4_CherryDAP.elf.dir/Core/Startup/startup_stm32f407zgtx.s.obj
                0x08000000                g_pfnVectors
                0x08000188                        . = ALIGN (0x4)

.text           0x080001c0     0xfd1c
                0x080001c0                        . = ALIGN (0x4)
 *(.text)
 .text          0x080001c0       0x30 D:/AppData/DevelopTool/GNU-Tools-ARM-Embedded/bin/../lib/gcc/arm-none-eabi/13.3.1/thumb/v7e-m+fp/hard\libgcc.a(_aeabi_uldivmod.o)
                0x080001c0                __aeabi_uldivmod
 .text          0x080001f0        0x4 D:/AppData/DevelopTool/GNU-Tools-ARM-Embedded/bin/../lib/gcc/arm-none-eabi/13.3.1/thumb/v7e-m+fp/hard\libgcc.a(_dvmd_tls.o)
                0x080001f0                __aeabi_idiv0
                0x080001f0                __aeabi_ldiv0
 .text          0x080001f4      0x134 D:/AppData/DevelopTool/GNU-Tools-ARM-Embedded/bin/../lib/gcc/arm-none-eabi/13.3.1/thumb/v7e-m+fp/hard\libg.a(libc_a-memcpy.o)
                0x080001f4                memcpy
 *fill*         0x08000328       0x18 
 .text          0x08000340       0xd8 D:/AppData/DevelopTool/GNU-Tools-ARM-Embedded/bin/../lib/gcc/arm-none-eabi/13.3.1/thumb/v7e-m+fp/hard\libg.a(libc_a-strlen.o)
                0x08000340                strlen
 *fill*         0x08000418        0x8 
 .text          0x08000420       0xa0 D:/AppData/DevelopTool/GNU-Tools-ARM-Embedded/bin/../lib/gcc/arm-none-eabi/13.3.1/thumb/v7e-m+fp/hard\libg.a(libc_a-memchr.o)
                0x08000420                memchr
 .text          0x080004c0      0x378 D:/AppData/DevelopTool/GNU-Tools-ARM-Embedded/bin/../lib/gcc/arm-none-eabi/13.3.1/thumb/v7e-m+fp/hard\libgcc.a(_arm_addsubdf3.o)
                0x080004c0                __aeabi_drsub
                0x080004c8                __aeabi_dsub
                0x080004c8                __subdf3
                0x080004cc                __aeabi_dadd
                0x080004cc                __adddf3
                0x08000744                __floatunsidf
                0x08000744                __aeabi_ui2d
                0x08000764                __floatsidf
                0x08000764                __aeabi_i2d
                0x08000788                __aeabi_f2d
                0x08000788                __extendsfdf2
                0x080007cc                __floatundidf
                0x080007cc                __aeabi_ul2d
                0x080007dc                __floatdidf
                0x080007dc                __aeabi_l2d
 .text          0x08000838      0x424 D:/AppData/DevelopTool/GNU-Tools-ARM-Embedded/bin/../lib/gcc/arm-none-eabi/13.3.1/thumb/v7e-m+fp/hard\libgcc.a(_arm_muldivdf3.o)
                0x08000838                __aeabi_dmul
                0x08000838                __muldf3
                0x08000a8c                __divdf3
                0x08000a8c                __aeabi_ddiv
 .text          0x08000c5c      0x110 D:/AppData/DevelopTool/GNU-Tools-ARM-Embedded/bin/../lib/gcc/arm-none-eabi/13.3.1/thumb/v7e-m+fp/hard\libgcc.a(_arm_cmpdf2.o)
                0x08000c5c                __gtdf2
                0x08000c5c                __gedf2
                0x08000c64                __ltdf2
                0x08000c64                __ledf2
                0x08000c6c                __nedf2
                0x08000c6c                __eqdf2
                0x08000c6c                __cmpdf2
                0x08000ce8                __aeabi_cdrcmple
                0x08000cf8                __aeabi_cdcmpeq
                0x08000cf8                __aeabi_cdcmple
                0x08000d08                __aeabi_dcmpeq
                0x08000d1c                __aeabi_dcmplt
                0x08000d30                __aeabi_dcmple
                0x08000d44                __aeabi_dcmpge
                0x08000d58                __aeabi_dcmpgt
 .text          0x08000d6c       0x2c D:/AppData/DevelopTool/GNU-Tools-ARM-Embedded/bin/../lib/gcc/arm-none-eabi/13.3.1/thumb/v7e-m+fp/hard\libgcc.a(_arm_unorddf2.o)
                0x08000d6c                __unorddf2
                0x08000d6c                __aeabi_dcmpun
 .text          0x08000d98       0x50 D:/AppData/DevelopTool/GNU-Tools-ARM-Embedded/bin/../lib/gcc/arm-none-eabi/13.3.1/thumb/v7e-m+fp/hard\libgcc.a(_arm_fixdfsi.o)
                0x08000d98                __aeabi_d2iz
                0x08000d98                __fixdfsi
 *(.text*)
 .text.deregister_tm_clones
                0x08000de8       0x1c D:/AppData/DevelopTool/GNU-Tools-ARM-Embedded/bin/../lib/gcc/arm-none-eabi/13.3.1/thumb/v7e-m+fp/hard/crtbegin.o
 .text.register_tm_clones
                0x08000e04       0x24 D:/AppData/DevelopTool/GNU-Tools-ARM-Embedded/bin/../lib/gcc/arm-none-eabi/13.3.1/thumb/v7e-m+fp/hard/crtbegin.o
 .text.__do_global_dtors_aux
                0x08000e28       0x28 D:/AppData/DevelopTool/GNU-Tools-ARM-Embedded/bin/../lib/gcc/arm-none-eabi/13.3.1/thumb/v7e-m+fp/hard/crtbegin.o
 .text.frame_dummy
                0x08000e50       0x24 D:/AppData/DevelopTool/GNU-Tools-ARM-Embedded/bin/../lib/gcc/arm-none-eabi/13.3.1/thumb/v7e-m+fp/hard/crtbegin.o
 .text.chry_dap_state_init
                0x08000e74       0x58 CMakeFiles/F4_CherryDAP.elf.dir/Core/Src/dap_main.c.obj
 .text.dap_out_callback
                0x08000ecc       0x8c CMakeFiles/F4_CherryDAP.elf.dir/Core/Src/dap_main.c.obj
                0x08000ecc                dap_out_callback
 .text.usbd_event_handler
                0x08000f58       0x54 CMakeFiles/F4_CherryDAP.elf.dir/Core/Src/dap_main.c.obj
 .text.dap_in_callback
                0x08000fac       0x74 CMakeFiles/F4_CherryDAP.elf.dir/Core/Src/dap_main.c.obj
                0x08000fac                dap_in_callback
 .text.usbd_cdc_acm_bulk_out
                0x08001020       0x3c CMakeFiles/F4_CherryDAP.elf.dir/Core/Src/dap_main.c.obj
                0x08001020                usbd_cdc_acm_bulk_out
 .text.usbd_cdc_acm_bulk_in
                0x0800105c       0x68 CMakeFiles/F4_CherryDAP.elf.dir/Core/Src/dap_main.c.obj
                0x0800105c                usbd_cdc_acm_bulk_in
 .text.chry_dap_init
                0x080010c4       0xd0 CMakeFiles/F4_CherryDAP.elf.dir/Core/Src/dap_main.c.obj
                0x080010c4                chry_dap_init
 .text.chry_dap_handle
                0x08001194      0x16c CMakeFiles/F4_CherryDAP.elf.dir/Core/Src/dap_main.c.obj
                0x08001194                chry_dap_handle
 .text.usbd_cdc_acm_set_line_coding
                0x08001300       0x40 CMakeFiles/F4_CherryDAP.elf.dir/Core/Src/dap_main.c.obj
                0x08001300                usbd_cdc_acm_set_line_coding
 .text.usbd_cdc_acm_get_line_coding
                0x08001340       0x24 CMakeFiles/F4_CherryDAP.elf.dir/Core/Src/dap_main.c.obj
                0x08001340                usbd_cdc_acm_get_line_coding
 .text.serial_send_data
                0x08001364        0x2 CMakeFiles/F4_CherryDAP.elf.dir/Core/Src/dap_main.c.obj
                0x08001364                serial_send_data
 *fill*         0x08001366        0x2 
 .text.chry_dap_usb2uart_uart_send_complete
                0x08001368       0x3c CMakeFiles/F4_CherryDAP.elf.dir/Core/Src/dap_main.c.obj
                0x08001368                chry_dap_usb2uart_uart_send_complete
 .text.chry_dap_usb2uart_handle
                0x080013a4       0xe0 CMakeFiles/F4_CherryDAP.elf.dir/Core/Src/dap_main.c.obj
                0x080013a4                chry_dap_usb2uart_handle
 .text.MX_DMA_Init
                0x08001484       0x44 CMakeFiles/F4_CherryDAP.elf.dir/Core/Src/dma.c.obj
                0x08001484                MX_DMA_Init
 .text.ID_timeout
                0x080014c8       0x44 CMakeFiles/F4_CherryDAP.elf.dir/Core/Src/freertos.c.obj
 .text.DAPFun   0x0800150c       0x2c CMakeFiles/F4_CherryDAP.elf.dir/Core/Src/freertos.c.obj
                0x0800150c                DAPFun
 .text.UartTaskFun
                0x08001538       0x18 CMakeFiles/F4_CherryDAP.elf.dir/Core/Src/freertos.c.obj
                0x08001538                UartTaskFun
 .text.soft_reset_target
                0x08001550       0x40 CMakeFiles/F4_CherryDAP.elf.dir/Core/Src/freertos.c.obj
                0x08001550                soft_reset_target
 .text.vApplicationGetIdleTaskMemory
                0x08001590       0x18 CMakeFiles/F4_CherryDAP.elf.dir/Core/Src/freertos.c.obj
                0x08001590                vApplicationGetIdleTaskMemory
 .text.MX_FREERTOS_Init
                0x080015a8       0x64 CMakeFiles/F4_CherryDAP.elf.dir/Core/Src/freertos.c.obj
                0x080015a8                MX_FREERTOS_Init
 .text.MX_GPIO_Init
                0x0800160c       0xb8 CMakeFiles/F4_CherryDAP.elf.dir/Core/Src/gpio.c.obj
                0x0800160c                MX_GPIO_Init
 .text.usb_dc_low_level_init
                0x080016c4       0x78 CMakeFiles/F4_CherryDAP.elf.dir/Core/Src/main.c.obj
                0x080016c4                usb_dc_low_level_init
 .text.HAL_TIM_PeriodElapsedCallback
                0x0800173c       0x18 CMakeFiles/F4_CherryDAP.elf.dir/Core/Src/main.c.obj
                0x0800173c                HAL_TIM_PeriodElapsedCallback
 .text.Error_Handler
                0x08001754        0x4 CMakeFiles/F4_CherryDAP.elf.dir/Core/Src/main.c.obj
                0x08001754                Error_Handler
 .text.SystemClock_Config
                0x08001758       0xa8 CMakeFiles/F4_CherryDAP.elf.dir/Core/Src/main.c.obj
                0x08001758                SystemClock_Config
 .text.main     0x08001800       0x24 CMakeFiles/F4_CherryDAP.elf.dir/Core/Src/main.c.obj
                0x08001800                main
 .text.HAL_MspInit
                0x08001824       0x44 CMakeFiles/F4_CherryDAP.elf.dir/Core/Src/stm32f4xx_hal_msp.c.obj
                0x08001824                HAL_MspInit
 .text.HAL_InitTick
                0x08001868       0x98 CMakeFiles/F4_CherryDAP.elf.dir/Core/Src/stm32f4xx_hal_timebase_tim.c.obj
                0x08001868                HAL_InitTick
 .text.NMI_Handler
                0x08001900        0x2 CMakeFiles/F4_CherryDAP.elf.dir/Core/Src/stm32f4xx_it.c.obj
                0x08001900                NMI_Handler
 .text.HardFault_Handler
                0x08001902        0x2 CMakeFiles/F4_CherryDAP.elf.dir/Core/Src/stm32f4xx_it.c.obj
                0x08001902                HardFault_Handler
 .text.MemManage_Handler
                0x08001904        0x2 CMakeFiles/F4_CherryDAP.elf.dir/Core/Src/stm32f4xx_it.c.obj
                0x08001904                MemManage_Handler
 .text.BusFault_Handler
                0x08001906        0x2 CMakeFiles/F4_CherryDAP.elf.dir/Core/Src/stm32f4xx_it.c.obj
                0x08001906                BusFault_Handler
 .text.UsageFault_Handler
                0x08001908        0x2 CMakeFiles/F4_CherryDAP.elf.dir/Core/Src/stm32f4xx_it.c.obj
                0x08001908                UsageFault_Handler
 .text.DebugMon_Handler
                0x0800190a        0x2 CMakeFiles/F4_CherryDAP.elf.dir/Core/Src/stm32f4xx_it.c.obj
                0x0800190a                DebugMon_Handler
 .text.DMA1_Stream1_IRQHandler
                0x0800190c       0x10 CMakeFiles/F4_CherryDAP.elf.dir/Core/Src/stm32f4xx_it.c.obj
                0x0800190c                DMA1_Stream1_IRQHandler
 .text.DMA1_Stream3_IRQHandler
                0x0800191c       0x10 CMakeFiles/F4_CherryDAP.elf.dir/Core/Src/stm32f4xx_it.c.obj
                0x0800191c                DMA1_Stream3_IRQHandler
 .text.TIM1_UP_TIM10_IRQHandler
                0x0800192c       0x10 CMakeFiles/F4_CherryDAP.elf.dir/Core/Src/stm32f4xx_it.c.obj
                0x0800192c                TIM1_UP_TIM10_IRQHandler
 .text.USART1_IRQHandler
                0x0800193c       0x10 CMakeFiles/F4_CherryDAP.elf.dir/Core/Src/stm32f4xx_it.c.obj
                0x0800193c                USART1_IRQHandler
 .text.USART3_IRQHandler
                0x0800194c       0x88 CMakeFiles/F4_CherryDAP.elf.dir/Core/Src/stm32f4xx_it.c.obj
                0x0800194c                USART3_IRQHandler
 .text.OTG_FS_IRQHandler
                0x080019d4        0xa CMakeFiles/F4_CherryDAP.elf.dir/Core/Src/stm32f4xx_it.c.obj
                0x080019d4                OTG_FS_IRQHandler
 .text._getpid  0x080019de        0x4 CMakeFiles/F4_CherryDAP.elf.dir/Core/Src/syscalls.c.obj
                0x080019de                _getpid
 .text._kill    0x080019e2       0x10 CMakeFiles/F4_CherryDAP.elf.dir/Core/Src/syscalls.c.obj
                0x080019e2                _kill
 .text._exit    0x080019f2        0xc CMakeFiles/F4_CherryDAP.elf.dir/Core/Src/syscalls.c.obj
                0x080019f2                _exit
 .text._read    0x080019fe       0x20 CMakeFiles/F4_CherryDAP.elf.dir/Core/Src/syscalls.c.obj
                0x080019fe                _read
 .text._write   0x08001a1e       0x1c CMakeFiles/F4_CherryDAP.elf.dir/Core/Src/syscalls.c.obj
                0x08001a1e                _write
 .text._close   0x08001a3a        0x6 CMakeFiles/F4_CherryDAP.elf.dir/Core/Src/syscalls.c.obj
                0x08001a3a                _close
 .text._fstat   0x08001a40        0xa CMakeFiles/F4_CherryDAP.elf.dir/Core/Src/syscalls.c.obj
                0x08001a40                _fstat
 .text._isatty  0x08001a4a        0x4 CMakeFiles/F4_CherryDAP.elf.dir/Core/Src/syscalls.c.obj
                0x08001a4a                _isatty
 .text._lseek   0x08001a4e        0x4 CMakeFiles/F4_CherryDAP.elf.dir/Core/Src/syscalls.c.obj
                0x08001a4e                _lseek
 *fill*         0x08001a52        0x2 
 .text._sbrk    0x08001a54       0x48 CMakeFiles/F4_CherryDAP.elf.dir/Core/Src/sysmem.c.obj
                0x08001a54                _sbrk
 .text.SystemInit
                0x08001a9c       0x14 CMakeFiles/F4_CherryDAP.elf.dir/Core/Src/system_stm32f4xx.c.obj
                0x08001a9c                SystemInit
 .text.MX_USART1_UART_Init
                0x08001ab0       0x34 CMakeFiles/F4_CherryDAP.elf.dir/Core/Src/usart.c.obj
                0x08001ab0                MX_USART1_UART_Init
 .text.MX_USART3_UART_Init
                0x08001ae4       0x50 CMakeFiles/F4_CherryDAP.elf.dir/Core/Src/usart.c.obj
                0x08001ae4                MX_USART3_UART_Init
 .text.HAL_UART_MspInit
                0x08001b34      0x188 CMakeFiles/F4_CherryDAP.elf.dir/Core/Src/usart.c.obj
                0x08001b34                HAL_UART_MspInit
 .text.__io_putchar
                0x08001cbc       0x20 CMakeFiles/F4_CherryDAP.elf.dir/Core/Src/usart.c.obj
                0x08001cbc                __io_putchar
 .text.chry_dap_usb2uart_uart_config_callback
                0x08001cdc       0xbc CMakeFiles/F4_CherryDAP.elf.dir/Core/Src/usart.c.obj
                0x08001cdc                chry_dap_usb2uart_uart_config_callback
 .text.chry_dap_usb2uart_uart_send_bydma
                0x08001d98       0x1c CMakeFiles/F4_CherryDAP.elf.dir/Core/Src/usb2uart.c.obj
                0x08001d98                chry_dap_usb2uart_uart_send_bydma
 .text.HAL_UART_TxCpltCallback
                0x08001db4       0x20 CMakeFiles/F4_CherryDAP.elf.dir/Core/Src/usb2uart.c.obj
                0x08001db4                HAL_UART_TxCpltCallback
 .text.Reset_Handler
                0x08001dd4       0x50 CMakeFiles/F4_CherryDAP.elf.dir/Core/Startup/startup_stm32f407zgtx.s.obj
                0x08001dd4                Reset_Handler
 .text.Default_Handler
                0x08001e24        0x2 CMakeFiles/F4_CherryDAP.elf.dir/Core/Startup/startup_stm32f407zgtx.s.obj
                0x08001e24                RTC_Alarm_IRQHandler
                0x08001e24                HASH_RNG_IRQHandler
                0x08001e24                EXTI2_IRQHandler
                0x08001e24                TIM8_CC_IRQHandler
                0x08001e24                TIM1_CC_IRQHandler
                0x08001e24                DMA2_Stream5_IRQHandler
                0x08001e24                DMA1_Stream5_IRQHandler
                0x08001e24                PVD_IRQHandler
                0x08001e24                SDIO_IRQHandler
                0x08001e24                TAMP_STAMP_IRQHandler
                0x08001e24                CAN2_RX1_IRQHandler
                0x08001e24                EXTI3_IRQHandler
                0x08001e24                TIM8_TRG_COM_TIM14_IRQHandler
                0x08001e24                TIM8_UP_TIM13_IRQHandler
                0x08001e24                I2C3_ER_IRQHandler
                0x08001e24                EXTI0_IRQHandler
                0x08001e24                I2C2_EV_IRQHandler
                0x08001e24                DMA1_Stream2_IRQHandler
                0x08001e24                CAN1_RX0_IRQHandler
                0x08001e24                FPU_IRQHandler
                0x08001e24                OTG_HS_WKUP_IRQHandler
                0x08001e24                CAN2_SCE_IRQHandler
                0x08001e24                DMA2_Stream2_IRQHandler
                0x08001e24                SPI1_IRQHandler
                0x08001e24                TIM6_DAC_IRQHandler
                0x08001e24                TIM1_BRK_TIM9_IRQHandler
                0x08001e24                DCMI_IRQHandler
                0x08001e24                CAN2_RX0_IRQHandler
                0x08001e24                DMA2_Stream3_IRQHandler
                0x08001e24                USART6_IRQHandler
                0x08001e24                CAN1_RX1_IRQHandler
                0x08001e24                UART5_IRQHandler
                0x08001e24                DMA2_Stream0_IRQHandler
                0x08001e24                TIM4_IRQHandler
                0x08001e24                I2C1_EV_IRQHandler
                0x08001e24                DMA1_Stream6_IRQHandler
                0x08001e24                UART4_IRQHandler
                0x08001e24                TIM3_IRQHandler
                0x08001e24                RCC_IRQHandler
                0x08001e24                TIM8_BRK_TIM12_IRQHandler
                0x08001e24                Default_Handler
                0x08001e24                EXTI15_10_IRQHandler
                0x08001e24                ADC_IRQHandler
                0x08001e24                DMA1_Stream7_IRQHandler
                0x08001e24                TIM7_IRQHandler
                0x08001e24                CAN2_TX_IRQHandler
                0x08001e24                TIM5_IRQHandler
                0x08001e24                DMA2_Stream7_IRQHandler
                0x08001e24                I2C3_EV_IRQHandler
                0x08001e24                EXTI9_5_IRQHandler
                0x08001e24                RTC_WKUP_IRQHandler
                0x08001e24                ETH_WKUP_IRQHandler
                0x08001e24                SPI2_IRQHandler
                0x08001e24                OTG_HS_EP1_IN_IRQHandler
                0x08001e24                DMA1_Stream0_IRQHandler
                0x08001e24                CAN1_TX_IRQHandler
                0x08001e24                EXTI4_IRQHandler
                0x08001e24                FSMC_IRQHandler
                0x08001e24                ETH_IRQHandler
                0x08001e24                OTG_HS_EP1_OUT_IRQHandler
                0x08001e24                WWDG_IRQHandler
                0x08001e24                TIM2_IRQHandler
                0x08001e24                OTG_FS_WKUP_IRQHandler
                0x08001e24                TIM1_TRG_COM_TIM11_IRQHandler
                0x08001e24                OTG_HS_IRQHandler
                0x08001e24                EXTI1_IRQHandler
                0x08001e24                USART2_IRQHandler
                0x08001e24                I2C2_ER_IRQHandler
                0x08001e24                DMA2_Stream1_IRQHandler
                0x08001e24                CAN1_SCE_IRQHandler
                0x08001e24                FLASH_IRQHandler
                0x08001e24                DMA2_Stream4_IRQHandler
                0x08001e24                SPI3_IRQHandler
                0x08001e24                DMA1_Stream4_IRQHandler
                0x08001e24                I2C1_ER_IRQHandler
                0x08001e24                DMA2_Stream6_IRQHandler
 *fill*         0x08001e26        0x2 
 .text.HAL_Init
                0x08001e28       0x34 CMakeFiles/F4_CherryDAP.elf.dir/Drivers/STM32F4xx_HAL_Driver/Src/stm32f4xx_hal.c.obj
                0x08001e28                HAL_Init
 .text.HAL_IncTick
                0x08001e5c       0x18 CMakeFiles/F4_CherryDAP.elf.dir/Drivers/STM32F4xx_HAL_Driver/Src/stm32f4xx_hal.c.obj
                0x08001e5c                HAL_IncTick
 .text.HAL_GetTick
                0x08001e74        0xc CMakeFiles/F4_CherryDAP.elf.dir/Drivers/STM32F4xx_HAL_Driver/Src/stm32f4xx_hal.c.obj
                0x08001e74                HAL_GetTick
 .text.__NVIC_EnableIRQ
                0x08001e80       0x1c CMakeFiles/F4_CherryDAP.elf.dir/Drivers/STM32F4xx_HAL_Driver/Src/stm32f4xx_hal_cortex.c.obj
 .text.__NVIC_SetPriority
                0x08001e9c       0x28 CMakeFiles/F4_CherryDAP.elf.dir/Drivers/STM32F4xx_HAL_Driver/Src/stm32f4xx_hal_cortex.c.obj
 .text.NVIC_EncodePriority
                0x08001ec4       0x3e CMakeFiles/F4_CherryDAP.elf.dir/Drivers/STM32F4xx_HAL_Driver/Src/stm32f4xx_hal_cortex.c.obj
 *fill*         0x08001f02        0x2 
 .text.HAL_NVIC_SetPriorityGrouping
                0x08001f04       0x24 CMakeFiles/F4_CherryDAP.elf.dir/Drivers/STM32F4xx_HAL_Driver/Src/stm32f4xx_hal_cortex.c.obj
                0x08001f04                HAL_NVIC_SetPriorityGrouping
 .text.HAL_NVIC_SetPriority
                0x08001f28       0x20 CMakeFiles/F4_CherryDAP.elf.dir/Drivers/STM32F4xx_HAL_Driver/Src/stm32f4xx_hal_cortex.c.obj
                0x08001f28                HAL_NVIC_SetPriority
 .text.HAL_NVIC_EnableIRQ
                0x08001f48        0x8 CMakeFiles/F4_CherryDAP.elf.dir/Drivers/STM32F4xx_HAL_Driver/Src/stm32f4xx_hal_cortex.c.obj
                0x08001f48                HAL_NVIC_EnableIRQ
 .text.DMA_SetConfig
                0x08001f50       0x2c CMakeFiles/F4_CherryDAP.elf.dir/Drivers/STM32F4xx_HAL_Driver/Src/stm32f4xx_hal_dma.c.obj
 .text.DMA_CalcBaseAndBitshift
                0x08001f7c       0x3c CMakeFiles/F4_CherryDAP.elf.dir/Drivers/STM32F4xx_HAL_Driver/Src/stm32f4xx_hal_dma.c.obj
 .text.DMA_CheckFifoParam
                0x08001fb8       0x8e CMakeFiles/F4_CherryDAP.elf.dir/Drivers/STM32F4xx_HAL_Driver/Src/stm32f4xx_hal_dma.c.obj
 *fill*         0x08002046        0x2 
 .text.HAL_DMA_Init
                0x08002048       0xcc CMakeFiles/F4_CherryDAP.elf.dir/Drivers/STM32F4xx_HAL_Driver/Src/stm32f4xx_hal_dma.c.obj
                0x08002048                HAL_DMA_Init
 .text.HAL_DMA_Start_IT
                0x08002114       0x6a CMakeFiles/F4_CherryDAP.elf.dir/Drivers/STM32F4xx_HAL_Driver/Src/stm32f4xx_hal_dma.c.obj
                0x08002114                HAL_DMA_Start_IT
 .text.HAL_DMA_Abort
                0x0800217e       0x94 CMakeFiles/F4_CherryDAP.elf.dir/Drivers/STM32F4xx_HAL_Driver/Src/stm32f4xx_hal_dma.c.obj
                0x0800217e                HAL_DMA_Abort
 .text.HAL_DMA_Abort_IT
                0x08002212       0x26 CMakeFiles/F4_CherryDAP.elf.dir/Drivers/STM32F4xx_HAL_Driver/Src/stm32f4xx_hal_dma.c.obj
                0x08002212                HAL_DMA_Abort_IT
 .text.HAL_DMA_IRQHandler
                0x08002238      0x1dc CMakeFiles/F4_CherryDAP.elf.dir/Drivers/STM32F4xx_HAL_Driver/Src/stm32f4xx_hal_dma.c.obj
                0x08002238                HAL_DMA_IRQHandler
 .text.HAL_DMA_GetError
                0x08002414        0x4 CMakeFiles/F4_CherryDAP.elf.dir/Drivers/STM32F4xx_HAL_Driver/Src/stm32f4xx_hal_dma.c.obj
                0x08002414                HAL_DMA_GetError
 .text.HAL_GPIO_Init
                0x08002418      0x1ec CMakeFiles/F4_CherryDAP.elf.dir/Drivers/STM32F4xx_HAL_Driver/Src/stm32f4xx_hal_gpio.c.obj
                0x08002418                HAL_GPIO_Init
 .text.HAL_GPIO_WritePin
                0x08002604        0xc CMakeFiles/F4_CherryDAP.elf.dir/Drivers/STM32F4xx_HAL_Driver/Src/stm32f4xx_hal_gpio.c.obj
                0x08002604                HAL_GPIO_WritePin
 .text.HAL_GPIO_TogglePin
                0x08002610       0x12 CMakeFiles/F4_CherryDAP.elf.dir/Drivers/STM32F4xx_HAL_Driver/Src/stm32f4xx_hal_gpio.c.obj
                0x08002610                HAL_GPIO_TogglePin
 *fill*         0x08002622        0x2 
 .text.HAL_RCC_OscConfig
                0x08002624      0x3f8 CMakeFiles/F4_CherryDAP.elf.dir/Drivers/STM32F4xx_HAL_Driver/Src/stm32f4xx_hal_rcc.c.obj
                0x08002624                HAL_RCC_OscConfig
 .text.HAL_RCC_GetSysClockFreq
                0x08002a1c       0xdc CMakeFiles/F4_CherryDAP.elf.dir/Drivers/STM32F4xx_HAL_Driver/Src/stm32f4xx_hal_rcc.c.obj
                0x08002a1c                HAL_RCC_GetSysClockFreq
 .text.HAL_RCC_ClockConfig
                0x08002af8      0x160 CMakeFiles/F4_CherryDAP.elf.dir/Drivers/STM32F4xx_HAL_Driver/Src/stm32f4xx_hal_rcc.c.obj
                0x08002af8                HAL_RCC_ClockConfig
 .text.HAL_RCC_GetHCLKFreq
                0x08002c58        0xc CMakeFiles/F4_CherryDAP.elf.dir/Drivers/STM32F4xx_HAL_Driver/Src/stm32f4xx_hal_rcc.c.obj
                0x08002c58                HAL_RCC_GetHCLKFreq
 .text.HAL_RCC_GetPCLK1Freq
                0x08002c64       0x20 CMakeFiles/F4_CherryDAP.elf.dir/Drivers/STM32F4xx_HAL_Driver/Src/stm32f4xx_hal_rcc.c.obj
                0x08002c64                HAL_RCC_GetPCLK1Freq
 .text.HAL_RCC_GetPCLK2Freq
                0x08002c84       0x20 CMakeFiles/F4_CherryDAP.elf.dir/Drivers/STM32F4xx_HAL_Driver/Src/stm32f4xx_hal_rcc.c.obj
                0x08002c84                HAL_RCC_GetPCLK2Freq
 .text.HAL_RCC_GetClockConfig
                0x08002ca4       0x3c CMakeFiles/F4_CherryDAP.elf.dir/Drivers/STM32F4xx_HAL_Driver/Src/stm32f4xx_hal_rcc.c.obj
                0x08002ca4                HAL_RCC_GetClockConfig
 .text.HAL_TIM_Base_MspInit
                0x08002ce0        0x2 CMakeFiles/F4_CherryDAP.elf.dir/Drivers/STM32F4xx_HAL_Driver/Src/stm32f4xx_hal_tim.c.obj
                0x08002ce0                HAL_TIM_Base_MspInit
 *fill*         0x08002ce2        0x2 
 .text.HAL_TIM_Base_Start_IT
                0x08002ce4       0x88 CMakeFiles/F4_CherryDAP.elf.dir/Drivers/STM32F4xx_HAL_Driver/Src/stm32f4xx_hal_tim.c.obj
                0x08002ce4                HAL_TIM_Base_Start_IT
 .text.HAL_TIM_OC_DelayElapsedCallback
                0x08002d6c        0x2 CMakeFiles/F4_CherryDAP.elf.dir/Drivers/STM32F4xx_HAL_Driver/Src/stm32f4xx_hal_tim.c.obj
                0x08002d6c                HAL_TIM_OC_DelayElapsedCallback
 .text.HAL_TIM_IC_CaptureCallback
                0x08002d6e        0x2 CMakeFiles/F4_CherryDAP.elf.dir/Drivers/STM32F4xx_HAL_Driver/Src/stm32f4xx_hal_tim.c.obj
                0x08002d6e                HAL_TIM_IC_CaptureCallback
 .text.HAL_TIM_PWM_PulseFinishedCallback
                0x08002d70        0x2 CMakeFiles/F4_CherryDAP.elf.dir/Drivers/STM32F4xx_HAL_Driver/Src/stm32f4xx_hal_tim.c.obj
                0x08002d70                HAL_TIM_PWM_PulseFinishedCallback
 .text.HAL_TIM_TriggerCallback
                0x08002d72        0x2 CMakeFiles/F4_CherryDAP.elf.dir/Drivers/STM32F4xx_HAL_Driver/Src/stm32f4xx_hal_tim.c.obj
                0x08002d72                HAL_TIM_TriggerCallback
 .text.HAL_TIM_IRQHandler
                0x08002d74      0x15e CMakeFiles/F4_CherryDAP.elf.dir/Drivers/STM32F4xx_HAL_Driver/Src/stm32f4xx_hal_tim.c.obj
                0x08002d74                HAL_TIM_IRQHandler
 *fill*         0x08002ed2        0x2 
 .text.TIM_Base_SetConfig
                0x08002ed4       0xd8 CMakeFiles/F4_CherryDAP.elf.dir/Drivers/STM32F4xx_HAL_Driver/Src/stm32f4xx_hal_tim.c.obj
                0x08002ed4                TIM_Base_SetConfig
 .text.HAL_TIM_Base_Init
                0x08002fac       0x58 CMakeFiles/F4_CherryDAP.elf.dir/Drivers/STM32F4xx_HAL_Driver/Src/stm32f4xx_hal_tim.c.obj
                0x08002fac                HAL_TIM_Base_Init
 .text.HAL_TIMEx_CommutCallback
                0x08003004        0x2 CMakeFiles/F4_CherryDAP.elf.dir/Drivers/STM32F4xx_HAL_Driver/Src/stm32f4xx_hal_tim_ex.c.obj
                0x08003004                HAL_TIMEx_CommutCallback
 .text.HAL_TIMEx_BreakCallback
                0x08003006        0x2 CMakeFiles/F4_CherryDAP.elf.dir/Drivers/STM32F4xx_HAL_Driver/Src/stm32f4xx_hal_tim_ex.c.obj
                0x08003006                HAL_TIMEx_BreakCallback
 .text.UART_EndTxTransfer
                0x08003008       0x20 CMakeFiles/F4_CherryDAP.elf.dir/Drivers/STM32F4xx_HAL_Driver/Src/stm32f4xx_hal_uart.c.obj
 .text.UART_EndRxTransfer
                0x08003028       0x5c CMakeFiles/F4_CherryDAP.elf.dir/Drivers/STM32F4xx_HAL_Driver/Src/stm32f4xx_hal_uart.c.obj
 .text.UART_Transmit_IT
                0x08003084       0x60 CMakeFiles/F4_CherryDAP.elf.dir/Drivers/STM32F4xx_HAL_Driver/Src/stm32f4xx_hal_uart.c.obj
 .text.UART_SetConfig
                0x080030e4      0x110 CMakeFiles/F4_CherryDAP.elf.dir/Drivers/STM32F4xx_HAL_Driver/Src/stm32f4xx_hal_uart.c.obj
 .text.UART_WaitOnFlagUntilTimeout
                0x080031f4       0x86 CMakeFiles/F4_CherryDAP.elf.dir/Drivers/STM32F4xx_HAL_Driver/Src/stm32f4xx_hal_uart.c.obj
 .text.HAL_UART_Init
                0x0800327a       0x60 CMakeFiles/F4_CherryDAP.elf.dir/Drivers/STM32F4xx_HAL_Driver/Src/stm32f4xx_hal_uart.c.obj
                0x0800327a                HAL_UART_Init
 .text.HAL_UART_Transmit
                0x080032da       0xcc CMakeFiles/F4_CherryDAP.elf.dir/Drivers/STM32F4xx_HAL_Driver/Src/stm32f4xx_hal_uart.c.obj
                0x080032da                HAL_UART_Transmit
 *fill*         0x080033a6        0x2 
 .text.HAL_UART_Transmit_DMA
                0x080033a8       0x84 CMakeFiles/F4_CherryDAP.elf.dir/Drivers/STM32F4xx_HAL_Driver/Src/stm32f4xx_hal_uart.c.obj
                0x080033a8                HAL_UART_Transmit_DMA
 .text.HAL_UART_AbortReceive
                0x0800342c       0xa6 CMakeFiles/F4_CherryDAP.elf.dir/Drivers/STM32F4xx_HAL_Driver/Src/stm32f4xx_hal_uart.c.obj
                0x0800342c                HAL_UART_AbortReceive
 .text.UART_DMATransmitCplt
                0x080034d2       0x4c CMakeFiles/F4_CherryDAP.elf.dir/Drivers/STM32F4xx_HAL_Driver/Src/stm32f4xx_hal_uart.c.obj
 .text.UART_EndTransmit_IT
                0x0800351e       0x1a CMakeFiles/F4_CherryDAP.elf.dir/Drivers/STM32F4xx_HAL_Driver/Src/stm32f4xx_hal_uart.c.obj
 .text.HAL_UART_TxHalfCpltCallback
                0x08003538        0x2 CMakeFiles/F4_CherryDAP.elf.dir/Drivers/STM32F4xx_HAL_Driver/Src/stm32f4xx_hal_uart.c.obj
                0x08003538                HAL_UART_TxHalfCpltCallback
 .text.UART_DMATxHalfCplt
                0x0800353a        0xa CMakeFiles/F4_CherryDAP.elf.dir/Drivers/STM32F4xx_HAL_Driver/Src/stm32f4xx_hal_uart.c.obj
 .text.HAL_UART_RxCpltCallback
                0x08003544        0x2 CMakeFiles/F4_CherryDAP.elf.dir/Drivers/STM32F4xx_HAL_Driver/Src/stm32f4xx_hal_uart.c.obj
                0x08003544                HAL_UART_RxCpltCallback
 .text.HAL_UART_RxHalfCpltCallback
                0x08003546        0x2 CMakeFiles/F4_CherryDAP.elf.dir/Drivers/STM32F4xx_HAL_Driver/Src/stm32f4xx_hal_uart.c.obj
                0x08003546                HAL_UART_RxHalfCpltCallback
 .text.HAL_UART_ErrorCallback
                0x08003548        0x2 CMakeFiles/F4_CherryDAP.elf.dir/Drivers/STM32F4xx_HAL_Driver/Src/stm32f4xx_hal_uart.c.obj
                0x08003548                HAL_UART_ErrorCallback
 .text.UART_DMAError
                0x0800354a       0x58 CMakeFiles/F4_CherryDAP.elf.dir/Drivers/STM32F4xx_HAL_Driver/Src/stm32f4xx_hal_uart.c.obj
 .text.UART_DMAAbortOnError
                0x080035a2       0x10 CMakeFiles/F4_CherryDAP.elf.dir/Drivers/STM32F4xx_HAL_Driver/Src/stm32f4xx_hal_uart.c.obj
 .text.HAL_UARTEx_RxEventCallback
                0x080035b2        0x2 CMakeFiles/F4_CherryDAP.elf.dir/Drivers/STM32F4xx_HAL_Driver/Src/stm32f4xx_hal_uart.c.obj
                0x080035b2                HAL_UARTEx_RxEventCallback
 .text.UART_Receive_IT
                0x080035b4       0xe6 CMakeFiles/F4_CherryDAP.elf.dir/Drivers/STM32F4xx_HAL_Driver/Src/stm32f4xx_hal_uart.c.obj
 *fill*         0x0800369a        0x2 
 .text.HAL_UART_IRQHandler
                0x0800369c      0x284 CMakeFiles/F4_CherryDAP.elf.dir/Drivers/STM32F4xx_HAL_Driver/Src/stm32f4xx_hal_uart.c.obj
                0x0800369c                HAL_UART_IRQHandler
 .text.UART_DMARxHalfCplt
                0x08003920       0x1e CMakeFiles/F4_CherryDAP.elf.dir/Drivers/STM32F4xx_HAL_Driver/Src/stm32f4xx_hal_uart.c.obj
 .text.UART_DMAReceiveCplt
                0x0800393e       0x9a CMakeFiles/F4_CherryDAP.elf.dir/Drivers/STM32F4xx_HAL_Driver/Src/stm32f4xx_hal_uart.c.obj
 .text.UART_Start_Receive_DMA
                0x080039d8       0xa4 CMakeFiles/F4_CherryDAP.elf.dir/Drivers/STM32F4xx_HAL_Driver/Src/stm32f4xx_hal_uart.c.obj
                0x080039d8                UART_Start_Receive_DMA
 .text.HAL_UART_Receive_DMA
                0x08003a7c       0x26 CMakeFiles/F4_CherryDAP.elf.dir/Drivers/STM32F4xx_HAL_Driver/Src/stm32f4xx_hal_uart.c.obj
                0x08003a7c                HAL_UART_Receive_DMA
 .text.makeFreeRtosPriority
                0x08003aa2        0xc CMakeFiles/F4_CherryDAP.elf.dir/Middlewares/Third_Party/FreeRTOS/Source/CMSIS_RTOS/cmsis_os.c.obj
 .text.osKernelStart
                0x08003aae        0xa CMakeFiles/F4_CherryDAP.elf.dir/Middlewares/Third_Party/FreeRTOS/Source/CMSIS_RTOS/cmsis_os.c.obj
                0x08003aae                osKernelStart
 .text.osThreadCreate
                0x08003ab8       0x66 CMakeFiles/F4_CherryDAP.elf.dir/Middlewares/Third_Party/FreeRTOS/Source/CMSIS_RTOS/cmsis_os.c.obj
                0x08003ab8                osThreadCreate
 .text.osDelay  0x08003b1e        0xe CMakeFiles/F4_CherryDAP.elf.dir/Middlewares/Third_Party/FreeRTOS/Source/CMSIS_RTOS/cmsis_os.c.obj
                0x08003b1e                osDelay
 .text.vListInitialise
                0x08003b2c       0x16 CMakeFiles/F4_CherryDAP.elf.dir/Middlewares/Third_Party/FreeRTOS/Source/list.c.obj
                0x08003b2c                vListInitialise
 .text.vListInitialiseItem
                0x08003b42        0x6 CMakeFiles/F4_CherryDAP.elf.dir/Middlewares/Third_Party/FreeRTOS/Source/list.c.obj
                0x08003b42                vListInitialiseItem
 .text.vListInsertEnd
                0x08003b48       0x16 CMakeFiles/F4_CherryDAP.elf.dir/Middlewares/Third_Party/FreeRTOS/Source/list.c.obj
                0x08003b48                vListInsertEnd
 .text.vListInsert
                0x08003b5e       0x32 CMakeFiles/F4_CherryDAP.elf.dir/Middlewares/Third_Party/FreeRTOS/Source/list.c.obj
                0x08003b5e                vListInsert
 .text.uxListRemove
                0x08003b90       0x26 CMakeFiles/F4_CherryDAP.elf.dir/Middlewares/Third_Party/FreeRTOS/Source/list.c.obj
                0x08003b90                uxListRemove
 *fill*         0x08003bb6        0x2 
 .text.prvTaskExitError
                0x08003bb8       0x40 CMakeFiles/F4_CherryDAP.elf.dir/Middlewares/Third_Party/FreeRTOS/Source/portable/GCC/ARM_CM4F/port.c.obj
 .text.prvPortStartFirstTask
                0x08003bf8       0x28 CMakeFiles/F4_CherryDAP.elf.dir/Middlewares/Third_Party/FreeRTOS/Source/portable/GCC/ARM_CM4F/port.c.obj
 .text.vPortEnableVFP
                0x08003c20       0x14 CMakeFiles/F4_CherryDAP.elf.dir/Middlewares/Third_Party/FreeRTOS/Source/portable/GCC/ARM_CM4F/port.c.obj
 .text.pxPortInitialiseStack
                0x08003c34       0x2c CMakeFiles/F4_CherryDAP.elf.dir/Middlewares/Third_Party/FreeRTOS/Source/portable/GCC/ARM_CM4F/port.c.obj
                0x08003c34                pxPortInitialiseStack
 .text.SVC_Handler
                0x08003c60       0x24 CMakeFiles/F4_CherryDAP.elf.dir/Middlewares/Third_Party/FreeRTOS/Source/portable/GCC/ARM_CM4F/port.c.obj
                0x08003c60                SVC_Handler
 .text.vPortEnterCritical
                0x08003c84       0x44 CMakeFiles/F4_CherryDAP.elf.dir/Middlewares/Third_Party/FreeRTOS/Source/portable/GCC/ARM_CM4F/port.c.obj
                0x08003c84                vPortEnterCritical
 .text.vPortExitCritical
                0x08003cc8       0x2c CMakeFiles/F4_CherryDAP.elf.dir/Middlewares/Third_Party/FreeRTOS/Source/portable/GCC/ARM_CM4F/port.c.obj
                0x08003cc8                vPortExitCritical
 *fill*         0x08003cf4        0xc 
 .text.PendSV_Handler
                0x08003d00       0x64 CMakeFiles/F4_CherryDAP.elf.dir/Middlewares/Third_Party/FreeRTOS/Source/portable/GCC/ARM_CM4F/port.c.obj
                0x08003d00                PendSV_Handler
 .text.SysTick_Handler
                0x08003d64       0x2c CMakeFiles/F4_CherryDAP.elf.dir/Middlewares/Third_Party/FreeRTOS/Source/portable/GCC/ARM_CM4F/port.c.obj
                0x08003d64                SysTick_Handler
 .text.vPortSetupTimerInterrupt
                0x08003d90       0x28 CMakeFiles/F4_CherryDAP.elf.dir/Middlewares/Third_Party/FreeRTOS/Source/portable/GCC/ARM_CM4F/port.c.obj
                0x08003d90                vPortSetupTimerInterrupt
 .text.xPortStartScheduler
                0x08003db8      0x118 CMakeFiles/F4_CherryDAP.elf.dir/Middlewares/Third_Party/FreeRTOS/Source/portable/GCC/ARM_CM4F/port.c.obj
                0x08003db8                xPortStartScheduler
 .text.prvHeapInit
                0x08003ed0       0x64 CMakeFiles/F4_CherryDAP.elf.dir/Middlewares/Third_Party/FreeRTOS/Source/portable/MemMang/heap_4.c.obj
 .text.prvInsertBlockIntoFreeList
                0x08003f34       0x64 CMakeFiles/F4_CherryDAP.elf.dir/Middlewares/Third_Party/FreeRTOS/Source/portable/MemMang/heap_4.c.obj
 .text.pvPortMalloc
                0x08003f98      0x104 CMakeFiles/F4_CherryDAP.elf.dir/Middlewares/Third_Party/FreeRTOS/Source/portable/MemMang/heap_4.c.obj
                0x08003f98                pvPortMalloc
 .text.vPortFree
                0x0800409c       0x7c CMakeFiles/F4_CherryDAP.elf.dir/Middlewares/Third_Party/FreeRTOS/Source/portable/MemMang/heap_4.c.obj
                0x0800409c                vPortFree
 .text.prvResetNextTaskUnblockTime
                0x08004118       0x2c CMakeFiles/F4_CherryDAP.elf.dir/Middlewares/Third_Party/FreeRTOS/Source/tasks.c.obj
 .text.prvInitialiseNewTask
                0x08004144       0xfc CMakeFiles/F4_CherryDAP.elf.dir/Middlewares/Third_Party/FreeRTOS/Source/tasks.c.obj
 .text.prvInitialiseTaskLists
                0x08004240       0x68 CMakeFiles/F4_CherryDAP.elf.dir/Middlewares/Third_Party/FreeRTOS/Source/tasks.c.obj
 .text.prvAddNewTaskToReadyList
                0x080042a8       0xa8 CMakeFiles/F4_CherryDAP.elf.dir/Middlewares/Third_Party/FreeRTOS/Source/tasks.c.obj
 .text.prvDeleteTCB
                0x08004350       0x40 CMakeFiles/F4_CherryDAP.elf.dir/Middlewares/Third_Party/FreeRTOS/Source/tasks.c.obj
 .text.prvCheckTasksWaitingTermination
                0x08004390       0x4c CMakeFiles/F4_CherryDAP.elf.dir/Middlewares/Third_Party/FreeRTOS/Source/tasks.c.obj
 .text.prvIdleTask
                0x080043dc       0x28 CMakeFiles/F4_CherryDAP.elf.dir/Middlewares/Third_Party/FreeRTOS/Source/tasks.c.obj
 .text.prvAddCurrentTaskToDelayedList
                0x08004404       0x98 CMakeFiles/F4_CherryDAP.elf.dir/Middlewares/Third_Party/FreeRTOS/Source/tasks.c.obj
 .text.xTaskCreateStatic
                0x0800449c       0x7a CMakeFiles/F4_CherryDAP.elf.dir/Middlewares/Third_Party/FreeRTOS/Source/tasks.c.obj
                0x0800449c                xTaskCreateStatic
 .text.xTaskCreate
                0x08004516       0x66 CMakeFiles/F4_CherryDAP.elf.dir/Middlewares/Third_Party/FreeRTOS/Source/tasks.c.obj
                0x08004516                xTaskCreate
 .text.vTaskStartScheduler
                0x0800457c       0x84 CMakeFiles/F4_CherryDAP.elf.dir/Middlewares/Third_Party/FreeRTOS/Source/tasks.c.obj
                0x0800457c                vTaskStartScheduler
 .text.vTaskSuspendAll
                0x08004600       0x10 CMakeFiles/F4_CherryDAP.elf.dir/Middlewares/Third_Party/FreeRTOS/Source/tasks.c.obj
                0x08004600                vTaskSuspendAll
 .text.xTaskGetTickCount
                0x08004610        0xc CMakeFiles/F4_CherryDAP.elf.dir/Middlewares/Third_Party/FreeRTOS/Source/tasks.c.obj
                0x08004610                xTaskGetTickCount
 .text.xTaskIncrementTick
                0x0800461c      0x118 CMakeFiles/F4_CherryDAP.elf.dir/Middlewares/Third_Party/FreeRTOS/Source/tasks.c.obj
                0x0800461c                xTaskIncrementTick
 .text.xTaskResumeAll
                0x08004734       0xf8 CMakeFiles/F4_CherryDAP.elf.dir/Middlewares/Third_Party/FreeRTOS/Source/tasks.c.obj
                0x08004734                xTaskResumeAll
 .text.vTaskDelay
                0x0800482c       0x4c CMakeFiles/F4_CherryDAP.elf.dir/Middlewares/Third_Party/FreeRTOS/Source/tasks.c.obj
                0x0800482c                vTaskDelay
 .text.vTaskSwitchContext
                0x08004878       0xa4 CMakeFiles/F4_CherryDAP.elf.dir/Middlewares/Third_Party/FreeRTOS/Source/tasks.c.obj
                0x08004878                vTaskSwitchContext
 .text.chry_ringbuffer_init
                0x0800491c       0x3a CMakeFiles/F4_CherryDAP.elf.dir/Package/CherryRB/chry_ringbuffer.c.obj
                0x0800491c                chry_ringbuffer_init
 .text.chry_ringbuffer_get_used
                0x08004956        0x8 CMakeFiles/F4_CherryDAP.elf.dir/Package/CherryRB/chry_ringbuffer.c.obj
                0x08004956                chry_ringbuffer_get_used
 .text.chry_ringbuffer_get_free
                0x0800495e        0xe CMakeFiles/F4_CherryDAP.elf.dir/Package/CherryRB/chry_ringbuffer.c.obj
                0x0800495e                chry_ringbuffer_get_free
 .text.chry_ringbuffer_write
                0x0800496c       0x48 CMakeFiles/F4_CherryDAP.elf.dir/Package/CherryRB/chry_ringbuffer.c.obj
                0x0800496c                chry_ringbuffer_write
 .text.chry_ringbuffer_drop
                0x080049b4       0x1a CMakeFiles/F4_CherryDAP.elf.dir/Package/CherryRB/chry_ringbuffer.c.obj
                0x080049b4                chry_ringbuffer_drop
 .text.chry_ringbuffer_linear_read_setup
                0x080049ce       0x30 CMakeFiles/F4_CherryDAP.elf.dir/Package/CherryRB/chry_ringbuffer.c.obj
                0x080049ce                chry_ringbuffer_linear_read_setup
 .text.chry_ringbuffer_linear_read_done
                0x080049fe        0x8 CMakeFiles/F4_CherryDAP.elf.dir/Package/CherryRB/chry_ringbuffer.c.obj
                0x080049fe                chry_ringbuffer_linear_read_done
 *fill*         0x08004a06        0x2 
 .text.usbd_cdc_acm_init_intf
                0x08004a08       0x14 CMakeFiles/F4_CherryDAP.elf.dir/Package/CherryUSB/class/cdc/usbd_cdc.c.obj
                0x08004a08                usbd_cdc_acm_init_intf
 .text.usbd_cdc_acm_set_dtr
                0x08004a1c        0x2 CMakeFiles/F4_CherryDAP.elf.dir/Package/CherryUSB/class/cdc/usbd_cdc.c.obj
                0x08004a1c                usbd_cdc_acm_set_dtr
 .text.usbd_cdc_acm_set_rts
                0x08004a1e        0x2 CMakeFiles/F4_CherryDAP.elf.dir/Package/CherryUSB/class/cdc/usbd_cdc.c.obj
                0x08004a1e                usbd_cdc_acm_set_rts
 .text.usbd_cdc_acm_send_break
                0x08004a20        0x2 CMakeFiles/F4_CherryDAP.elf.dir/Package/CherryUSB/class/cdc/usbd_cdc.c.obj
                0x08004a20                usbd_cdc_acm_send_break
 *fill*         0x08004a22        0x2 
 .text.cdc_acm_class_interface_request_handler
                0x08004a24      0x108 CMakeFiles/F4_CherryDAP.elf.dir/Package/CherryUSB/class/cdc/usbd_cdc.c.obj
 .text.is_device_configured
                0x08004b2c       0x1c CMakeFiles/F4_CherryDAP.elf.dir/Package/CherryUSB/core/usbd_core.c.obj
 .text.usbd_class_request_handler
                0x08004b48       0xb0 CMakeFiles/F4_CherryDAP.elf.dir/Package/CherryUSB/core/usbd_core.c.obj
 .text.usbd_class_event_notify_handler
                0x08004bf8       0x70 CMakeFiles/F4_CherryDAP.elf.dir/Package/CherryUSB/core/usbd_core.c.obj
 .text.usbd_set_endpoint
                0x08004c68       0xa0 CMakeFiles/F4_CherryDAP.elf.dir/Package/CherryUSB/core/usbd_core.c.obj
 .text.usbd_set_configuration
                0x08004d08       0x74 CMakeFiles/F4_CherryDAP.elf.dir/Package/CherryUSB/core/usbd_core.c.obj
 .text.usbd_get_descriptor
                0x08004d7c       0xe4 CMakeFiles/F4_CherryDAP.elf.dir/Package/CherryUSB/core/usbd_core.c.obj
 .text.usbd_std_device_req_handler
                0x08004e60       0xe4 CMakeFiles/F4_CherryDAP.elf.dir/Package/CherryUSB/core/usbd_core.c.obj
 .text.usbd_print_setup
                0x08004f44       0x38 CMakeFiles/F4_CherryDAP.elf.dir/Package/CherryUSB/core/usbd_core.c.obj
 .text.usbd_vendor_request_handler
                0x08004f7c      0x170 CMakeFiles/F4_CherryDAP.elf.dir/Package/CherryUSB/core/usbd_core.c.obj
 .text.usbd_event_ep0_in_complete_handler
                0x080050ec       0x74 CMakeFiles/F4_CherryDAP.elf.dir/Package/CherryUSB/core/usbd_core.c.obj
                0x080050ec                usbd_event_ep0_in_complete_handler
 .text.usbd_reset_endpoint
                0x08005160       0x10 CMakeFiles/F4_CherryDAP.elf.dir/Package/CherryUSB/core/usbd_core.c.obj
 .text.usbd_set_interface
                0x08005170       0x9c CMakeFiles/F4_CherryDAP.elf.dir/Package/CherryUSB/core/usbd_core.c.obj
 .text.usbd_std_interface_req_handler
                0x0800520c       0xcc CMakeFiles/F4_CherryDAP.elf.dir/Package/CherryUSB/core/usbd_core.c.obj
 .text.usbd_std_endpoint_req_handler
                0x080052d8       0xa4 CMakeFiles/F4_CherryDAP.elf.dir/Package/CherryUSB/core/usbd_core.c.obj
 .text.usbd_standard_request_handler
                0x0800537c       0x48 CMakeFiles/F4_CherryDAP.elf.dir/Package/CherryUSB/core/usbd_core.c.obj
 .text.usbd_setup_request_handler
                0x080053c4       0xb8 CMakeFiles/F4_CherryDAP.elf.dir/Package/CherryUSB/core/usbd_core.c.obj
 .text.usbd_event_ep0_out_complete_handler
                0x0800547c       0x70 CMakeFiles/F4_CherryDAP.elf.dir/Package/CherryUSB/core/usbd_core.c.obj
                0x0800547c                usbd_event_ep0_out_complete_handler
 .text.usbd_event_reset_handler
                0x080054ec       0x6c CMakeFiles/F4_CherryDAP.elf.dir/Package/CherryUSB/core/usbd_core.c.obj
                0x080054ec                usbd_event_reset_handler
 .text.usbd_event_ep0_setup_complete_handler
                0x08005558      0x130 CMakeFiles/F4_CherryDAP.elf.dir/Package/CherryUSB/core/usbd_core.c.obj
                0x08005558                usbd_event_ep0_setup_complete_handler
 .text.usbd_event_ep_in_complete_handler
                0x08005688       0x28 CMakeFiles/F4_CherryDAP.elf.dir/Package/CherryUSB/core/usbd_core.c.obj
                0x08005688                usbd_event_ep_in_complete_handler
 .text.usbd_event_ep_out_complete_handler
                0x080056b0       0x28 CMakeFiles/F4_CherryDAP.elf.dir/Package/CherryUSB/core/usbd_core.c.obj
                0x080056b0                usbd_event_ep_out_complete_handler
 .text.usbd_desc_register
                0x080056d8       0x44 CMakeFiles/F4_CherryDAP.elf.dir/Package/CherryUSB/core/usbd_core.c.obj
                0x080056d8                usbd_desc_register
 .text.usbd_msosv2_desc_register
                0x0800571c       0x14 CMakeFiles/F4_CherryDAP.elf.dir/Package/CherryUSB/core/usbd_core.c.obj
                0x0800571c                usbd_msosv2_desc_register
 .text.usbd_bos_desc_register
                0x08005730       0x14 CMakeFiles/F4_CherryDAP.elf.dir/Package/CherryUSB/core/usbd_core.c.obj
                0x08005730                usbd_bos_desc_register
 .text.usbd_add_interface
                0x08005744       0x34 CMakeFiles/F4_CherryDAP.elf.dir/Package/CherryUSB/core/usbd_core.c.obj
                0x08005744                usbd_add_interface
 .text.usbd_add_endpoint
                0x08005778       0x70 CMakeFiles/F4_CherryDAP.elf.dir/Package/CherryUSB/core/usbd_core.c.obj
                0x08005778                usbd_add_endpoint
 .text.usbd_initialize
                0x080057e8       0x64 CMakeFiles/F4_CherryDAP.elf.dir/Package/CherryUSB/core/usbd_core.c.obj
                0x080057e8                usbd_initialize
 .text.dwc2_reset
                0x0800584c       0x58 CMakeFiles/F4_CherryDAP.elf.dir/Package/CherryUSB/port/dwc2/usb_dc_dwc2.c.obj
 .text.dwc2_core_init
                0x080058a4       0x18 CMakeFiles/F4_CherryDAP.elf.dir/Package/CherryUSB/port/dwc2/usb_dc_dwc2.c.obj
 .text.dwc2_flush_rxfifo
                0x080058bc       0x38 CMakeFiles/F4_CherryDAP.elf.dir/Package/CherryUSB/port/dwc2/usb_dc_dwc2.c.obj
 .text.dwc2_flush_txfifo
                0x080058f4       0x3c CMakeFiles/F4_CherryDAP.elf.dir/Package/CherryUSB/port/dwc2/usb_dc_dwc2.c.obj
 .text.dwc2_set_turnaroundtime
                0x08005930       0xf4 CMakeFiles/F4_CherryDAP.elf.dir/Package/CherryUSB/port/dwc2/usb_dc_dwc2.c.obj
 .text.dwc2_get_devspeed
                0x08005a24       0x2c CMakeFiles/F4_CherryDAP.elf.dir/Package/CherryUSB/port/dwc2/usb_dc_dwc2.c.obj
 .text.dwc2_ep0_start_read_setup
                0x08005a50       0x34 CMakeFiles/F4_CherryDAP.elf.dir/Package/CherryUSB/port/dwc2/usb_dc_dwc2.c.obj
 .text.dwc2_get_inep_intstatus
                0x08005a84       0x2c CMakeFiles/F4_CherryDAP.elf.dir/Package/CherryUSB/port/dwc2/usb_dc_dwc2.c.obj
 .text.dwc2_set_txfifo
                0x08005ab0       0x70 CMakeFiles/F4_CherryDAP.elf.dir/Package/CherryUSB/port/dwc2/usb_dc_dwc2.c.obj
 .text.dwc2_ep_write
                0x08005b20       0x34 CMakeFiles/F4_CherryDAP.elf.dir/Package/CherryUSB/port/dwc2/usb_dc_dwc2.c.obj
                0x08005b20                dwc2_ep_write
 .text.dwc2_tx_fifo_empty_procecss
                0x08005b54       0xbc CMakeFiles/F4_CherryDAP.elf.dir/Package/CherryUSB/port/dwc2/usb_dc_dwc2.c.obj
 .text.dwc2_ep_read
                0x08005c10       0x24 CMakeFiles/F4_CherryDAP.elf.dir/Package/CherryUSB/port/dwc2/usb_dc_dwc2.c.obj
                0x08005c10                dwc2_ep_read
 .text.usb_dc_init
                0x08005c34      0x290 CMakeFiles/F4_CherryDAP.elf.dir/Package/CherryUSB/port/dwc2/usb_dc_dwc2.c.obj
                0x08005c34                usb_dc_init
 .text.usbd_set_address
                0x08005ec4       0x2c CMakeFiles/F4_CherryDAP.elf.dir/Package/CherryUSB/port/dwc2/usb_dc_dwc2.c.obj
                0x08005ec4                usbd_set_address
 .text.usbd_ep_open
                0x08005ef0      0x15c CMakeFiles/F4_CherryDAP.elf.dir/Package/CherryUSB/port/dwc2/usb_dc_dwc2.c.obj
                0x08005ef0                usbd_ep_open
 .text.usbd_ep_close
                0x0800604c      0x14c CMakeFiles/F4_CherryDAP.elf.dir/Package/CherryUSB/port/dwc2/usb_dc_dwc2.c.obj
                0x0800604c                usbd_ep_close
 .text.usbd_ep_set_stall
                0x08006198       0x78 CMakeFiles/F4_CherryDAP.elf.dir/Package/CherryUSB/port/dwc2/usb_dc_dwc2.c.obj
                0x08006198                usbd_ep_set_stall
 .text.usbd_ep_clear_stall
                0x08006210       0x8c CMakeFiles/F4_CherryDAP.elf.dir/Package/CherryUSB/port/dwc2/usb_dc_dwc2.c.obj
                0x08006210                usbd_ep_clear_stall
 .text.usbd_ep_start_write
                0x0800629c      0x1a0 CMakeFiles/F4_CherryDAP.elf.dir/Package/CherryUSB/port/dwc2/usb_dc_dwc2.c.obj
                0x0800629c                usbd_ep_start_write
 .text.usbd_ep_start_read
                0x0800643c      0x174 CMakeFiles/F4_CherryDAP.elf.dir/Package/CherryUSB/port/dwc2/usb_dc_dwc2.c.obj
                0x0800643c                usbd_ep_start_read
 .text.USBD_IRQHandler
                0x080065b0      0x4c0 CMakeFiles/F4_CherryDAP.elf.dir/Package/CherryUSB/port/dwc2/usb_dc_dwc2.c.obj
                0x080065b0                USBD_IRQHandler
 .text.usbd_get_dwc2_gccfg_conf
                0x08006a70        0x6 CMakeFiles/F4_CherryDAP.elf.dir/Package/CherryUSB/port/dwc2/usb_glue_st.c.obj
                0x08006a70                usbd_get_dwc2_gccfg_conf
 *fill*         0x08006a76        0x2 
 .text.Set_Clock_Delay
                0x08006a78       0x44 CMakeFiles/F4_CherryDAP.elf.dir/Package/DAPLink/Source/DAP.c.obj
 .text.DAP_Info
                0x08006abc       0x78 CMakeFiles/F4_CherryDAP.elf.dir/Package/DAPLink/Source/DAP.c.obj
 .text.DAP_Delay
                0x08006b34       0x20 CMakeFiles/F4_CherryDAP.elf.dir/Package/DAPLink/Source/DAP.c.obj
 .text.DAP_HostStatus
                0x08006b54       0x2c CMakeFiles/F4_CherryDAP.elf.dir/Package/DAPLink/Source/DAP.c.obj
 .text.DAP_ResetTarget
                0x08006b80        0xc CMakeFiles/F4_CherryDAP.elf.dir/Package/DAPLink/Source/DAP.c.obj
 .text.DAP_SWJ_Clock
                0x08006b8c       0x30 CMakeFiles/F4_CherryDAP.elf.dir/Package/DAPLink/Source/DAP.c.obj
 .text.DAP_SWD_Configure
                0x08006bbc       0x20 CMakeFiles/F4_CherryDAP.elf.dir/Package/DAPLink/Source/DAP.c.obj
 .text.DAP_JTAG_Configure
                0x08006bdc       0x60 CMakeFiles/F4_CherryDAP.elf.dir/Package/DAPLink/Source/DAP.c.obj
 .text.DAP_TransferConfigure
                0x08006c3c       0x2c CMakeFiles/F4_CherryDAP.elf.dir/Package/DAPLink/Source/DAP.c.obj
 .text.DAP_Dummy_Transfer
                0x08006c68       0x3c CMakeFiles/F4_CherryDAP.elf.dir/Package/DAPLink/Source/DAP.c.obj
 .text.PORT_SWD_SETUP
                0x08006ca4       0x88 CMakeFiles/F4_CherryDAP.elf.dir/Package/DAPLink/Source/DAP.c.obj
 .text.PORT_JTAG_SETUP
                0x08006d2c       0x9c CMakeFiles/F4_CherryDAP.elf.dir/Package/DAPLink/Source/DAP.c.obj
 .text.DAP_Connect
                0x08006dc8       0x3c CMakeFiles/F4_CherryDAP.elf.dir/Package/DAPLink/Source/DAP.c.obj
 .text.PORT_OFF
                0x08006e04       0x68 CMakeFiles/F4_CherryDAP.elf.dir/Package/DAPLink/Source/DAP.c.obj
 .text.DAP_Disconnect
                0x08006e6c       0x18 CMakeFiles/F4_CherryDAP.elf.dir/Package/DAPLink/Source/DAP.c.obj
 .text.DAP_SWJ_Pins
                0x08006e84      0x12c CMakeFiles/F4_CherryDAP.elf.dir/Package/DAPLink/Source/DAP.c.obj
 .text.DAP_SWJ_Sequence
                0x08006fb0       0x28 CMakeFiles/F4_CherryDAP.elf.dir/Package/DAPLink/Source/DAP.c.obj
 .text.DAP_SWD_Sequence
                0x08006fd8       0xb8 CMakeFiles/F4_CherryDAP.elf.dir/Package/DAPLink/Source/DAP.c.obj
 .text.DAP_JTAG_Sequence
                0x08007090       0x5a CMakeFiles/F4_CherryDAP.elf.dir/Package/DAPLink/Source/DAP.c.obj
 *fill*         0x080070ea        0x2 
 .text.DAP_JTAG_IDCode
                0x080070ec       0x50 CMakeFiles/F4_CherryDAP.elf.dir/Package/DAPLink/Source/DAP.c.obj
 .text.DAP_SWD_Transfer
                0x0800713c      0x4b4 CMakeFiles/F4_CherryDAP.elf.dir/Package/DAPLink/Source/DAP.c.obj
 .text.DAP_SWD_TransferBlock
                0x080075f0      0x164 CMakeFiles/F4_CherryDAP.elf.dir/Package/DAPLink/Source/DAP.c.obj
 .text.DAP_SWD_WriteAbort
                0x08007754       0x2e CMakeFiles/F4_CherryDAP.elf.dir/Package/DAPLink/Source/DAP.c.obj
 *fill*         0x08007782        0x2 
 .text.DAP_JTAG_Transfer
                0x08007784      0x488 CMakeFiles/F4_CherryDAP.elf.dir/Package/DAPLink/Source/DAP.c.obj
 .text.DAP_Transfer
                0x08007c0c       0x24 CMakeFiles/F4_CherryDAP.elf.dir/Package/DAPLink/Source/DAP.c.obj
 .text.DAP_JTAG_TransferBlock
                0x08007c30      0x1ac CMakeFiles/F4_CherryDAP.elf.dir/Package/DAPLink/Source/DAP.c.obj
 .text.DAP_TransferBlock
                0x08007ddc       0x48 CMakeFiles/F4_CherryDAP.elf.dir/Package/DAPLink/Source/DAP.c.obj
 .text.DAP_JTAG_WriteAbort
                0x08007e24       0x44 CMakeFiles/F4_CherryDAP.elf.dir/Package/DAPLink/Source/DAP.c.obj
 .text.DAP_WriteAbort
                0x08007e68       0x2c CMakeFiles/F4_CherryDAP.elf.dir/Package/DAPLink/Source/DAP.c.obj
 .text.DAP_ProcessCommand
                0x08007e94       0xce CMakeFiles/F4_CherryDAP.elf.dir/Package/DAPLink/Source/DAP.c.obj
                0x08007e94                DAP_ProcessCommand
 .text.DAP_ExecuteCommand
                0x08007f62       0x40 CMakeFiles/F4_CherryDAP.elf.dir/Package/DAPLink/Source/DAP.c.obj
                0x08007f62                DAP_ExecuteCommand
 *fill*         0x08007fa2        0x2 
 .text.DAP_Setup
                0x08007fa4       0x3c CMakeFiles/F4_CherryDAP.elf.dir/Package/DAPLink/Source/DAP.c.obj
                0x08007fa4                DAP_Setup
 .text.DAP_ProcessVendorCommand
                0x08007fe0        0xa CMakeFiles/F4_CherryDAP.elf.dir/Package/DAPLink/Source/DAP_vendor.c.obj
                0x08007fe0                DAP_ProcessVendorCommand
 *fill*         0x08007fea        0x2 
 .text.JTAG_IR_Fast
                0x08007fec      0x108 CMakeFiles/F4_CherryDAP.elf.dir/Package/DAPLink/Source/JTAG_DP.c.obj
 .text.JTAG_TransferFast
                0x080080f4      0x20c CMakeFiles/F4_CherryDAP.elf.dir/Package/DAPLink/Source/JTAG_DP.c.obj
 .text.JTAG_IR_Slow
                0x08008300      0x20c CMakeFiles/F4_CherryDAP.elf.dir/Package/DAPLink/Source/JTAG_DP.c.obj
 .text.JTAG_TransferSlow
                0x0800850c      0x3e0 CMakeFiles/F4_CherryDAP.elf.dir/Package/DAPLink/Source/JTAG_DP.c.obj
 .text.JTAG_Sequence
                0x080088ec       0x94 CMakeFiles/F4_CherryDAP.elf.dir/Package/DAPLink/Source/JTAG_DP.c.obj
                0x080088ec                JTAG_Sequence
 .text.JTAG_ReadIDCode
                0x08008980      0x158 CMakeFiles/F4_CherryDAP.elf.dir/Package/DAPLink/Source/JTAG_DP.c.obj
                0x08008980                JTAG_ReadIDCode
 .text.JTAG_WriteAbort
                0x08008ad8      0x228 CMakeFiles/F4_CherryDAP.elf.dir/Package/DAPLink/Source/JTAG_DP.c.obj
                0x08008ad8                JTAG_WriteAbort
 .text.JTAG_IR  0x08008d00       0x18 CMakeFiles/F4_CherryDAP.elf.dir/Package/DAPLink/Source/JTAG_DP.c.obj
                0x08008d00                JTAG_IR
 .text.JTAG_Transfer
                0x08008d18       0x18 CMakeFiles/F4_CherryDAP.elf.dir/Package/DAPLink/Source/JTAG_DP.c.obj
                0x08008d18                JTAG_Transfer
 .text.SWD_TransferFast
                0x08008d30      0x324 CMakeFiles/F4_CherryDAP.elf.dir/Package/DAPLink/Source/SW_DP.c.obj
 .text.SWD_TransferSlow
                0x08009054      0x4e8 CMakeFiles/F4_CherryDAP.elf.dir/Package/DAPLink/Source/SW_DP.c.obj
 .text.SWJ_Sequence
                0x0800953c       0x64 CMakeFiles/F4_CherryDAP.elf.dir/Package/DAPLink/Source/SW_DP.c.obj
                0x0800953c                SWJ_Sequence
 .text.SWD_Sequence
                0x080095a0       0xa0 CMakeFiles/F4_CherryDAP.elf.dir/Package/DAPLink/Source/SW_DP.c.obj
                0x080095a0                SWD_Sequence
 .text.SWD_Transfer
                0x08009640       0x18 CMakeFiles/F4_CherryDAP.elf.dir/Package/DAPLink/Source/SW_DP.c.obj
                0x08009640                SWD_Transfer
 .text.PORT_SWD_SETUP
                0x08009658       0x88 CMakeFiles/F4_CherryDAP.elf.dir/Package/DAPLink/Source/swd_host.c.obj
 .text.swd_switch
                0x080096e0       0x1e CMakeFiles/F4_CherryDAP.elf.dir/Package/DAPLink/Source/swd_host.c.obj
 .text.swd_reset
                0x080096fe       0x2c CMakeFiles/F4_CherryDAP.elf.dir/Package/DAPLink/Source/swd_host.c.obj
 .text.swd_set_target_reset
                0x0800972a        0x2 CMakeFiles/F4_CherryDAP.elf.dir/Package/DAPLink/Source/swd_host.c.obj
                0x0800972a                swd_set_target_reset
 .text.target_get_apsel
                0x0800972c        0x4 CMakeFiles/F4_CherryDAP.elf.dir/Package/DAPLink/Source/swd_host.c.obj
                0x0800972c                target_get_apsel
 .text.swd_get_apsel
                0x08009730       0x10 CMakeFiles/F4_CherryDAP.elf.dir/Package/DAPLink/Source/swd_host.c.obj
 .text.int2array
                0x08009740       0x1a CMakeFiles/F4_CherryDAP.elf.dir/Package/DAPLink/Source/swd_host.c.obj
                0x08009740                int2array
 .text.swd_transfer_retry
                0x0800975a       0x22 CMakeFiles/F4_CherryDAP.elf.dir/Package/DAPLink/Source/swd_host.c.obj
                0x0800975a                swd_transfer_retry
 .text.swd_read_data
                0x0800977c       0x6e CMakeFiles/F4_CherryDAP.elf.dir/Package/DAPLink/Source/swd_host.c.obj
 .text.swd_write_data
                0x080097ea       0x52 CMakeFiles/F4_CherryDAP.elf.dir/Package/DAPLink/Source/swd_host.c.obj
 .text.swd_init
                0x0800983c        0xe CMakeFiles/F4_CherryDAP.elf.dir/Package/DAPLink/Source/swd_host.c.obj
                0x0800983c                swd_init
 .text.swd_read_dp
                0x0800984a       0x48 CMakeFiles/F4_CherryDAP.elf.dir/Package/DAPLink/Source/swd_host.c.obj
                0x0800984a                swd_read_dp
 *fill*         0x08009892        0x2 
 .text.swd_write_dp
                0x08009894       0x50 CMakeFiles/F4_CherryDAP.elf.dir/Package/DAPLink/Source/swd_host.c.obj
                0x08009894                swd_write_dp
 .text.swd_clear_errors
                0x080098e4       0x10 CMakeFiles/F4_CherryDAP.elf.dir/Package/DAPLink/Source/swd_host.c.obj
                0x080098e4                swd_clear_errors
 .text.swd_write_ap
                0x080098f4       0x68 CMakeFiles/F4_CherryDAP.elf.dir/Package/DAPLink/Source/swd_host.c.obj
                0x080098f4                swd_write_ap
 .text.swd_read_word
                0x0800995c       0x28 CMakeFiles/F4_CherryDAP.elf.dir/Package/DAPLink/Source/swd_host.c.obj
                0x0800995c                swd_read_word
 .text.swd_write_word
                0x08009984       0x28 CMakeFiles/F4_CherryDAP.elf.dir/Package/DAPLink/Source/swd_host.c.obj
                0x08009984                swd_write_word
 .text.swd_read_idcode
                0x080099ac       0x46 CMakeFiles/F4_CherryDAP.elf.dir/Package/DAPLink/Source/swd_host.c.obj
                0x080099ac                swd_read_idcode
 .text.JTAG2SWD
                0x080099f2       0x36 CMakeFiles/F4_CherryDAP.elf.dir/Package/DAPLink/Source/swd_host.c.obj
                0x080099f2                JTAG2SWD
 .text.swd_init_debug
                0x08009a28       0xc8 CMakeFiles/F4_CherryDAP.elf.dir/Package/DAPLink/Source/swd_host.c.obj
                0x08009a28                swd_init_debug
 .text.__udivmoddi4
                0x08009af0      0x2bc D:/AppData/DevelopTool/GNU-Tools-ARM-Embedded/bin/../lib/gcc/arm-none-eabi/13.3.1/thumb/v7e-m+fp/hard\libgcc.a(_udivmoddi4.o)
                0x08009af0                __udivmoddi4
 .text.stdio_exit_handler
                0x08009dac       0x18 D:/AppData/DevelopTool/GNU-Tools-ARM-Embedded/bin/../lib/gcc/arm-none-eabi/13.3.1/thumb/v7e-m+fp/hard\libg.a(libc_a-findfp.o)
 .text.cleanup_stdio
                0x08009dc4       0x40 D:/AppData/DevelopTool/GNU-Tools-ARM-Embedded/bin/../lib/gcc/arm-none-eabi/13.3.1/thumb/v7e-m+fp/hard\libg.a(libc_a-findfp.o)
 .text.global_stdio_init.part.0
                0x08009e04       0xf0 D:/AppData/DevelopTool/GNU-Tools-ARM-Embedded/bin/../lib/gcc/arm-none-eabi/13.3.1/thumb/v7e-m+fp/hard\libg.a(libc_a-findfp.o)
 .text.__sinit  0x08009ef4       0x3c D:/AppData/DevelopTool/GNU-Tools-ARM-Embedded/bin/../lib/gcc/arm-none-eabi/13.3.1/thumb/v7e-m+fp/hard\libg.a(libc_a-findfp.o)
                0x08009ef4                __sinit
 .text.__sfp_lock_acquire
                0x08009f30        0xc D:/AppData/DevelopTool/GNU-Tools-ARM-Embedded/bin/../lib/gcc/arm-none-eabi/13.3.1/thumb/v7e-m+fp/hard\libg.a(libc_a-findfp.o)
                0x08009f30                __sfp_lock_acquire
 .text.__sfp_lock_release
                0x08009f3c        0xc D:/AppData/DevelopTool/GNU-Tools-ARM-Embedded/bin/../lib/gcc/arm-none-eabi/13.3.1/thumb/v7e-m+fp/hard\libg.a(libc_a-findfp.o)
                0x08009f3c                __sfp_lock_release
 .text._fwalk_sglue
                0x08009f48       0x44 D:/AppData/DevelopTool/GNU-Tools-ARM-Embedded/bin/../lib/gcc/arm-none-eabi/13.3.1/thumb/v7e-m+fp/hard\libg.a(libc_a-fwalk.o)
                0x08009f48                _fwalk_sglue
 .text.printf   0x08009f8c       0x28 D:/AppData/DevelopTool/GNU-Tools-ARM-Embedded/bin/../lib/gcc/arm-none-eabi/13.3.1/thumb/v7e-m+fp/hard\libg.a(libc_a-printf.o)
                0x08009f8c                printf
 .text._puts_r  0x08009fb4       0x9c D:/AppData/DevelopTool/GNU-Tools-ARM-Embedded/bin/../lib/gcc/arm-none-eabi/13.3.1/thumb/v7e-m+fp/hard\libg.a(libc_a-puts.o)
                0x08009fb4                _puts_r
 .text.puts     0x0800a050       0x10 D:/AppData/DevelopTool/GNU-Tools-ARM-Embedded/bin/../lib/gcc/arm-none-eabi/13.3.1/thumb/v7e-m+fp/hard\libg.a(libc_a-puts.o)
                0x0800a050                puts
 .text.__sread  0x0800a060       0x24 D:/AppData/DevelopTool/GNU-Tools-ARM-Embedded/bin/../lib/gcc/arm-none-eabi/13.3.1/thumb/v7e-m+fp/hard\libg.a(libc_a-stdio.o)
                0x0800a060                __sread
 .text.__swrite
                0x0800a084       0x40 D:/AppData/DevelopTool/GNU-Tools-ARM-Embedded/bin/../lib/gcc/arm-none-eabi/13.3.1/thumb/v7e-m+fp/hard\libg.a(libc_a-stdio.o)
                0x0800a084                __swrite
 .text.__sseek  0x0800a0c4       0x24 D:/AppData/DevelopTool/GNU-Tools-ARM-Embedded/bin/../lib/gcc/arm-none-eabi/13.3.1/thumb/v7e-m+fp/hard\libg.a(libc_a-stdio.o)
                0x0800a0c4                __sseek
 .text.__sclose
                0x0800a0e8        0x8 D:/AppData/DevelopTool/GNU-Tools-ARM-Embedded/bin/../lib/gcc/arm-none-eabi/13.3.1/thumb/v7e-m+fp/hard\libg.a(libc_a-stdio.o)
                0x0800a0e8                __sclose
 .text.memset   0x0800a0f0       0xa4 D:/AppData/DevelopTool/GNU-Tools-ARM-Embedded/bin/../lib/gcc/arm-none-eabi/13.3.1/thumb/v7e-m+fp/hard\libg.a(libc_a-memset.o)
                0x0800a0f0                memset
 .text._close_r
                0x0800a194       0x24 D:/AppData/DevelopTool/GNU-Tools-ARM-Embedded/bin/../lib/gcc/arm-none-eabi/13.3.1/thumb/v7e-m+fp/hard\libg.a(libc_a-closer.o)
                0x0800a194                _close_r
 .text._reclaim_reent
                0x0800a1b8       0x6c D:/AppData/DevelopTool/GNU-Tools-ARM-Embedded/bin/../lib/gcc/arm-none-eabi/13.3.1/thumb/v7e-m+fp/hard\libg.a(libc_a-reent.o)
                0x0800a1b8                _reclaim_reent
 .text._lseek_r
                0x0800a224       0x2c D:/AppData/DevelopTool/GNU-Tools-ARM-Embedded/bin/../lib/gcc/arm-none-eabi/13.3.1/thumb/v7e-m+fp/hard\libg.a(libc_a-lseekr.o)
                0x0800a224                _lseek_r
 .text._read_r  0x0800a250       0x2c D:/AppData/DevelopTool/GNU-Tools-ARM-Embedded/bin/../lib/gcc/arm-none-eabi/13.3.1/thumb/v7e-m+fp/hard\libg.a(libc_a-readr.o)
                0x0800a250                _read_r
 .text._write_r
                0x0800a27c       0x2c D:/AppData/DevelopTool/GNU-Tools-ARM-Embedded/bin/../lib/gcc/arm-none-eabi/13.3.1/thumb/v7e-m+fp/hard\libg.a(libc_a-writer.o)
                0x0800a27c                _write_r
 .text.__errno  0x0800a2a8        0xc D:/AppData/DevelopTool/GNU-Tools-ARM-Embedded/bin/../lib/gcc/arm-none-eabi/13.3.1/thumb/v7e-m+fp/hard\libg.a(libc_a-errno.o)
                0x0800a2a8                __errno
 .text.__libc_init_array
                0x0800a2b4       0x50 D:/AppData/DevelopTool/GNU-Tools-ARM-Embedded/bin/../lib/gcc/arm-none-eabi/13.3.1/thumb/v7e-m+fp/hard\libg.a(libc_a-init.o)
                0x0800a2b4                __libc_init_array
 .text.__retarget_lock_init_recursive
                0x0800a304        0x4 D:/AppData/DevelopTool/GNU-Tools-ARM-Embedded/bin/../lib/gcc/arm-none-eabi/13.3.1/thumb/v7e-m+fp/hard\libg.a(libc_a-lock.o)
                0x0800a304                __retarget_lock_init_recursive
 .text.__retarget_lock_close_recursive
                0x0800a308        0x4 D:/AppData/DevelopTool/GNU-Tools-ARM-Embedded/bin/../lib/gcc/arm-none-eabi/13.3.1/thumb/v7e-m+fp/hard\libg.a(libc_a-lock.o)
                0x0800a308                __retarget_lock_close_recursive
 .text.__retarget_lock_acquire_recursive
                0x0800a30c        0x4 D:/AppData/DevelopTool/GNU-Tools-ARM-Embedded/bin/../lib/gcc/arm-none-eabi/13.3.1/thumb/v7e-m+fp/hard\libg.a(libc_a-lock.o)
                0x0800a30c                __retarget_lock_acquire_recursive
 .text.__retarget_lock_release_recursive
                0x0800a310        0x4 D:/AppData/DevelopTool/GNU-Tools-ARM-Embedded/bin/../lib/gcc/arm-none-eabi/13.3.1/thumb/v7e-m+fp/hard\libg.a(libc_a-lock.o)
                0x0800a310                __retarget_lock_release_recursive
 .text.startup.register_fini
                0x0800a314       0x14 D:/AppData/DevelopTool/GNU-Tools-ARM-Embedded/bin/../lib/gcc/arm-none-eabi/13.3.1/thumb/v7e-m+fp/hard\libg.a(libc_a-__call_atexit.o)
 .text.atexit   0x0800a328        0xc D:/AppData/DevelopTool/GNU-Tools-ARM-Embedded/bin/../lib/gcc/arm-none-eabi/13.3.1/thumb/v7e-m+fp/hard\libg.a(libc_a-atexit.o)
                0x0800a328                atexit
 .text._malloc_trim_r
                0x0800a334       0xb8 D:/AppData/DevelopTool/GNU-Tools-ARM-Embedded/bin/../lib/gcc/arm-none-eabi/13.3.1/thumb/v7e-m+fp/hard\libg.a(libc_a-freer.o)
                0x0800a334                _malloc_trim_r
 .text._free_r  0x0800a3ec      0x1f8 D:/AppData/DevelopTool/GNU-Tools-ARM-Embedded/bin/../lib/gcc/arm-none-eabi/13.3.1/thumb/v7e-m+fp/hard\libg.a(libc_a-freer.o)
                0x0800a3ec                _free_r
 .text._malloc_r
                0x0800a5e4      0x564 D:/AppData/DevelopTool/GNU-Tools-ARM-Embedded/bin/../lib/gcc/arm-none-eabi/13.3.1/thumb/v7e-m+fp/hard\libg.a(libc_a-mallocr.o)
                0x0800a5e4                _malloc_r
 .text.__malloc_lock
                0x0800ab48        0xc D:/AppData/DevelopTool/GNU-Tools-ARM-Embedded/bin/../lib/gcc/arm-none-eabi/13.3.1/thumb/v7e-m+fp/hard\libg.a(libc_a-mlock.o)
                0x0800ab48                __malloc_lock
 .text.__malloc_unlock
                0x0800ab54        0xc D:/AppData/DevelopTool/GNU-Tools-ARM-Embedded/bin/../lib/gcc/arm-none-eabi/13.3.1/thumb/v7e-m+fp/hard\libg.a(libc_a-mlock.o)
                0x0800ab54                __malloc_unlock
 .text._vfprintf_r
                0x0800ab60     0x1c24 D:/AppData/DevelopTool/GNU-Tools-ARM-Embedded/bin/../lib/gcc/arm-none-eabi/13.3.1/thumb/v7e-m+fp/hard\libg.a(libc_a-vfprintf.o)
                0x0800ab60                _vfprintf_r
 .text.__sbprintf
                0x0800c784       0x80 D:/AppData/DevelopTool/GNU-Tools-ARM-Embedded/bin/../lib/gcc/arm-none-eabi/13.3.1/thumb/v7e-m+fp/hard\libg.a(libc_a-vfprintf.o)
 .text.__sprint_r
                0x0800c804       0x20 D:/AppData/DevelopTool/GNU-Tools-ARM-Embedded/bin/../lib/gcc/arm-none-eabi/13.3.1/thumb/v7e-m+fp/hard\libg.a(libc_a-sprint_r.o)
                0x0800c804                __sprint_r
 .text._fclose_r
                0x0800c824       0xc0 D:/AppData/DevelopTool/GNU-Tools-ARM-Embedded/bin/../lib/gcc/arm-none-eabi/13.3.1/thumb/v7e-m+fp/hard\libg.a(libc_a-fclose.o)
                0x0800c824                _fclose_r
 .text.__sflush_r
                0x0800c8e4      0x138 D:/AppData/DevelopTool/GNU-Tools-ARM-Embedded/bin/../lib/gcc/arm-none-eabi/13.3.1/thumb/v7e-m+fp/hard\libg.a(libc_a-fflush.o)
                0x0800c8e4                __sflush_r
 .text._fflush_r
                0x0800ca1c       0x54 D:/AppData/DevelopTool/GNU-Tools-ARM-Embedded/bin/../lib/gcc/arm-none-eabi/13.3.1/thumb/v7e-m+fp/hard\libg.a(libc_a-fflush.o)
                0x0800ca1c                _fflush_r
 .text.__sfvwrite_r
                0x0800ca70      0x300 D:/AppData/DevelopTool/GNU-Tools-ARM-Embedded/bin/../lib/gcc/arm-none-eabi/13.3.1/thumb/v7e-m+fp/hard\libg.a(libc_a-fvwrite.o)
                0x0800ca70                __sfvwrite_r
 .text.__swsetup_r
                0x0800cd70       0xc4 D:/AppData/DevelopTool/GNU-Tools-ARM-Embedded/bin/../lib/gcc/arm-none-eabi/13.3.1/thumb/v7e-m+fp/hard\libg.a(libc_a-wsetup.o)
                0x0800cd70                __swsetup_r
 .text.memmove  0x0800ce34      0x100 D:/AppData/DevelopTool/GNU-Tools-ARM-Embedded/bin/../lib/gcc/arm-none-eabi/13.3.1/thumb/v7e-m+fp/hard\libg.a(libc_a-memmove.o)
                0x0800ce34                memmove
 .text.strncpy  0x0800cf34       0x68 D:/AppData/DevelopTool/GNU-Tools-ARM-Embedded/bin/../lib/gcc/arm-none-eabi/13.3.1/thumb/v7e-m+fp/hard\libg.a(libc_a-strncpy.o)
                0x0800cf34                strncpy
 .text.__locale_mb_cur_max
                0x0800cf9c        0xc D:/AppData/DevelopTool/GNU-Tools-ARM-Embedded/bin/../lib/gcc/arm-none-eabi/13.3.1/thumb/v7e-m+fp/hard\libg.a(libc_a-locale.o)
                0x0800cf9c                __locale_mb_cur_max
 .text._localeconv_r
                0x0800cfa8        0x8 D:/AppData/DevelopTool/GNU-Tools-ARM-Embedded/bin/../lib/gcc/arm-none-eabi/13.3.1/thumb/v7e-m+fp/hard\libg.a(libc_a-localeconv.o)
                0x0800cfa8                _localeconv_r
 .text._sbrk_r  0x0800cfb0       0x24 D:/AppData/DevelopTool/GNU-Tools-ARM-Embedded/bin/../lib/gcc/arm-none-eabi/13.3.1/thumb/v7e-m+fp/hard\libg.a(libc_a-sbrkr.o)
                0x0800cfb0                _sbrk_r
 .text.__libc_fini_array
                0x0800cfd4       0x28 D:/AppData/DevelopTool/GNU-Tools-ARM-Embedded/bin/../lib/gcc/arm-none-eabi/13.3.1/thumb/v7e-m+fp/hard\libg.a(libc_a-fini.o)
                0x0800cfd4                __libc_fini_array
 .text.sysconf  0x0800cffc       0x1c D:/AppData/DevelopTool/GNU-Tools-ARM-Embedded/bin/../lib/gcc/arm-none-eabi/13.3.1/thumb/v7e-m+fp/hard\libg.a(libc_a-sysconf.o)
                0x0800cffc                sysconf
 .text.frexp    0x0800d018       0x64 D:/AppData/DevelopTool/GNU-Tools-ARM-Embedded/bin/../lib/gcc/arm-none-eabi/13.3.1/thumb/v7e-m+fp/hard\libg.a(libm_a-s_frexp.o)
                0x0800d018                frexp
 .text.__register_exitproc
                0x0800d07c       0x80 D:/AppData/DevelopTool/GNU-Tools-ARM-Embedded/bin/../lib/gcc/arm-none-eabi/13.3.1/thumb/v7e-m+fp/hard\libg.a(libc_a-__atexit.o)
                0x0800d07c                __register_exitproc
 .text.quorem   0x0800d0fc      0x12c D:/AppData/DevelopTool/GNU-Tools-ARM-Embedded/bin/../lib/gcc/arm-none-eabi/13.3.1/thumb/v7e-m+fp/hard\libg.a(libc_a-dtoa.o)
 .text._dtoa_r  0x0800d228      0xe80 D:/AppData/DevelopTool/GNU-Tools-ARM-Embedded/bin/../lib/gcc/arm-none-eabi/13.3.1/thumb/v7e-m+fp/hard\libg.a(libc_a-dtoa.o)
                0x0800d228                _dtoa_r
 .text.__ascii_mbtowc
                0x0800e0a8       0x2c D:/AppData/DevelopTool/GNU-Tools-ARM-Embedded/bin/../lib/gcc/arm-none-eabi/13.3.1/thumb/v7e-m+fp/hard\libg.a(libc_a-mbtowc_r.o)
                0x0800e0a8                __ascii_mbtowc
 .text._Balloc  0x0800e0d4       0x4c D:/AppData/DevelopTool/GNU-Tools-ARM-Embedded/bin/../lib/gcc/arm-none-eabi/13.3.1/thumb/v7e-m+fp/hard\libg.a(libc_a-mprec.o)
                0x0800e0d4                _Balloc
 .text._Bfree   0x0800e120       0x14 D:/AppData/DevelopTool/GNU-Tools-ARM-Embedded/bin/../lib/gcc/arm-none-eabi/13.3.1/thumb/v7e-m+fp/hard\libg.a(libc_a-mprec.o)
                0x0800e120                _Bfree
 .text.__multadd
                0x0800e134       0xa0 D:/AppData/DevelopTool/GNU-Tools-ARM-Embedded/bin/../lib/gcc/arm-none-eabi/13.3.1/thumb/v7e-m+fp/hard\libg.a(libc_a-mprec.o)
                0x0800e134                __multadd
 .text.__hi0bits
                0x0800e1d4       0x44 D:/AppData/DevelopTool/GNU-Tools-ARM-Embedded/bin/../lib/gcc/arm-none-eabi/13.3.1/thumb/v7e-m+fp/hard\libg.a(libc_a-mprec.o)
                0x0800e1d4                __hi0bits
 .text.__lo0bits
                0x0800e218       0x60 D:/AppData/DevelopTool/GNU-Tools-ARM-Embedded/bin/../lib/gcc/arm-none-eabi/13.3.1/thumb/v7e-m+fp/hard\libg.a(libc_a-mprec.o)
                0x0800e218                __lo0bits
 .text.__i2b    0x0800e278       0x5c D:/AppData/DevelopTool/GNU-Tools-ARM-Embedded/bin/../lib/gcc/arm-none-eabi/13.3.1/thumb/v7e-m+fp/hard\libg.a(libc_a-mprec.o)
                0x0800e278                __i2b
 .text.__multiply
                0x0800e2d4      0x16c D:/AppData/DevelopTool/GNU-Tools-ARM-Embedded/bin/../lib/gcc/arm-none-eabi/13.3.1/thumb/v7e-m+fp/hard\libg.a(libc_a-mprec.o)
                0x0800e2d4                __multiply
 .text.__pow5mult
                0x0800e440       0xb4 D:/AppData/DevelopTool/GNU-Tools-ARM-Embedded/bin/../lib/gcc/arm-none-eabi/13.3.1/thumb/v7e-m+fp/hard\libg.a(libc_a-mprec.o)
                0x0800e440                __pow5mult
 .text.__lshift
                0x0800e4f4       0xf0 D:/AppData/DevelopTool/GNU-Tools-ARM-Embedded/bin/../lib/gcc/arm-none-eabi/13.3.1/thumb/v7e-m+fp/hard\libg.a(libc_a-mprec.o)
                0x0800e4f4                __lshift
 .text.__mcmp   0x0800e5e4       0x44 D:/AppData/DevelopTool/GNU-Tools-ARM-Embedded/bin/../lib/gcc/arm-none-eabi/13.3.1/thumb/v7e-m+fp/hard\libg.a(libc_a-mprec.o)
                0x0800e5e4                __mcmp
 .text.__mdiff  0x0800e628      0x178 D:/AppData/DevelopTool/GNU-Tools-ARM-Embedded/bin/../lib/gcc/arm-none-eabi/13.3.1/thumb/v7e-m+fp/hard\libg.a(libc_a-mprec.o)
                0x0800e628                __mdiff
 .text.__d2b    0x0800e7a0       0xc0 D:/AppData/DevelopTool/GNU-Tools-ARM-Embedded/bin/../lib/gcc/arm-none-eabi/13.3.1/thumb/v7e-m+fp/hard\libg.a(libc_a-mprec.o)
                0x0800e7a0                __d2b
 .text._realloc_r
                0x0800e860      0x344 D:/AppData/DevelopTool/GNU-Tools-ARM-Embedded/bin/../lib/gcc/arm-none-eabi/13.3.1/thumb/v7e-m+fp/hard\libg.a(libc_a-reallocr.o)
                0x0800e860                _realloc_r
 .text.__ascii_wctomb
                0x0800eba4       0x1c D:/AppData/DevelopTool/GNU-Tools-ARM-Embedded/bin/../lib/gcc/arm-none-eabi/13.3.1/thumb/v7e-m+fp/hard\libg.a(libc_a-wctomb_r.o)
                0x0800eba4                __ascii_wctomb
 .text._wcrtomb_r
                0x0800ebc0       0x4c D:/AppData/DevelopTool/GNU-Tools-ARM-Embedded/bin/../lib/gcc/arm-none-eabi/13.3.1/thumb/v7e-m+fp/hard\libg.a(libc_a-wcrtomb.o)
                0x0800ebc0                _wcrtomb_r
 .text._wcsrtombs_r
                0x0800ec0c       0x18 D:/AppData/DevelopTool/GNU-Tools-ARM-Embedded/bin/../lib/gcc/arm-none-eabi/13.3.1/thumb/v7e-m+fp/hard\libg.a(libc_a-wcsrtombs.o)
                0x0800ec0c                _wcsrtombs_r
 .text.__smakebuf_r
                0x0800ec24       0xdc D:/AppData/DevelopTool/GNU-Tools-ARM-Embedded/bin/../lib/gcc/arm-none-eabi/13.3.1/thumb/v7e-m+fp/hard\libg.a(libc_a-makebuf.o)
                0x0800ec24                __smakebuf_r
 .text._fstat_r
                0x0800ed00       0x2c D:/AppData/DevelopTool/GNU-Tools-ARM-Embedded/bin/../lib/gcc/arm-none-eabi/13.3.1/thumb/v7e-m+fp/hard\libg.a(libc_a-fstatr.o)
                0x0800ed00                _fstat_r
 .text._isatty_r
                0x0800ed2c       0x24 D:/AppData/DevelopTool/GNU-Tools-ARM-Embedded/bin/../lib/gcc/arm-none-eabi/13.3.1/thumb/v7e-m+fp/hard\libg.a(libc_a-isattyr.o)
                0x0800ed2c                _isatty_r
 .text.__assert_func
                0x0800ed50       0x40 D:/AppData/DevelopTool/GNU-Tools-ARM-Embedded/bin/../lib/gcc/arm-none-eabi/13.3.1/thumb/v7e-m+fp/hard\libg.a(libc_a-assert.o)
                0x0800ed50                __assert_func
 .text._calloc_r
                0x0800ed90       0x6c D:/AppData/DevelopTool/GNU-Tools-ARM-Embedded/bin/../lib/gcc/arm-none-eabi/13.3.1/thumb/v7e-m+fp/hard\libg.a(libc_a-callocr.o)
                0x0800ed90                _calloc_r
 .text._wcsnrtombs_l
                0x0800edfc       0xfc D:/AppData/DevelopTool/GNU-Tools-ARM-Embedded/bin/../lib/gcc/arm-none-eabi/13.3.1/thumb/v7e-m+fp/hard\libg.a(libc_a-wcsnrtombs.o)
                0x0800edfc                _wcsnrtombs_l
 .text._wcsnrtombs_r
                0x0800eef8       0x24 D:/AppData/DevelopTool/GNU-Tools-ARM-Embedded/bin/../lib/gcc/arm-none-eabi/13.3.1/thumb/v7e-m+fp/hard\libg.a(libc_a-wcsnrtombs.o)
                0x0800eef8                _wcsnrtombs_r
 .text.fiprintf
                0x0800ef1c       0x28 D:/AppData/DevelopTool/GNU-Tools-ARM-Embedded/bin/../lib/gcc/arm-none-eabi/13.3.1/thumb/v7e-m+fp/hard\libg.a(libc_a-fiprintf.o)
                0x0800ef1c                fiprintf
 .text._vfiprintf_r
                0x0800ef44      0xe68 D:/AppData/DevelopTool/GNU-Tools-ARM-Embedded/bin/../lib/gcc/arm-none-eabi/13.3.1/thumb/v7e-m+fp/hard\libg.a(libc_a-vfiprintf.o)
                0x0800ef44                _vfiprintf_r
 .text.__sbprintf
                0x0800fdac       0x80 D:/AppData/DevelopTool/GNU-Tools-ARM-Embedded/bin/../lib/gcc/arm-none-eabi/13.3.1/thumb/v7e-m+fp/hard\libg.a(libc_a-vfiprintf.o)
 .text.abort    0x0800fe2c       0x10 D:/AppData/DevelopTool/GNU-Tools-ARM-Embedded/bin/../lib/gcc/arm-none-eabi/13.3.1/thumb/v7e-m+fp/hard\libg.a(libc_a-abort.o)
                0x0800fe2c                abort
 .text.raise    0x0800fe3c       0x58 D:/AppData/DevelopTool/GNU-Tools-ARM-Embedded/bin/../lib/gcc/arm-none-eabi/13.3.1/thumb/v7e-m+fp/hard\libg.a(libc_a-signal.o)
                0x0800fe3c                raise
 .text._kill_r  0x0800fe94       0x2c D:/AppData/DevelopTool/GNU-Tools-ARM-Embedded/bin/../lib/gcc/arm-none-eabi/13.3.1/thumb/v7e-m+fp/hard\libg.a(libc_a-signalr.o)
                0x0800fe94                _kill_r
 .text._getpid_r
                0x0800fec0        0x4 D:/AppData/DevelopTool/GNU-Tools-ARM-Embedded/bin/../lib/gcc/arm-none-eabi/13.3.1/thumb/v7e-m+fp/hard\libg.a(libc_a-signalr.o)
                0x0800fec0                _getpid_r
 *(.glue_7)
 .glue_7        0x0800fec4        0x0 linker stubs
 *(.glue_7t)
 .glue_7t       0x0800fec4        0x0 linker stubs
 *(.eh_frame)
 .eh_frame      0x0800fec4        0x0 D:/AppData/DevelopTool/GNU-Tools-ARM-Embedded/bin/../lib/gcc/arm-none-eabi/13.3.1/thumb/v7e-m+fp/hard/crtbegin.o
 *(.init)
 .init          0x0800fec4        0x4 D:/AppData/DevelopTool/GNU-Tools-ARM-Embedded/bin/../lib/gcc/arm-none-eabi/13.3.1/thumb/v7e-m+fp/hard/crti.o
                0x0800fec4                _init
 .init          0x0800fec8        0x8 D:/AppData/DevelopTool/GNU-Tools-ARM-Embedded/bin/../lib/gcc/arm-none-eabi/13.3.1/thumb/v7e-m+fp/hard/crtn.o
 *(.fini)
 .fini          0x0800fed0        0x4 D:/AppData/DevelopTool/GNU-Tools-ARM-Embedded/bin/../lib/gcc/arm-none-eabi/13.3.1/thumb/v7e-m+fp/hard/crti.o
                0x0800fed0                _fini
 .fini          0x0800fed4        0x8 D:/AppData/DevelopTool/GNU-Tools-ARM-Embedded/bin/../lib/gcc/arm-none-eabi/13.3.1/thumb/v7e-m+fp/hard/crtn.o
                0x0800fedc                        . = ALIGN (0x4)
                0x0800fedc                        _etext = .

.vfp11_veneer   0x0800fedc        0x0
 .vfp11_veneer  0x0800fedc        0x0 linker stubs

.v4_bx          0x0800fedc        0x0
 .v4_bx         0x0800fedc        0x0 linker stubs

.iplt           0x0800fedc        0x0
 .iplt          0x0800fedc        0x0 D:/AppData/DevelopTool/GNU-Tools-ARM-Embedded/bin/../lib/gcc/arm-none-eabi/13.3.1/thumb/v7e-m+fp/hard/crtbegin.o

.rodata         0x0800fee0      0xac4
                0x0800fee0                        . = ALIGN (0x4)
 *(.rodata)
 .rodata        0x0800fee0       0x38 CMakeFiles/F4_CherryDAP.elf.dir/Core/Src/freertos.c.obj
 *(.rodata*)
 .rodata.usbd_cdc_acm_set_line_coding.str1.4
                0x0800ff18      0x64b CMakeFiles/F4_CherryDAP.elf.dir/Core/Src/dap_main.c.obj
                                 0x26 (size before relaxing)
 .rodata.usbd_cdc_acm_get_line_coding.str1.4
                0x08010563       0x11 CMakeFiles/F4_CherryDAP.elf.dir/Core/Src/dap_main.c.obj
 *fill*         0x08010563        0x1 
 .rodata.cmsisdap_descriptor
                0x08010564      0x10f CMakeFiles/F4_CherryDAP.elf.dir/Core/Src/dap_main.c.obj
                0x08010564                cmsisdap_descriptor
 *fill*         0x08010673        0x1 
 .rodata.USBD_BinaryObjectStoreDescriptor
                0x08010674       0x21 CMakeFiles/F4_CherryDAP.elf.dir/Core/Src/dap_main.c.obj
                0x08010674                USBD_BinaryObjectStoreDescriptor
 *fill*         0x08010695        0x3 
 .rodata.USBD_WinUSBDescriptorSetDescriptor
                0x08010698       0xaa CMakeFiles/F4_CherryDAP.elf.dir/Core/Src/dap_main.c.obj
                0x08010698                USBD_WinUSBDescriptorSetDescriptor
 .rodata.str1.4
                0x08010742       0x14 CMakeFiles/F4_CherryDAP.elf.dir/Core/Src/freertos.c.obj
 *fill*         0x08010742        0x2 
 .rodata.APBPrescTable
                0x08010744        0x8 CMakeFiles/F4_CherryDAP.elf.dir/Core/Src/system_stm32f4xx.c.obj
                0x08010744                APBPrescTable
 .rodata.AHBPrescTable
                0x0801074c       0x10 CMakeFiles/F4_CherryDAP.elf.dir/Core/Src/system_stm32f4xx.c.obj
                0x0801074c                AHBPrescTable
 .rodata.chry_dap_usb2uart_uart_config_callback.str1.4
                0x0801075c       0x3a CMakeFiles/F4_CherryDAP.elf.dir/Core/Src/usart.c.obj
 .rodata.flagBitshiftOffset.0
                0x0801075c        0x8 CMakeFiles/F4_CherryDAP.elf.dir/Drivers/STM32F4xx_HAL_Driver/Src/stm32f4xx_hal_dma.c.obj
 .rodata.vTaskStartScheduler.str1.4
                0x08010764        0x5 CMakeFiles/F4_CherryDAP.elf.dir/Middlewares/Third_Party/FreeRTOS/Source/tasks.c.obj
 .rodata.cdc_acm_class_interface_request_handler.str1.4
                0x08010764       0x8d CMakeFiles/F4_CherryDAP.elf.dir/Package/CherryUSB/class/cdc/usbd_cdc.c.obj
 .rodata.str1.4
                0x08010764       0x1e CMakeFiles/F4_CherryDAP.elf.dir/Package/CherryUSB/class/cdc/usbd_cdc.c.obj
 .rodata.usbd_get_descriptor.str1.4
                0x08010764       0x49 CMakeFiles/F4_CherryDAP.elf.dir/Package/CherryUSB/core/usbd_core.c.obj
 .rodata.usbd_print_setup.str1.4
                0x08010764       0x6d CMakeFiles/F4_CherryDAP.elf.dir/Package/CherryUSB/core/usbd_core.c.obj
 .rodata.usbd_vendor_request_handler.str1.4
                0x08010764       0x15 CMakeFiles/F4_CherryDAP.elf.dir/Package/CherryUSB/core/usbd_core.c.obj
 .rodata.usbd_std_endpoint_req_handler.str1.4
                0x08010764       0x2b CMakeFiles/F4_CherryDAP.elf.dir/Package/CherryUSB/core/usbd_core.c.obj
 .rodata.usbd_setup_request_handler.str1.4
                0x08010764       0x46 CMakeFiles/F4_CherryDAP.elf.dir/Package/CherryUSB/core/usbd_core.c.obj
 .rodata.usbd_event_ep0_setup_complete_handler.str1.4
                0x08010764       0x1a CMakeFiles/F4_CherryDAP.elf.dir/Package/CherryUSB/core/usbd_core.c.obj
 .rodata.usbd_initialize.str1.4
                0x08010764        0xe CMakeFiles/F4_CherryDAP.elf.dir/Package/CherryUSB/core/usbd_core.c.obj
 .rodata.dwc2_set_txfifo.str1.4
                0x08010764       0x35 CMakeFiles/F4_CherryDAP.elf.dir/Package/CherryUSB/port/dwc2/usb_dc_dwc2.c.obj
 .rodata.usb_dc_init.str1.4
                0x08010764      0x1a8 CMakeFiles/F4_CherryDAP.elf.dir/Package/CherryUSB/port/dwc2/usb_dc_dwc2.c.obj
 .rodata.usbd_ep_open.str1.4
                0x08010764       0x35 CMakeFiles/F4_CherryDAP.elf.dir/Package/CherryUSB/port/dwc2/usb_dc_dwc2.c.obj
 .rodata.DAP_Info.str1.4
                0x08010764        0x6 CMakeFiles/F4_CherryDAP.elf.dir/Package/DAPLink/Source/DAP.c.obj
 .rodata._puts_r.str1.4
                0x08010764        0x2 D:/AppData/DevelopTool/GNU-Tools-ARM-Embedded/bin/../lib/gcc/arm-none-eabi/13.3.1/thumb/v7e-m+fp/hard\libg.a(libc_a-puts.o)
 .rodata._vfprintf_r.str1.4
                0x08010764       0x42 D:/AppData/DevelopTool/GNU-Tools-ARM-Embedded/bin/../lib/gcc/arm-none-eabi/13.3.1/thumb/v7e-m+fp/hard\libg.a(libc_a-vfprintf.o)
 .rodata.zeroes.0
                0x08010764       0x10 D:/AppData/DevelopTool/GNU-Tools-ARM-Embedded/bin/../lib/gcc/arm-none-eabi/13.3.1/thumb/v7e-m+fp/hard\libg.a(libc_a-vfprintf.o)
 .rodata.blanks.1
                0x08010774       0x10 D:/AppData/DevelopTool/GNU-Tools-ARM-Embedded/bin/../lib/gcc/arm-none-eabi/13.3.1/thumb/v7e-m+fp/hard\libg.a(libc_a-vfprintf.o)
 .rodata.str1.4
                0x08010784       0x4c D:/AppData/DevelopTool/GNU-Tools-ARM-Embedded/bin/../lib/gcc/arm-none-eabi/13.3.1/thumb/v7e-m+fp/hard\libg.a(libc_a-locale.o)
 .rodata._dtoa_r.str1.4
                0x08010784       0x81 D:/AppData/DevelopTool/GNU-Tools-ARM-Embedded/bin/../lib/gcc/arm-none-eabi/13.3.1/thumb/v7e-m+fp/hard\libg.a(libc_a-dtoa.o)
 .rodata.__multadd.str1.4