Archive member included to satisfy reference by file (symbol)

D:/AppData/DevelopTool/GNU-Tools-ARM-Embedded/bin/../lib/gcc/arm-none-eabi/13.3.1/thumb/v7e-m+fp/hard\libgcc.a(_aeabi_uldivmod.o)
                              CMakeFiles/F4_CherryDAP.elf.dir/Drivers/STM32F4xx_HAL_Driver/Src/stm32f4xx_hal_rcc.c.obj (__aeabi_uldivmod)
D:/AppData/DevelopTool/GNU-Tools-ARM-Embedded/bin/../lib/gcc/arm-none-eabi/13.3.1/thumb/v7e-m+fp/hard\libgcc.a(_udivmoddi4.o)
                              D:/AppData/DevelopTool/GNU-Tools-ARM-Embedded/bin/../lib/gcc/arm-none-eabi/13.3.1/thumb/v7e-m+fp/hard\libgcc.a(_aeabi_uldivmod.o) (__udivmoddi4)
D:/AppData/DevelopTool/GNU-Tools-ARM-Embedded/bin/../lib/gcc/arm-none-eabi/13.3.1/thumb/v7e-m+fp/hard\libgcc.a(_dvmd_tls.o)
                              D:/AppData/DevelopTool/GNU-Tools-ARM-Embedded/bin/../lib/gcc/arm-none-eabi/13.3.1/thumb/v7e-m+fp/hard\libgcc.a(_aeabi_uldivmod.o) (__aeabi_ldiv0)
D:/AppData/DevelopTool/GNU-Tools-ARM-Embedded/bin/../lib/gcc/arm-none-eabi/13.3.1/thumb/v7e-m+fp/hard\libg.a(libc_a-exit.o)
                              D:/AppData/DevelopTool/GNU-Tools-ARM-Embedded/bin/../lib/gcc/arm-none-eabi/13.3.1/thumb/v7e-m+fp/hard/crt0.o (exit)
D:/AppData/DevelopTool/GNU-Tools-ARM-Embedded/bin/../lib/gcc/arm-none-eabi/13.3.1/thumb/v7e-m+fp/hard\libg.a(libc_a-findfp.o)
                              CMakeFiles/F4_CherryDAP.elf.dir/Middlewares/Third_Party/FreeRTOS/Source/tasks.c.obj (__sf)
D:/AppData/DevelopTool/GNU-Tools-ARM-Embedded/bin/../lib/gcc/arm-none-eabi/13.3.1/thumb/v7e-m+fp/hard\libg.a(libc_a-fwalk.o)
                              D:/AppData/DevelopTool/GNU-Tools-ARM-Embedded/bin/../lib/gcc/arm-none-eabi/13.3.1/thumb/v7e-m+fp/hard\libg.a(libc_a-findfp.o) (_fwalk_sglue)
D:/AppData/DevelopTool/GNU-Tools-ARM-Embedded/bin/../lib/gcc/arm-none-eabi/13.3.1/thumb/v7e-m+fp/hard\libg.a(libc_a-printf.o)
                              CMakeFiles/F4_CherryDAP.elf.dir/Package/CherryUSB/class/cdc/usbd_cdc.c.obj (printf)
D:/AppData/DevelopTool/GNU-Tools-ARM-Embedded/bin/../lib/gcc/arm-none-eabi/13.3.1/thumb/v7e-m+fp/hard\libg.a(libc_a-puts.o)
                              CMakeFiles/F4_CherryDAP.elf.dir/Core/Src/dap_main.c.obj (puts)
D:/AppData/DevelopTool/GNU-Tools-ARM-Embedded/bin/../lib/gcc/arm-none-eabi/13.3.1/thumb/v7e-m+fp/hard\libg.a(libc_a-stdio.o)
                              D:/AppData/DevelopTool/GNU-Tools-ARM-Embedded/bin/../lib/gcc/arm-none-eabi/13.3.1/thumb/v7e-m+fp/hard\libg.a(libc_a-findfp.o) (__sread)
D:/AppData/DevelopTool/GNU-Tools-ARM-Embedded/bin/../lib/gcc/arm-none-eabi/13.3.1/thumb/v7e-m+fp/hard\libg.a(libc_a-memset.o)
                              D:/AppData/DevelopTool/GNU-Tools-ARM-Embedded/bin/../lib/gcc/arm-none-eabi/13.3.1/thumb/v7e-m+fp/hard/crt0.o (memset)
D:/AppData/DevelopTool/GNU-Tools-ARM-Embedded/bin/../lib/gcc/arm-none-eabi/13.3.1/thumb/v7e-m+fp/hard\libg.a(libc_a-closer.o)
                              D:/AppData/DevelopTool/GNU-Tools-ARM-Embedded/bin/../lib/gcc/arm-none-eabi/13.3.1/thumb/v7e-m+fp/hard\libg.a(libc_a-stdio.o) (_close_r)
D:/AppData/DevelopTool/GNU-Tools-ARM-Embedded/bin/../lib/gcc/arm-none-eabi/13.3.1/thumb/v7e-m+fp/hard\libg.a(libc_a-reent.o)
                              CMakeFiles/F4_CherryDAP.elf.dir/Middlewares/Third_Party/FreeRTOS/Source/tasks.c.obj (_reclaim_reent)
D:/AppData/DevelopTool/GNU-Tools-ARM-Embedded/bin/../lib/gcc/arm-none-eabi/13.3.1/thumb/v7e-m+fp/hard\libg.a(libc_a-impure.o)
                              CMakeFiles/F4_CherryDAP.elf.dir/Middlewares/Third_Party/FreeRTOS/Source/tasks.c.obj (_impure_ptr)
D:/AppData/DevelopTool/GNU-Tools-ARM-Embedded/bin/../lib/gcc/arm-none-eabi/13.3.1/thumb/v7e-m+fp/hard\libg.a(libc_a-lseekr.o)
                              D:/AppData/DevelopTool/GNU-Tools-ARM-Embedded/bin/../lib/gcc/arm-none-eabi/13.3.1/thumb/v7e-m+fp/hard\libg.a(libc_a-stdio.o) (_lseek_r)
D:/AppData/DevelopTool/GNU-Tools-ARM-Embedded/bin/../lib/gcc/arm-none-eabi/13.3.1/thumb/v7e-m+fp/hard\libg.a(libc_a-readr.o)
                              D:/AppData/DevelopTool/GNU-Tools-ARM-Embedded/bin/../lib/gcc/arm-none-eabi/13.3.1/thumb/v7e-m+fp/hard\libg.a(libc_a-stdio.o) (_read_r)
D:/AppData/DevelopTool/GNU-Tools-ARM-Embedded/bin/../lib/gcc/arm-none-eabi/13.3.1/thumb/v7e-m+fp/hard\libg.a(libc_a-writer.o)
                              D:/AppData/DevelopTool/GNU-Tools-ARM-Embedded/bin/../lib/gcc/arm-none-eabi/13.3.1/thumb/v7e-m+fp/hard\libg.a(libc_a-stdio.o) (_write_r)
D:/AppData/DevelopTool/GNU-Tools-ARM-Embedded/bin/../lib/gcc/arm-none-eabi/13.3.1/thumb/v7e-m+fp/hard\libg.a(libc_a-errno.o)
                              CMakeFiles/F4_CherryDAP.elf.dir/Core/Src/syscalls.c.obj (__errno)
D:/AppData/DevelopTool/GNU-Tools-ARM-Embedded/bin/../lib/gcc/arm-none-eabi/13.3.1/thumb/v7e-m+fp/hard\libg.a(libc_a-init.o)
                              D:/AppData/DevelopTool/GNU-Tools-ARM-Embedded/bin/../lib/gcc/arm-none-eabi/13.3.1/thumb/v7e-m+fp/hard/crt0.o (__libc_init_array)
[...]
Memory Configuration

Name             Origin             Length             Attributes
CCMRAM           0x10000000         0x00010000         xrw
RAM              0x20000000         0x00020000         xrw
FLASH            0x08000000         0x00100000         xr
*default*        0x00000000         0xffffffff

Linker script and memory map

LOAD D:/AppData/DevelopTool/GNU-Tools-ARM-Embedded/bin/../lib/gcc/arm-none-eabi/13.3.1/thumb/v7e-m+fp/hard/crti.o
LOAD D:/AppData/DevelopTool/GNU-Tools-ARM-Embedded/bin/../lib/gcc/arm-none-eabi/13.3.1/thumb/v7e-m+fp/hard/crtbegin.o
LOAD D:/AppData/DevelopTool/GNU-Tools-ARM-Embedded/bin/../lib/gcc/arm-none-eabi/13.3.1/thumb/v7e-m+fp/hard/crt0.o
LOAD CMakeFiles/F4_CherryDAP.elf.dir/Core/Src/dap_main.c.obj
LOAD CMakeFiles/F4_CherryDAP.elf.dir/Core/Src/dma.c.obj
LOAD CMakeFiles/F4_CherryDAP.elf.dir/Core/Src/freertos.c.obj
LOAD CMakeFiles/F4_CherryDAP.elf.dir/Core/Src/gpio.c.obj
LOAD CMakeFiles/F4_CherryDAP.elf.dir/Core/Src/main.c.obj
LOAD CMakeFiles/F4_CherryDAP.elf.dir/Core/Src/stm32f4xx_hal_msp.c.obj
LOAD CMakeFiles/F4_CherryDAP.elf.dir/Core/Src/stm32f4xx_hal_timebase_tim.c.obj
LOAD CMakeFiles/F4_CherryDAP.elf.dir/Core/Src/stm32f4xx_it.c.obj
LOAD CMakeFiles/F4_CherryDAP.elf.dir/Core/Src/syscalls.c.obj
LOAD CMakeFiles/F4_CherryDAP.elf.dir/Core/Src/sysmem.c.obj
LOAD CMakeFiles/F4_CherryDAP.elf.dir/Core/Src/system_stm32f4xx.c.obj
LOAD CMakeFiles/F4_CherryDAP.elf.dir/Core/Src/usart.c.obj
LOAD CMakeFiles/F4_CherryDAP.elf.dir/Core/Src/usb2uart.c.obj
LOAD CMakeFiles/F4_CherryDAP.elf.dir/Core/Src/usb_otg.c.obj
LOAD CMakeFiles/F4_CherryDAP.elf.dir/Core/Startup/startup_stm32f407zgtx.s.obj
LOAD CMakeFiles/F4_CherryDAP.elf.dir/Drivers/STM32F4xx_HAL_Driver/Src/stm32f4xx_hal.c.obj
LOAD CMakeFiles/F4_CherryDAP.elf.dir/Drivers/STM32F4xx_HAL_Driver/Src/stm32f4xx_hal_cortex.c.obj
LOAD CMakeFiles/F4_CherryDAP.elf.dir/Drivers/STM32F4xx_HAL_Driver/Src/stm32f4xx_hal_dma.c.obj
LOAD CMakeFiles/F4_CherryDAP.elf.dir/Drivers/STM32F4xx_HAL_Driver/Src/stm32f4xx_hal_dma_ex.c.obj
LOAD CMakeFiles/F4_CherryDAP.elf.dir/Drivers/STM32F4xx_HAL_Driver/Src/stm32f4xx_hal_exti.c.obj
LOAD CMakeFiles/F4_CherryDAP.elf.dir/Drivers/STM32F4xx_HAL_Driver/Src/stm32f4xx_hal_flash.c.obj
LOAD CMakeFiles/F4_CherryDAP.elf.dir/Drivers/STM32F4xx_HAL_Driver/Src/stm32f4xx_hal_flash_ex.c.obj
LOAD CMakeFiles/F4_CherryDAP.elf.dir/Drivers/STM32F4xx_HAL_Driver/Src/stm32f4xx_hal_flash_ramfunc.c.obj
LOAD CMakeFiles/F4_CherryDAP.elf.dir/Drivers/STM32F4xx_HAL_Driver/Src/stm32f4xx_hal_gpio.c.obj
LOAD CMakeFiles/F4_CherryDAP.elf.dir/Drivers/STM32F4xx_HAL_Driver/Src/stm32f4xx_hal_pcd.c.obj
LOAD CMakeFiles/F4_CherryDAP.elf.dir/Drivers/STM32F4xx_HAL_Driver/Src/stm32f4xx_hal_pcd_ex.c.obj
LOAD CMakeFiles/F4_CherryDAP.elf.dir/Drivers/STM32F4xx_HAL_Driver/Src/stm32f4xx_hal_pwr.c.obj
LOAD CMakeFiles/F4_CherryDAP.elf.dir/Drivers/STM32F4xx_HAL_Driver/Src/stm32f4xx_hal_pwr_ex.c.obj
LOAD CMakeFiles/F4_CherryDAP.elf.dir/Drivers/STM32F4xx_HAL_Driver/Src/stm32f4xx_hal_rcc.c.obj
LOAD CMakeFiles/F4_CherryDAP.elf.dir/Drivers/STM32F4xx_HAL_Driver/Src/stm32f4xx_hal_rcc_ex.c.obj
LOAD CMakeFiles/F4_CherryDAP.elf.dir/Drivers/STM32F4xx_HAL_Driver/Src/stm32f4xx_hal_tim.c.obj
LOAD CMakeFiles/F4_CherryDAP.elf.dir/Drivers/STM32F4xx_HAL_Driver/Src/stm32f4xx_hal_tim_ex.c.obj
LOAD CMakeFiles/F4_CherryDAP.elf.dir/Drivers/STM32F4xx_HAL_Driver/Src/stm32f4xx_hal_uart.c.obj
LOAD CMakeFiles/F4_CherryDAP.elf.dir/Drivers/STM32F4xx_HAL_Driver/Src/stm32f4xx_ll_usb.c.obj
LOAD CMakeFiles/F4_CherryDAP.elf.dir/Middlewares/Third_Party/FreeRTOS/Source/CMSIS_RTOS/cmsis_os.c.obj
LOAD CMakeFiles/F4_CherryDAP.elf.dir/Middlewares/Third_Party/FreeRTOS/Source/croutine.c.obj
LOAD CMakeFiles/F4_CherryDAP.elf.dir/Middlewares/Third_Party/FreeRTOS/Source/event_groups.c.obj
LOAD CMakeFiles/F4_CherryDAP.elf.dir/Middlewares/Third_Party/FreeRTOS/Source/list.c.obj
LOAD CMakeFiles/F4_CherryDAP.elf.dir/Middlewares/Third_Party/FreeRTOS/Source/portable/GCC/ARM_CM4F/port.c.obj
LOAD CMakeFiles/F4_CherryDAP.elf.dir/Middlewares/Third_Party/FreeRTOS/Source/portable/MemMang/heap_4.c.obj
LOAD CMakeFiles/F4_CherryDAP.elf.dir/Middlewares/Third_Party/FreeRTOS/Source/queue.c.obj
LOAD CMakeFiles/F4_CherryDAP.elf.dir/Middlewares/Third_Party/FreeRTOS/Source/stream_buffer.c.obj
LOAD CMakeFiles/F4_CherryDAP.elf.dir/Middlewares/Third_Party/FreeRTOS/Source/tasks.c.obj
LOAD CMakeFiles/F4_CherryDAP.elf.dir/Middlewares/Third_Party/FreeRTOS/Source/timers.c.obj
LOAD CMakeFiles/F4_CherryDAP.elf.dir/Package/CherryRB/chry_ringbuffer.c.obj
LOAD CMakeFiles/F4_CherryDAP.elf.dir/Package/CherryUSB/class/cdc/usbd_cdc.c.obj
LOAD CMakeFiles/F4_CherryDAP.elf.dir/Package/CherryUSB/core/usbd_core.c.obj
LOAD CMakeFiles/F4_CherryDAP.elf.dir/Package/CherryUSB/port/dwc2/usb_dc_dwc2.c.obj
LOAD CMakeFiles/F4_CherryDAP.elf.dir/Package/CherryUSB/port/dwc2/usb_glue_st.c.obj
LOAD CMakeFiles/F4_CherryDAP.elf.dir/Package/DAPLink/Source/DAP.c.obj
LOAD CMakeFiles/F4_CherryDAP.elf.dir/Package/DAPLink/Source/DAP_vendor.c.obj
LOAD CMakeFiles/F4_CherryDAP.elf.dir/Package/DAPLink/Source/JTAG_DP.c.obj
LOAD CMakeFiles/F4_CherryDAP.elf.dir/Package/DAPLink/Source/SWD_flash.c.obj
LOAD CMakeFiles/F4_CherryDAP.elf.dir/Package/DAPLink/Source/SWO.c.obj
LOAD CMakeFiles/F4_CherryDAP.elf.dir/Package/DAPLink/Source/SW_DP.c.obj
LOAD CMakeFiles/F4_CherryDAP.elf.dir/Package/DAPLink/Source/UART.c.obj
LOAD CMakeFiles/F4_CherryDAP.elf.dir/Package/DAPLink/Source/error.c.obj
LOAD CMakeFiles/F4_CherryDAP.elf.dir/Package/DAPLink/Source/swd_host.c.obj
START GROUP
LOAD D:/AppData/DevelopTool/GNU-Tools-ARM-Embedded/bin/../lib/gcc/arm-none-eabi/13.3.1/thumb/v7e-m+fp/hard\libgcc.a
LOAD D:/AppData/DevelopTool/GNU-Tools-ARM-Embedded/bin/../lib/gcc/arm-none-eabi/13.3.1/thumb/v7e-m+fp/hard\libg.a
LOAD D:/AppData/DevelopTool/GNU-Tools-ARM-Embedded/bin/../lib/gcc/arm-none-eabi/13.3.1/thumb/v7e-m+fp/hard\libc.a
END GROUP
LOAD D:/AppData/DevelopTool/GNU-Tools-ARM-Embedded/bin/../lib/gcc/arm-none-eabi/13.3.1/thumb/v7e-m+fp/hard/crtend.o
LOAD D:/AppData/DevelopTool/GNU-Tools-ARM-Embedded/bin/../lib/gcc/arm-none-eabi/13.3.1/thumb/v7e-m+fp/hard/crtn.o
                0x20020000                        _estack = (ORIGIN (RAM) + LENGTH (RAM))
                0x00000400                        _Min_Heap_Size = 0x400
                0x00000800                        _Min_Stack_Size = 0x800

.isr_vector     0x08000000      0x188
                0x08000000                        . = ALIGN (0x4)
 *(.isr_vector)
 .isr_vector    0x08000000      0x188 CMakeFiles/F4_CherryDAP.elf.dir/Core/Startup/startup_stm32f407zgtx.s.obj
                0x08000000                g_pfnVectors
                0x08000188                        . = ALIGN (0x4)

.text           0x080001c0     0xfc5c
                0x080001c0                        . = ALIGN (0x4)
 *(.text)
 .text          0x080001c0       0x30 D:/AppData/DevelopTool/GNU-Tools-ARM-Embedded/bin/../lib/gcc/arm-none-eabi/13.3.1/thumb/v7e-m+fp/hard\libgcc.a(_aeabi_uldivmod.o)
                0x080001c0                __aeabi_uldivmod
 .text          0x080001f0        0x4 D:/AppData/DevelopTool/GNU-Tools-ARM-Embedded/bin/../lib/gcc/arm-none-eabi/13.3.1/thumb/v7e-m+fp/hard\libgcc.a(_dvmd_tls.o)
                0x080001f0                __aeabi_idiv0
                0x080001f0                __aeabi_ldiv0
 .text          0x080001f4      0x134 D:/AppData/DevelopTool/GNU-Tools-ARM-Embedded/bin/../lib/gcc/arm-none-eabi/13.3.1/thumb/v7e-m+fp/hard\libg.a(libc_a-memcpy.o)
                0x080001f4                memcpy
 *fill*         0x08000328       0x18 
 .text          0x08000340       0xd8 D:/AppData/DevelopTool/GNU-Tools-ARM-Embedded/bin/../lib/gcc/arm-none-eabi/13.3.1/thumb/v7e-m+fp/hard\libg.a(libc_a-strlen.o)
                0x08000340                strlen
 *fill*         0x08000418        0x8 
 .text          0x08000420       0xa0 D:/AppData/DevelopTool/GNU-Tools-ARM-Embedded/bin/../lib/gcc/arm-none-eabi/13.3.1/thumb/v7e-m+fp/hard\libg.a(libc_a-memchr.o)
                0x08000420                memchr
 .text          0x080004c0      0x378 D:/AppData/DevelopTool/GNU-Tools-ARM-Embedded/bin/../lib/gcc/arm-none-eabi/13.3.1/thumb/v7e-m+fp/hard\libgcc.a(_arm_addsubdf3.o)
                0x080004c0                __aeabi_drsub
                0x080004c8                __aeabi_dsub
                0x080004c8                __subdf3
                0x080004cc                __aeabi_dadd
                0x080004cc                __adddf3
                0x08000744                __floatunsidf
                0x08000744                __aeabi_ui2d
                0x08000764                __floatsidf
                0x08000764                __aeabi_i2d
                0x08000788                __aeabi_f2d
                0x08000788                __extendsfdf2
                0x080007cc                __floatundidf
                0x080007cc                __aeabi_ul2d
                0x080007dc                __floatdidf
                0x080007dc                __aeabi_l2d
 .text          0x08000838      0x424 D:/AppData/DevelopTool/GNU-Tools-ARM-Embedded/bin/../lib/gcc/arm-none-eabi/13.3.1/thumb/v7e-m+fp/hard\libgcc.a(_arm_muldivdf3.o)
                0x08000838                __aeabi_dmul
                0x08000838                __muldf3
                0x08000a8c                __divdf3
                0x08000a8c                __aeabi_ddiv
 .text          0x08000c5c      0x110 D:/AppData/DevelopTool/GNU-Tools-ARM-Embedded/bin/../lib/gcc/arm-none-eabi/13.3.1/thumb/v7e-m+fp/hard\libgcc.a(_arm_cmpdf2.o)
                0x08000c5c                __gtdf2
                0x08000c5c                __gedf2
                0x08000c64                __ltdf2
                0x08000c64                __ledf2
                0x08000c6c                __nedf2
                0x08000c6c                __eqdf2
                0x08000c6c                __cmpdf2
                0x08000ce8                __aeabi_cdrcmple
                0x08000cf8                __aeabi_cdcmpeq
                0x08000cf8                __aeabi_cdcmple
                0x08000d08                __aeabi_dcmpeq
                0x08000d1c                __aeabi_dcmplt
                0x08000d30                __aeabi_dcmple
                0x08000d44                __aeabi_dcmpge
                0x08000d58                __aeabi_dcmpgt
 .text          0x08000d6c       0x2c D:/AppData/DevelopTool/GNU-Tools-ARM-Embedded/bin/../lib/gcc/arm-none-eabi/13.3.1/thumb/v7e-m+fp/hard\libgcc.a(_arm_unorddf2.o)
                0x08000d6c                __unorddf2
                0x08000d6c                __aeabi_dcmpun
 .text          0x08000d98       0x50 D:/AppData/DevelopTool/GNU-Tools-ARM-Embedded/bin/../lib/gcc/arm-none-eabi/13.3.1/thumb/v7e-m+fp/hard\libgcc.a(_arm_fixdfsi.o)
                0x08000d98                __aeabi_d2iz
                0x08000d98                __fixdfsi
 *(.text*)
 .text.deregister_tm_clones
                0x08000de8       0x1c D:/AppData/DevelopTool/GNU-Tools-ARM-Embedded/bin/../lib/gcc/arm-none-eabi/13.3.1/thumb/v7e-m+fp/hard/crtbegin.o
 .text.register_tm_clones
                0x08000e04       0x24 D:/AppData/DevelopTool/GNU-Tools-ARM-Embedded/bin/../lib/gcc/arm-none-eabi/13.3.1/thumb/v7e-m+fp/hard/crtbegin.o
 .text.__do_global_dtors_aux
                0x08000e28       0x28 D:/AppData/DevelopTool/GNU-Tools-ARM-Embedded/bin/../lib/gcc/arm-none-eabi/13.3.1/thumb/v7e-m+fp/hard/crtbegin.o
 .text.frame_dummy
                0x08000e50       0x24 D:/AppData/DevelopTool/GNU-Tools-ARM-Embedded/bin/../lib/gcc/arm-none-eabi/13.3.1/thumb/v7e-m+fp/hard/crtbegin.o
 .text.chry_dap_state_init
                0x08000e74       0x58 CMakeFiles/F4_CherryDAP.elf.dir/Core/Src/dap_main.c.obj
 .text.dap_out_callback
                0x08000ecc       0x8c CMakeFiles/F4_CherryDAP.elf.dir/Core/Src/dap_main.c.obj
                0x08000ecc                dap_out_callback
 .text.usbd_event_handler
                0x08000f58       0x54 CMakeFiles/F4_CherryDAP.elf.dir/Core/Src/dap_main.c.obj
 .text.dap_in_callback
                0x08000fac       0x74 CMakeFiles/F4_CherryDAP.elf.dir/Core/Src/dap_main.c.obj
                0x08000fac                dap_in_callback
 .text.usbd_cdc_acm_bulk_out
                0x08001020       0x48 CMakeFiles/F4_CherryDAP.elf.dir/Core/Src/dap_main.c.obj
                0x08001020                usbd_cdc_acm_bulk_out
 .text.usbd_cdc_acm_bulk_in
                0x08001068       0x68 CMakeFiles/F4_CherryDAP.elf.dir/Core/Src/dap_main.c.obj
                0x08001068                usbd_cdc_acm_bulk_in
 .text.chry_dap_init
                0x080010d0       0xd0 CMakeFiles/F4_CherryDAP.elf.dir/Core/Src/dap_main.c.obj
                0x080010d0                chry_dap_init
 .text.chry_dap_handle
                0x080011a0      0x16c CMakeFiles/F4_CherryDAP.elf.dir/Core/Src/dap_main.c.obj
                0x080011a0                chry_dap_handle
 .text.usbd_cdc_acm_set_line_coding
                0x0800130c       0x38 CMakeFiles/F4_CherryDAP.elf.dir/Core/Src/dap_main.c.obj
                0x0800130c                usbd_cdc_acm_set_line_coding
 .text.usbd_cdc_acm_get_line_coding
                0x08001344       0x14 CMakeFiles/F4_CherryDAP.elf.dir/Core/Src/dap_main.c.obj
                0x08001344                usbd_cdc_acm_get_line_coding
 .text.serial_send_data
                0x08001358        0x2 CMakeFiles/F4_CherryDAP.elf.dir/Core/Src/dap_main.c.obj
                0x08001358                serial_send_data
 *fill*         0x0800135a        0x2 
 .text.chry_dap_usb2uart_uart_send_complete
                0x0800135c       0x3c CMakeFiles/F4_CherryDAP.elf.dir/Core/Src/dap_main.c.obj
                0x0800135c                chry_dap_usb2uart_uart_send_complete
 .text.chry_dap_usb2uart_handle
                0x08001398       0xf8 CMakeFiles/F4_CherryDAP.elf.dir/Core/Src/dap_main.c.obj
                0x08001398                chry_dap_usb2uart_handle
 .text.MX_DMA_Init
                0x08001490       0x44 CMakeFiles/F4_CherryDAP.elf.dir/Core/Src/dma.c.obj
                0x08001490                MX_DMA_Init
 .text.ID_timeout
                0x080014d4       0x44 CMakeFiles/F4_CherryDAP.elf.dir/Core/Src/freertos.c.obj
 .text.DAPFun   0x08001518       0x2c CMakeFiles/F4_CherryDAP.elf.dir/Core/Src/freertos.c.obj
                0x08001518                DAPFun
 .text.UartTaskFun
                0x08001544        0xa CMakeFiles/F4_CherryDAP.elf.dir/Core/Src/freertos.c.obj
                0x08001544                UartTaskFun
 *fill*         0x0800154e        0x2 
 .text.soft_reset_target
                0x08001550       0x40 CMakeFiles/F4_CherryDAP.elf.dir/Core/Src/freertos.c.obj
                0x08001550                soft_reset_target
 .text.vApplicationGetIdleTaskMemory
                0x08001590       0x18 CMakeFiles/F4_CherryDAP.elf.dir/Core/Src/freertos.c.obj
                0x08001590                vApplicationGetIdleTaskMemory
 .text.MX_FREERTOS_Init
                0x080015a8       0x64 CMakeFiles/F4_CherryDAP.elf.dir/Core/Src/freertos.c.obj
                0x080015a8                MX_FREERTOS_Init
 .text.MX_GPIO_Init
                0x0800160c       0xa4 CMakeFiles/F4_CherryDAP.elf.dir/Core/Src/gpio.c.obj
                0x0800160c                MX_GPIO_Init
 .text.usb_dc_low_level_init
                0x080016b0       0x78 CMakeFiles/F4_CherryDAP.elf.dir/Core/Src/main.c.obj
                0x080016b0                usb_dc_low_level_init
 .text.HAL_TIM_PeriodElapsedCallback
                0x08001728       0x18 CMakeFiles/F4_CherryDAP.elf.dir/Core/Src/main.c.obj
                0x08001728                HAL_TIM_PeriodElapsedCallback
 .text.Error_Handler
                0x08001740        0x4 CMakeFiles/F4_CherryDAP.elf.dir/Core/Src/main.c.obj
                0x08001740                Error_Handler
 .text.SystemClock_Config
                0x08001744       0xa8 CMakeFiles/F4_CherryDAP.elf.dir/Core/Src/main.c.obj
                0x08001744                SystemClock_Config
 .text.main     0x080017ec       0x24 CMakeFiles/F4_CherryDAP.elf.dir/Core/Src/main.c.obj
                0x080017ec                main
 .text.HAL_MspInit
                0x08001810       0x44 CMakeFiles/F4_CherryDAP.elf.dir/Core/Src/stm32f4xx_hal_msp.c.obj
                0x08001810                HAL_MspInit
 .text.HAL_InitTick
                0x08001854       0x98 CMakeFiles/F4_CherryDAP.elf.dir/Core/Src/stm32f4xx_hal_timebase_tim.c.obj
                0x08001854                HAL_InitTick
 .text.NMI_Handler
                0x080018ec        0x2 CMakeFiles/F4_CherryDAP.elf.dir/Core/Src/stm32f4xx_it.c.obj
                0x080018ec                NMI_Handler
 .text.HardFault_Handler
                0x080018ee        0x2 CMakeFiles/F4_CherryDAP.elf.dir/Core/Src/stm32f4xx_it.c.obj
                0x080018ee                HardFault_Handler
 .text.MemManage_Handler
                0x080018f0        0x2 CMakeFiles/F4_CherryDAP.elf.dir/Core/Src/stm32f4xx_it.c.obj
                0x080018f0                MemManage_Handler
 .text.BusFault_Handler
                0x080018f2        0x2 CMakeFiles/F4_CherryDAP.elf.dir/Core/Src/stm32f4xx_it.c.obj
                0x080018f2                BusFault_Handler
 .text.UsageFault_Handler
                0x080018f4        0x2 CMakeFiles/F4_CherryDAP.elf.dir/Core/Src/stm32f4xx_it.c.obj
                0x080018f4                UsageFault_Handler
 .text.DebugMon_Handler
                0x080018f6        0x2 CMakeFiles/F4_CherryDAP.elf.dir/Core/Src/stm32f4xx_it.c.obj
                0x080018f6                DebugMon_Handler
 .text.DMA1_Stream1_IRQHandler
                0x080018f8       0x10 CMakeFiles/F4_CherryDAP.elf.dir/Core/Src/stm32f4xx_it.c.obj
                0x080018f8                DMA1_Stream1_IRQHandler
 .text.DMA1_Stream3_IRQHandler
                0x08001908       0x10 CMakeFiles/F4_CherryDAP.elf.dir/Core/Src/stm32f4xx_it.c.obj
                0x08001908                DMA1_Stream3_IRQHandler
 .text.TIM1_UP_TIM10_IRQHandler
                0x08001918       0x10 CMakeFiles/F4_CherryDAP.elf.dir/Core/Src/stm32f4xx_it.c.obj
                0x08001918                TIM1_UP_TIM10_IRQHandler
 .text.USART1_IRQHandler
                0x08001928       0x10 CMakeFiles/F4_CherryDAP.elf.dir/Core/Src/stm32f4xx_it.c.obj
                0x08001928                USART1_IRQHandler
 .text.USART3_IRQHandler
                0x08001938       0x80 CMakeFiles/F4_CherryDAP.elf.dir/Core/Src/stm32f4xx_it.c.obj
                0x08001938                USART3_IRQHandler
 .text.OTG_FS_IRQHandler
                0x080019b8        0xa CMakeFiles/F4_CherryDAP.elf.dir/Core/Src/stm32f4xx_it.c.obj
                0x080019b8                OTG_FS_IRQHandler
 .text._getpid  0x080019c2        0x4 CMakeFiles/F4_CherryDAP.elf.dir/Core/Src/syscalls.c.obj
                0x080019c2                _getpid
 .text._kill    0x080019c6       0x10 CMakeFiles/F4_CherryDAP.elf.dir/Core/Src/syscalls.c.obj
                0x080019c6                _kill
 .text._exit    0x080019d6        0xc CMakeFiles/F4_CherryDAP.elf.dir/Core/Src/syscalls.c.obj
                0x080019d6                _exit
 .text._read    0x080019e2       0x20 CMakeFiles/F4_CherryDAP.elf.dir/Core/Src/syscalls.c.obj
                0x080019e2                _read
 .text._write   0x08001a02       0x1c CMakeFiles/F4_CherryDAP.elf.dir/Core/Src/syscalls.c.obj
                0x08001a02                _write
 .text._close   0x08001a1e        0x6 CMakeFiles/F4_CherryDAP.elf.dir/Core/Src/syscalls.c.obj
                0x08001a1e                _close
 .text._fstat   0x08001a24        0xa CMakeFiles/F4_CherryDAP.elf.dir/Core/Src/syscalls.c.obj
                0x08001a24                _fstat
 .text._isatty  0x08001a2e        0x4 CMakeFiles/F4_CherryDAP.elf.dir/Core/Src/syscalls.c.obj
                0x08001a2e                _isatty
 .text._lseek   0x08001a32        0x4 CMakeFiles/F4_CherryDAP.elf.dir/Core/Src/syscalls.c.obj
                0x08001a32                _lseek
 *fill*         0x08001a36        0x2 
 .text._sbrk    0x08001a38       0x48 CMakeFiles/F4_CherryDAP.elf.dir/Core/Src/sysmem.c.obj
                0x08001a38                _sbrk
 .text.SystemInit
                0x08001a80       0x14 CMakeFiles/F4_CherryDAP.elf.dir/Core/Src/system_stm32f4xx.c.obj
                0x08001a80                SystemInit
 .text.MX_USART1_UART_Init
                0x08001a94       0x34 CMakeFiles/F4_CherryDAP.elf.dir/Core/Src/usart.c.obj
                0x08001a94                MX_USART1_UART_Init
 .text.MX_USART3_UART_Init
                0x08001ac8       0x34 CMakeFiles/F4_CherryDAP.elf.dir/Core/Src/usart.c.obj
                0x08001ac8                MX_USART3_UART_Init
 .text.HAL_UART_MspInit
                0x08001afc      0x190 CMakeFiles/F4_CherryDAP.elf.dir/Core/Src/usart.c.obj
                0x08001afc                HAL_UART_MspInit
 .text.__io_putchar
                0x08001c8c       0x20 CMakeFiles/F4_CherryDAP.elf.dir/Core/Src/usart.c.obj
                0x08001c8c                __io_putchar
 .text.chry_dap_usb2uart_uart_config_callback
                0x08001cac       0x8c CMakeFiles/F4_CherryDAP.elf.dir/Core/Src/usart.c.obj
                0x08001cac                chry_dap_usb2uart_uart_config_callback
 .text.chry_dap_usb2uart_uart_send_bydma
                0x08001d38       0x1c CMakeFiles/F4_CherryDAP.elf.dir/Core/Src/usb2uart.c.obj
                0x08001d38                chry_dap_usb2uart_uart_send_bydma
 .text.HAL_UART_TxCpltCallback
                0x08001d54       0x20 CMakeFiles/F4_CherryDAP.elf.dir/Core/Src/usb2uart.c.obj
                0x08001d54                HAL_UART_TxCpltCallback
 .text.Reset_Handler
                0x08001d74       0x50 CMakeFiles/F4_CherryDAP.elf.dir/Core/Startup/startup_stm32f407zgtx.s.obj
                0x08001d74                Reset_Handler
 .text.Default_Handler
                0x08001dc4        0x2 CMakeFiles/F4_CherryDAP.elf.dir/Core/Startup/startup_stm32f407zgtx.s.obj
                0x08001dc4                RTC_Alarm_IRQHandler
                0x08001dc4                HASH_RNG_IRQHandler
                0x08001dc4                EXTI2_IRQHandler
                0x08001dc4                TIM8_CC_IRQHandler
                0x08001dc4                TIM1_CC_IRQHandler
                0x08001dc4                DMA2_Stream5_IRQHandler
                0x08001dc4                DMA1_Stream5_IRQHandler
                0x08001dc4                PVD_IRQHandler
                0x08001dc4                SDIO_IRQHandler
                0x08001dc4                TAMP_STAMP_IRQHandler
                0x08001dc4                CAN2_RX1_IRQHandler
                0x08001dc4                EXTI3_IRQHandler
                0x08001dc4                TIM8_TRG_COM_TIM14_IRQHandler
                0x08001dc4                TIM8_UP_TIM13_IRQHandler
                0x08001dc4                I2C3_ER_IRQHandler
                0x08001dc4                EXTI0_IRQHandler
                0x08001dc4                I2C2_EV_IRQHandler
                0x08001dc4                DMA1_Stream2_IRQHandler
                0x08001dc4                CAN1_RX0_IRQHandler
                0x08001dc4                FPU_IRQHandler
                0x08001dc4                OTG_HS_WKUP_IRQHandler
                0x08001dc4                CAN2_SCE_IRQHandler
                0x08001dc4                DMA2_Stream2_IRQHandler
                0x08001dc4                SPI1_IRQHandler
                0x08001dc4                TIM6_DAC_IRQHandler
                0x08001dc4                TIM1_BRK_TIM9_IRQHandler
                0x08001dc4                DCMI_IRQHandler
                0x08001dc4                CAN2_RX0_IRQHandler
                0x08001dc4                DMA2_Stream3_IRQHandler
                0x08001dc4                USART6_IRQHandler
                0x08001dc4                CAN1_RX1_IRQHandler
                0x08001dc4                UART5_IRQHandler
                0x08001dc4                DMA2_Stream0_IRQHandler
                0x08001dc4                TIM4_IRQHandler
                0x08001dc4                I2C1_EV_IRQHandler
                0x08001dc4                DMA1_Stream6_IRQHandler
                0x08001dc4                UART4_IRQHandler
                0x08001dc4                TIM3_IRQHandler
                0x08001dc4                RCC_IRQHandler
                0x08001dc4                TIM8_BRK_TIM12_IRQHandler
                0x08001dc4                Default_Handler
                0x08001dc4                EXTI15_10_IRQHandler
                0x08001dc4                ADC_IRQHandler
                0x08001dc4                DMA1_Stream7_IRQHandler
                0x08001dc4                TIM7_IRQHandler
                0x08001dc4                CAN2_TX_IRQHandler
                0x08001dc4                TIM5_IRQHandler
                0x08001dc4                DMA2_Stream7_IRQHandler
                0x08001dc4                I2C3_EV_IRQHandler
                0x08001dc4                EXTI9_5_IRQHandler
                0x08001dc4                RTC_WKUP_IRQHandler
                0x08001dc4                ETH_WKUP_IRQHandler
                0x08001dc4                SPI2_IRQHandler
                0x08001dc4                OTG_HS_EP1_IN_IRQHandler
                0x08001dc4                DMA1_Stream0_IRQHandler
                0x08001dc4                CAN1_TX_IRQHandler
                0x08001dc4                EXTI4_IRQHandler
                0x08001dc4                FSMC_IRQHandler
                0x08001dc4                ETH_IRQHandler
                0x08001dc4                OTG_HS_EP1_OUT_IRQHandler
                0x08001dc4                WWDG_IRQHandler
                0x08001dc4                TIM2_IRQHandler
                0x08001dc4                OTG_FS_WKUP_IRQHandler
                0x08001dc4                TIM1_TRG_COM_TIM11_IRQHandler
                0x08001dc4                OTG_HS_IRQHandler
                0x08001dc4                EXTI1_IRQHandler
                0x08001dc4                USART2_IRQHandler
                0x08001dc4                I2C2_ER_IRQHandler
                0x08001dc4                DMA2_Stream1_IRQHandler
                0x08001dc4                CAN1_SCE_IRQHandler
                0x08001dc4                FLASH_IRQHandler
                0x08001dc4                DMA2_Stream4_IRQHandler
                0x08001dc4                SPI3_IRQHandler
                0x08001dc4                DMA1_Stream4_IRQHandler
                0x08001dc4                I2C1_ER_IRQHandler
                0x08001dc4                DMA2_Stream6_IRQHandler
 *fill*         0x08001dc6        0x2 
 .text.HAL_Init
                0x08001dc8       0x34 CMakeFiles/F4_CherryDAP.elf.dir/Drivers/STM32F4xx_HAL_Driver/Src/stm32f4xx_hal.c.obj
                0x08001dc8                HAL_Init
 .text.HAL_IncTick
                0x08001dfc       0x18 CMakeFiles/F4_CherryDAP.elf.dir/Drivers/STM32F4xx_HAL_Driver/Src/stm32f4xx_hal.c.obj
                0x08001dfc                HAL_IncTick
 .text.HAL_GetTick
                0x08001e14        0xc CMakeFiles/F4_CherryDAP.elf.dir/Drivers/STM32F4xx_HAL_Driver/Src/stm32f4xx_hal.c.obj
                0x08001e14                HAL_GetTick
 .text.__NVIC_EnableIRQ
                0x08001e20       0x1c CMakeFiles/F4_CherryDAP.elf.dir/Drivers/STM32F4xx_HAL_Driver/Src/stm32f4xx_hal_cortex.c.obj
 .text.__NVIC_SetPriority
                0x08001e3c       0x28 CMakeFiles/F4_CherryDAP.elf.dir/Drivers/STM32F4xx_HAL_Driver/Src/stm32f4xx_hal_cortex.c.obj
 .text.NVIC_EncodePriority
                0x08001e64       0x3e CMakeFiles/F4_CherryDAP.elf.dir/Drivers/STM32F4xx_HAL_Driver/Src/stm32f4xx_hal_cortex.c.obj
 *fill*         0x08001ea2        0x2 
 .text.HAL_NVIC_SetPriorityGrouping
                0x08001ea4       0x24 CMakeFiles/F4_CherryDAP.elf.dir/Drivers/STM32F4xx_HAL_Driver/Src/stm32f4xx_hal_cortex.c.obj
                0x08001ea4                HAL_NVIC_SetPriorityGrouping
 .text.HAL_NVIC_SetPriority
                0x08001ec8       0x20 CMakeFiles/F4_CherryDAP.elf.dir/Drivers/STM32F4xx_HAL_Driver/Src/stm32f4xx_hal_cortex.c.obj
                0x08001ec8                HAL_NVIC_SetPriority
 .text.HAL_NVIC_EnableIRQ
                0x08001ee8        0x8 CMakeFiles/F4_CherryDAP.elf.dir/Drivers/STM32F4xx_HAL_Driver/Src/stm32f4xx_hal_cortex.c.obj
                0x08001ee8                HAL_NVIC_EnableIRQ
 .text.DMA_SetConfig
                0x08001ef0       0x2c CMakeFiles/F4_CherryDAP.elf.dir/Drivers/STM32F4xx_HAL_Driver/Src/stm32f4xx_hal_dma.c.obj
 .text.DMA_CalcBaseAndBitshift
                0x08001f1c       0x3c CMakeFiles/F4_CherryDAP.elf.dir/Drivers/STM32F4xx_HAL_Driver/Src/stm32f4xx_hal_dma.c.obj
 .text.DMA_CheckFifoParam
                0x08001f58       0x8e CMakeFiles/F4_CherryDAP.elf.dir/Drivers/STM32F4xx_HAL_Driver/Src/stm32f4xx_hal_dma.c.obj
 *fill*         0x08001fe6        0x2 
 .text.HAL_DMA_Init
                0x08001fe8       0xcc CMakeFiles/F4_CherryDAP.elf.dir/Drivers/STM32F4xx_HAL_Driver/Src/stm32f4xx_hal_dma.c.obj
                0x08001fe8                HAL_DMA_Init
 .text.HAL_DMA_Start_IT
                0x080020b4       0x6a CMakeFiles/F4_CherryDAP.elf.dir/Drivers/STM32F4xx_HAL_Driver/Src/stm32f4xx_hal_dma.c.obj
                0x080020b4                HAL_DMA_Start_IT
 .text.HAL_DMA_Abort
                0x0800211e       0x94 CMakeFiles/F4_CherryDAP.elf.dir/Drivers/STM32F4xx_HAL_Driver/Src/stm32f4xx_hal_dma.c.obj
                0x0800211e                HAL_DMA_Abort
 .text.HAL_DMA_Abort_IT
                0x080021b2       0x26 CMakeFiles/F4_CherryDAP.elf.dir/Drivers/STM32F4xx_HAL_Driver/Src/stm32f4xx_hal_dma.c.obj
                0x080021b2                HAL_DMA_Abort_IT
 .text.HAL_DMA_IRQHandler
                0x080021d8      0x1dc CMakeFiles/F4_CherryDAP.elf.dir/Drivers/STM32F4xx_HAL_Driver/Src/stm32f4xx_hal_dma.c.obj
                0x080021d8                HAL_DMA_IRQHandler
 .text.HAL_DMA_GetError
                0x080023b4        0x4 CMakeFiles/F4_CherryDAP.elf.dir/Drivers/STM32F4xx_HAL_Driver/Src/stm32f4xx_hal_dma.c.obj
                0x080023b4                HAL_DMA_GetError
 .text.HAL_GPIO_Init
                0x080023b8      0x1ec CMakeFiles/F4_CherryDAP.elf.dir/Drivers/STM32F4xx_HAL_Driver/Src/stm32f4xx_hal_gpio.c.obj
                0x080023b8                HAL_GPIO_Init
 .text.HAL_GPIO_WritePin
                0x080025a4        0xc CMakeFiles/F4_CherryDAP.elf.dir/Drivers/STM32F4xx_HAL_Driver/Src/stm32f4xx_hal_gpio.c.obj
                0x080025a4                HAL_GPIO_WritePin
 .text.HAL_RCC_OscConfig
                0x080025b0      0x3f8 CMakeFiles/F4_CherryDAP.elf.dir/Drivers/STM32F4xx_HAL_Driver/Src/stm32f4xx_hal_rcc.c.obj
                0x080025b0                HAL_RCC_OscConfig
 .text.HAL_RCC_GetSysClockFreq
                0x080029a8       0xdc CMakeFiles/F4_CherryDAP.elf.dir/Drivers/STM32F4xx_HAL_Driver/Src/stm32f4xx_hal_rcc.c.obj
                0x080029a8                HAL_RCC_GetSysClockFreq
 .text.HAL_RCC_ClockConfig
                0x08002a84      0x160 CMakeFiles/F4_CherryDAP.elf.dir/Drivers/STM32F4xx_HAL_Driver/Src/stm32f4xx_hal_rcc.c.obj
                0x08002a84                HAL_RCC_ClockConfig
 .text.HAL_RCC_GetHCLKFreq
                0x08002be4        0xc CMakeFiles/F4_CherryDAP.elf.dir/Drivers/STM32F4xx_HAL_Driver/Src/stm32f4xx_hal_rcc.c.obj
                0x08002be4                HAL_RCC_GetHCLKFreq
 .text.HAL_RCC_GetPCLK1Freq
                0x08002bf0       0x20 CMakeFiles/F4_CherryDAP.elf.dir/Drivers/STM32F4xx_HAL_Driver/Src/stm32f4xx_hal_rcc.c.obj
                0x08002bf0                HAL_RCC_GetPCLK1Freq
 .text.HAL_RCC_GetPCLK2Freq
                0x08002c10       0x20 CMakeFiles/F4_CherryDAP.elf.dir/Drivers/STM32F4xx_HAL_Driver/Src/stm32f4xx_hal_rcc.c.obj
                0x08002c10                HAL_RCC_GetPCLK2Freq
 .text.HAL_RCC_GetClockConfig
                0x08002c30       0x3c CMakeFiles/F4_CherryDAP.elf.dir/Drivers/STM32F4xx_HAL_Driver/Src/stm32f4xx_hal_rcc.c.obj
                0x08002c30                HAL_RCC_GetClockConfig
 .text.HAL_TIM_Base_MspInit
                0x08002c6c        0x2 CMakeFiles/F4_CherryDAP.elf.dir/Drivers/STM32F4xx_HAL_Driver/Src/stm32f4xx_hal_tim.c.obj
                0x08002c6c                HAL_TIM_Base_MspInit
 *fill*         0x08002c6e        0x2 
 .text.HAL_TIM_Base_Start_IT
                0x08002c70       0x88 CMakeFiles/F4_CherryDAP.elf.dir/Drivers/STM32F4xx_HAL_Driver/Src/stm32f4xx_hal_tim.c.obj
                0x08002c70                HAL_TIM_Base_Start_IT
 .text.HAL_TIM_OC_DelayElapsedCallback
                0x08002cf8        0x2 CMakeFiles/F4_CherryDAP.elf.dir/Drivers/STM32F4xx_HAL_Driver/Src/stm32f4xx_hal_tim.c.obj
                0x08002cf8                HAL_TIM_OC_DelayElapsedCallback
 .text.HAL_TIM_IC_CaptureCallback
                0x08002cfa        0x2 CMakeFiles/F4_CherryDAP.elf.dir/Drivers/STM32F4xx_HAL_Driver/Src/stm32f4xx_hal_tim.c.obj
                0x08002cfa                HAL_TIM_IC_CaptureCallback
 .text.HAL_TIM_PWM_PulseFinishedCallback
                0x08002cfc        0x2 CMakeFiles/F4_CherryDAP.elf.dir/Drivers/STM32F4xx_HAL_Driver/Src/stm32f4xx_hal_tim.c.obj
                0x08002cfc                HAL_TIM_PWM_PulseFinishedCallback
 .text.HAL_TIM_TriggerCallback
                0x08002cfe        0x2 CMakeFiles/F4_CherryDAP.elf.dir/Drivers/STM32F4xx_HAL_Driver/Src/stm32f4xx_hal_tim.c.obj
                0x08002cfe                HAL_TIM_TriggerCallback
 .text.HAL_TIM_IRQHandler
                0x08002d00      0x15e CMakeFiles/F4_CherryDAP.elf.dir/Drivers/STM32F4xx_HAL_Driver/Src/stm32f4xx_hal_tim.c.obj
                0x08002d00                HAL_TIM_IRQHandler
 *fill*         0x08002e5e        0x2 
 .text.TIM_Base_SetConfig
                0x08002e60       0xd8 CMakeFiles/F4_CherryDAP.elf.dir/Drivers/STM32F4xx_HAL_Driver/Src/stm32f4xx_hal_tim.c.obj
                0x08002e60                TIM_Base_SetConfig
 .text.HAL_TIM_Base_Init
                0x08002f38       0x58 CMakeFiles/F4_CherryDAP.elf.dir/Drivers/STM32F4xx_HAL_Driver/Src/stm32f4xx_hal_tim.c.obj
                0x08002f38                HAL_TIM_Base_Init
 .text.HAL_TIMEx_CommutCallback
                0x08002f90        0x2 CMakeFiles/F4_CherryDAP.elf.dir/Drivers/STM32F4xx_HAL_Driver/Src/stm32f4xx_hal_tim_ex.c.obj
                0x08002f90                HAL_TIMEx_CommutCallback
 .text.HAL_TIMEx_BreakCallback
                0x08002f92        0x2 CMakeFiles/F4_CherryDAP.elf.dir/Drivers/STM32F4xx_HAL_Driver/Src/stm32f4xx_hal_tim_ex.c.obj
                0x08002f92                HAL_TIMEx_BreakCallback
 .text.UART_EndTxTransfer
                0x08002f94       0x20 CMakeFiles/F4_CherryDAP.elf.dir/Drivers/STM32F4xx_HAL_Driver/Src/stm32f4xx_hal_uart.c.obj
 .text.UART_EndRxTransfer
                0x08002fb4       0x5c CMakeFiles/F4_CherryDAP.elf.dir/Drivers/STM32F4xx_HAL_Driver/Src/stm32f4xx_hal_uart.c.obj
 .text.UART_Transmit_IT
                0x08003010       0x60 CMakeFiles/F4_CherryDAP.elf.dir/Drivers/STM32F4xx_HAL_Driver/Src/stm32f4xx_hal_uart.c.obj
 .text.UART_SetConfig
                0x08003070      0x110 CMakeFiles/F4_CherryDAP.elf.dir/Drivers/STM32F4xx_HAL_Driver/Src/stm32f4xx_hal_uart.c.obj
 .text.UART_WaitOnFlagUntilTimeout
                0x08003180       0x86 CMakeFiles/F4_CherryDAP.elf.dir/Drivers/STM32F4xx_HAL_Driver/Src/stm32f4xx_hal_uart.c.obj
 .text.HAL_UART_Init
                0x08003206       0x60 CMakeFiles/F4_CherryDAP.elf.dir/Drivers/STM32F4xx_HAL_Driver/Src/stm32f4xx_hal_uart.c.obj
                0x08003206                HAL_UART_Init
 .text.HAL_UART_Transmit
                0x08003266       0xcc CMakeFiles/F4_CherryDAP.elf.dir/Drivers/STM32F4xx_HAL_Driver/Src/stm32f4xx_hal_uart.c.obj
                0x08003266                HAL_UART_Transmit
 *fill*         0x08003332        0x2 
 .text.HAL_UART_Transmit_DMA
                0x08003334       0x84 CMakeFiles/F4_CherryDAP.elf.dir/Drivers/STM32F4xx_HAL_Driver/Src/stm32f4xx_hal_uart.c.obj
                0x08003334                HAL_UART_Transmit_DMA
 .text.HAL_UART_AbortReceive
                0x080033b8       0xa6 CMakeFiles/F4_CherryDAP.elf.dir/Drivers/STM32F4xx_HAL_Driver/Src/stm32f4xx_hal_uart.c.obj
                0x080033b8                HAL_UART_AbortReceive
 .text.UART_DMATransmitCplt
                0x0800345e       0x4c CMakeFiles/F4_CherryDAP.elf.dir/Drivers/STM32F4xx_HAL_Driver/Src/stm32f4xx_hal_uart.c.obj
 .text.UART_EndTransmit_IT
                0x080034aa       0x1a CMakeFiles/F4_CherryDAP.elf.dir/Drivers/STM32F4xx_HAL_Driver/Src/stm32f4xx_hal_uart.c.obj
 .text.HAL_UART_TxHalfCpltCallback
                0x080034c4        0x2 CMakeFiles/F4_CherryDAP.elf.dir/Drivers/STM32F4xx_HAL_Driver/Src/stm32f4xx_hal_uart.c.obj
                0x080034c4                HAL_UART_TxHalfCpltCallback
 .text.UART_DMATxHalfCplt
                0x080034c6        0xa CMakeFiles/F4_CherryDAP.elf.dir/Drivers/STM32F4xx_HAL_Driver/Src/stm32f4xx_hal_uart.c.obj
 .text.HAL_UART_RxCpltCallback
                0x080034d0        0x2 CMakeFiles/F4_CherryDAP.elf.dir/Drivers/STM32F4xx_HAL_Driver/Src/stm32f4xx_hal_uart.c.obj
                0x080034d0                HAL_UART_RxCpltCallback
 .text.HAL_UART_RxHalfCpltCallback
                0x080034d2        0x2 CMakeFiles/F4_CherryDAP.elf.dir/Drivers/STM32F4xx_HAL_Driver/Src/stm32f4xx_hal_uart.c.obj
                0x080034d2                HAL_UART_RxHalfCpltCallback
 .text.HAL_UART_ErrorCallback
                0x080034d4        0x2 CMakeFiles/F4_CherryDAP.elf.dir/Drivers/STM32F4xx_HAL_Driver/Src/stm32f4xx_hal_uart.c.obj
                0x080034d4                HAL_UART_ErrorCallback
 .text.UART_DMAError
                0x080034d6       0x58 CMakeFiles/F4_CherryDAP.elf.dir/Drivers/STM32F4xx_HAL_Driver/Src/stm32f4xx_hal_uart.c.obj
 .text.UART_DMAAbortOnError
                0x0800352e       0x10 CMakeFiles/F4_CherryDAP.elf.dir/Drivers/STM32F4xx_HAL_Driver/Src/stm32f4xx_hal_uart.c.obj
 .text.HAL_UARTEx_RxEventCallback
                0x0800353e        0x2 CMakeFiles/F4_CherryDAP.elf.dir/Drivers/STM32F4xx_HAL_Driver/Src/stm32f4xx_hal_uart.c.obj
                0x0800353e                HAL_UARTEx_RxEventCallback
 .text.UART_Receive_IT
                0x08003540       0xe6 CMakeFiles/F4_CherryDAP.elf.dir/Drivers/STM32F4xx_HAL_Driver/Src/stm32f4xx_hal_uart.c.obj
 *fill*         0x08003626        0x2 
 .text.HAL_UART_IRQHandler
                0x08003628      0x284 CMakeFiles/F4_CherryDAP.elf.dir/Drivers/STM32F4xx_HAL_Driver/Src/stm32f4xx_hal_uart.c.obj
                0x08003628                HAL_UART_IRQHandler
 .text.UART_DMARxHalfCplt
                0x080038ac       0x1e CMakeFiles/F4_CherryDAP.elf.dir/Drivers/STM32F4xx_HAL_Driver/Src/stm32f4xx_hal_uart.c.obj
 .text.UART_DMAReceiveCplt
                0x080038ca       0x9a CMakeFiles/F4_CherryDAP.elf.dir/Drivers/STM32F4xx_HAL_Driver/Src/stm32f4xx_hal_uart.c.obj
 .text.UART_Start_Receive_DMA
                0x08003964       0xa4 CMakeFiles/F4_CherryDAP.elf.dir/Drivers/STM32F4xx_HAL_Driver/Src/stm32f4xx_hal_uart.c.obj
                0x08003964                UART_Start_Receive_DMA
 .text.HAL_UART_Receive_DMA
                0x08003a08       0x26 CMakeFiles/F4_CherryDAP.elf.dir/Drivers/STM32F4xx_HAL_Driver/Src/stm32f4xx_hal_uart.c.obj
                0x08003a08                HAL_UART_Receive_DMA
 .text.makeFreeRtosPriority
                0x08003a2e        0xc CMakeFiles/F4_CherryDAP.elf.dir/Middlewares/Third_Party/FreeRTOS/Source/CMSIS_RTOS/cmsis_os.c.obj
 .text.osKernelStart
                0x08003a3a        0xa CMakeFiles/F4_CherryDAP.elf.dir/Middlewares/Third_Party/FreeRTOS/Source/CMSIS_RTOS/cmsis_os.c.obj
                0x08003a3a                osKernelStart
 .text.osThreadCreate
                0x08003a44       0x66 CMakeFiles/F4_CherryDAP.elf.dir/Middlewares/Third_Party/FreeRTOS/Source/CMSIS_RTOS/cmsis_os.c.obj
                0x08003a44                osThreadCreate
 .text.osDelay  0x08003aaa        0xe CMakeFiles/F4_CherryDAP.elf.dir/Middlewares/Third_Party/FreeRTOS/Source/CMSIS_RTOS/cmsis_os.c.obj
                0x08003aaa                osDelay
 .text.vListInitialise
                0x08003ab8       0x16 CMakeFiles/F4_CherryDAP.elf.dir/Middlewares/Third_Party/FreeRTOS/Source/list.c.obj
                0x08003ab8                vListInitialise
 .text.vListInitialiseItem
                0x08003ace        0x6 CMakeFiles/F4_CherryDAP.elf.dir/Middlewares/Third_Party/FreeRTOS/Source/list.c.obj
                0x08003ace                vListInitialiseItem
 .text.vListInsertEnd
                0x08003ad4       0x16 CMakeFiles/F4_CherryDAP.elf.dir/Middlewares/Third_Party/FreeRTOS/Source/list.c.obj
                0x08003ad4                vListInsertEnd
 .text.vListInsert
                0x08003aea       0x32 CMakeFiles/F4_CherryDAP.elf.dir/Middlewares/Third_Party/FreeRTOS/Source/list.c.obj
                0x08003aea                vListInsert
 .text.uxListRemove
                0x08003b1c       0x26 CMakeFiles/F4_CherryDAP.elf.dir/Middlewares/Third_Party/FreeRTOS/Source/list.c.obj
                0x08003b1c                uxListRemove
 *fill*         0x08003b42        0x2 
 .text.prvTaskExitError
                0x08003b44       0x40 CMakeFiles/F4_CherryDAP.elf.dir/Middlewares/Third_Party/FreeRTOS/Source/portable/GCC/ARM_CM4F/port.c.obj
 .text.prvPortStartFirstTask
                0x08003b84       0x28 CMakeFiles/F4_CherryDAP.elf.dir/Middlewares/Third_Party/FreeRTOS/Source/portable/GCC/ARM_CM4F/port.c.obj
 .text.vPortEnableVFP
                0x08003bac       0x14 CMakeFiles/F4_CherryDAP.elf.dir/Middlewares/Third_Party/FreeRTOS/Source/portable/GCC/ARM_CM4F/port.c.obj
 .text.pxPortInitialiseStack
                0x08003bc0       0x2c CMakeFiles/F4_CherryDAP.elf.dir/Middlewares/Third_Party/FreeRTOS/Source/portable/GCC/ARM_CM4F/port.c.obj
                0x08003bc0                pxPortInitialiseStack
 *fill*         0x08003bec        0x4 
 .text.SVC_Handler
                0x08003bf0       0x24 CMakeFiles/F4_CherryDAP.elf.dir/Middlewares/Third_Party/FreeRTOS/Source/portable/GCC/ARM_CM4F/port.c.obj
                0x08003bf0                SVC_Handler
 .text.vPortEnterCritical
                0x08003c14       0x44 CMakeFiles/F4_CherryDAP.elf.dir/Middlewares/Third_Party/FreeRTOS/Source/portable/GCC/ARM_CM4F/port.c.obj
                0x08003c14                vPortEnterCritical
 .text.vPortExitCritical
                0x08003c58       0x2c CMakeFiles/F4_CherryDAP.elf.dir/Middlewares/Third_Party/FreeRTOS/Source/portable/GCC/ARM_CM4F/port.c.obj
                0x08003c58                vPortExitCritical
 *fill*         0x08003c84        0xc 
 .text.PendSV_Handler
                0x08003c90       0x64 CMakeFiles/F4_CherryDAP.elf.dir/Middlewares/Third_Party/FreeRTOS/Source/portable/GCC/ARM_CM4F/port.c.obj
                0x08003c90                PendSV_Handler
 .text.SysTick_Handler
                0x08003cf4       0x2c CMakeFiles/F4_CherryDAP.elf.dir/Middlewares/Third_Party/FreeRTOS/Source/portable/GCC/ARM_CM4F/port.c.obj
                0x08003cf4                SysTick_Handler
 .text.vPortSetupTimerInterrupt
                0x08003d20       0x28 CMakeFiles/F4_CherryDAP.elf.dir/Middlewares/Third_Party/FreeRTOS/Source/portable/GCC/ARM_CM4F/port.c.obj
                0x08003d20                vPortSetupTimerInterrupt
 .text.xPortStartScheduler
                0x08003d48      0x118 CMakeFiles/F4_CherryDAP.elf.dir/Middlewares/Third_Party/FreeRTOS/Source/portable/GCC/ARM_CM4F/port.c.obj
                0x08003d48                xPortStartScheduler
 .text.prvHeapInit
                0x08003e60       0x64 CMakeFiles/F4_CherryDAP.elf.dir/Middlewares/Third_Party/FreeRTOS/Source/portable/MemMang/heap_4.c.obj
 .text.prvInsertBlockIntoFreeList
                0x08003ec4       0x64 CMakeFiles/F4_CherryDAP.elf.dir/Middlewares/Third_Party/FreeRTOS/Source/portable/MemMang/heap_4.c.obj
 .text.pvPortMalloc
                0x08003f28      0x104 CMakeFiles/F4_CherryDAP.elf.dir/Middlewares/Third_Party/FreeRTOS/Source/portable/MemMang/heap_4.c.obj
                0x08003f28                pvPortMalloc
 .text.vPortFree
                0x0800402c       0x7c CMakeFiles/F4_CherryDAP.elf.dir/Middlewares/Third_Party/FreeRTOS/Source/portable/MemMang/heap_4.c.obj
                0x0800402c                vPortFree
 .text.prvResetNextTaskUnblockTime
                0x080040a8       0x2c CMakeFiles/F4_CherryDAP.elf.dir/Middlewares/Third_Party/FreeRTOS/Source/tasks.c.obj
 .text.prvInitialiseNewTask
                0x080040d4       0xfc CMakeFiles/F4_CherryDAP.elf.dir/Middlewares/Third_Party/FreeRTOS/Source/tasks.c.obj
 .text.prvInitialiseTaskLists
                0x080041d0       0x68 CMakeFiles/F4_CherryDAP.elf.dir/Middlewares/Third_Party/FreeRTOS/Source/tasks.c.obj
 .text.prvAddNewTaskToReadyList
                0x08004238       0xa8 CMakeFiles/F4_CherryDAP.elf.dir/Middlewares/Third_Party/FreeRTOS/Source/tasks.c.obj
 .text.prvDeleteTCB
                0x080042e0       0x40 CMakeFiles/F4_CherryDAP.elf.dir/Middlewares/Third_Party/FreeRTOS/Source/tasks.c.obj
 .text.prvCheckTasksWaitingTermination
                0x08004320       0x4c CMakeFiles/F4_CherryDAP.elf.dir/Middlewares/Third_Party/FreeRTOS/Source/tasks.c.obj
 .text.prvIdleTask
                0x0800436c       0x28 CMakeFiles/F4_CherryDAP.elf.dir/Middlewares/Third_Party/FreeRTOS/Source/tasks.c.obj
 .text.prvAddCurrentTaskToDelayedList
                0x08004394       0x98 CMakeFiles/F4_CherryDAP.elf.dir/Middlewares/Third_Party/FreeRTOS/Source/tasks.c.obj
 .text.xTaskCreateStatic
                0x0800442c       0x7a CMakeFiles/F4_CherryDAP.elf.dir/Middlewares/Third_Party/FreeRTOS/Source/tasks.c.obj
                0x0800442c                xTaskCreateStatic
 .text.xTaskCreate
                0x080044a6       0x66 CMakeFiles/F4_CherryDAP.elf.dir/Middlewares/Third_Party/FreeRTOS/Source/tasks.c.obj
                0x080044a6                xTaskCreate
 .text.vTaskStartScheduler
                0x0800450c       0x84 CMakeFiles/F4_CherryDAP.elf.dir/Middlewares/Third_Party/FreeRTOS/Source/tasks.c.obj
                0x0800450c                vTaskStartScheduler
 .text.vTaskSuspendAll
                0x08004590       0x10 CMakeFiles/F4_CherryDAP.elf.dir/Middlewares/Third_Party/FreeRTOS/Source/tasks.c.obj
                0x08004590                vTaskSuspendAll
 .text.xTaskGetTickCount
                0x080045a0        0xc CMakeFiles/F4_CherryDAP.elf.dir/Middlewares/Third_Party/FreeRTOS/Source/tasks.c.obj
                0x080045a0                xTaskGetTickCount
 .text.xTaskIncrementTick
                0x080045ac      0x118 CMakeFiles/F4_CherryDAP.elf.dir/Middlewares/Third_Party/FreeRTOS/Source/tasks.c.obj
                0x080045ac                xTaskIncrementTick
 .text.xTaskResumeAll
                0x080046c4       0xf8 CMakeFiles/F4_CherryDAP.elf.dir/Middlewares/Third_Party/FreeRTOS/Source/tasks.c.obj
                0x080046c4                xTaskResumeAll
 .text.vTaskDelay
                0x080047bc       0x4c CMakeFiles/F4_CherryDAP.elf.dir/Middlewares/Third_Party/FreeRTOS/Source/tasks.c.obj
                0x080047bc                vTaskDelay
 .text.vTaskSwitchContext
                0x08004808       0xa4 CMakeFiles/F4_CherryDAP.elf.dir/Middlewares/Third_Party/FreeRTOS/Source/tasks.c.obj
                0x08004808                vTaskSwitchContext
 .text.chry_ringbuffer_init
                0x080048ac       0x3a CMakeFiles/F4_CherryDAP.elf.dir/Package/CherryRB/chry_ringbuffer.c.obj
                0x080048ac                chry_ringbuffer_init
 .text.chry_ringbuffer_get_used
                0x080048e6        0x8 CMakeFiles/F4_CherryDAP.elf.dir/Package/CherryRB/chry_ringbuffer.c.obj
                0x080048e6                chry_ringbuffer_get_used
 .text.chry_ringbuffer_get_free
                0x080048ee        0xe CMakeFiles/F4_CherryDAP.elf.dir/Package/CherryRB/chry_ringbuffer.c.obj
                0x080048ee                chry_ringbuffer_get_free
 .text.chry_ringbuffer_write
                0x080048fc       0x48 CMakeFiles/F4_CherryDAP.elf.dir/Package/CherryRB/chry_ringbuffer.c.obj
                0x080048fc                chry_ringbuffer_write
 .text.chry_ringbuffer_drop
                0x08004944       0x1a CMakeFiles/F4_CherryDAP.elf.dir/Package/CherryRB/chry_ringbuffer.c.obj
                0x08004944                chry_ringbuffer_drop
 .text.chry_ringbuffer_linear_read_setup
                0x0800495e       0x30 CMakeFiles/F4_CherryDAP.elf.dir/Package/CherryRB/chry_ringbuffer.c.obj
                0x0800495e                chry_ringbuffer_linear_read_setup
 .text.chry_ringbuffer_linear_read_done
                0x0800498e        0x8 CMakeFiles/F4_CherryDAP.elf.dir/Package/CherryRB/chry_ringbuffer.c.obj
                0x0800498e                chry_ringbuffer_linear_read_done
 *fill*         0x08004996        0x2 
 .text.usbd_cdc_acm_init_intf
                0x08004998       0x14 CMakeFiles/F4_CherryDAP.elf.dir/Package/CherryUSB/class/cdc/usbd_cdc.c.obj
                0x08004998                usbd_cdc_acm_init_intf
 .text.usbd_cdc_acm_set_dtr
                0x080049ac        0x2 CMakeFiles/F4_CherryDAP.elf.dir/Package/CherryUSB/class/cdc/usbd_cdc.c.obj
                0x080049ac                usbd_cdc_acm_set_dtr
 .text.usbd_cdc_acm_set_rts
                0x080049ae        0x2 CMakeFiles/F4_CherryDAP.elf.dir/Package/CherryUSB/class/cdc/usbd_cdc.c.obj
                0x080049ae                usbd_cdc_acm_set_rts
 .text.usbd_cdc_acm_send_break
                0x080049b0        0x2 CMakeFiles/F4_CherryDAP.elf.dir/Package/CherryUSB/class/cdc/usbd_cdc.c.obj
                0x080049b0                usbd_cdc_acm_send_break
 *fill*         0x080049b2        0x2 
 .text.cdc_acm_class_interface_request_handler
                0x080049b4       0xb8 CMakeFiles/F4_CherryDAP.elf.dir/Package/CherryUSB/class/cdc/usbd_cdc.c.obj
 .text.is_device_configured
                0x08004a6c       0x1c CMakeFiles/F4_CherryDAP.elf.dir/Package/CherryUSB/core/usbd_core.c.obj
 .text.usbd_class_request_handler
                0x08004a88       0xb0 CMakeFiles/F4_CherryDAP.elf.dir/Package/CherryUSB/core/usbd_core.c.obj
 .text.usbd_class_event_notify_handler
                0x08004b38       0x70 CMakeFiles/F4_CherryDAP.elf.dir/Package/CherryUSB/core/usbd_core.c.obj
 .text.usbd_set_endpoint
                0x08004ba8       0xa0 CMakeFiles/F4_CherryDAP.elf.dir/Package/CherryUSB/core/usbd_core.c.obj
 .text.usbd_set_configuration
                0x08004c48       0x74 CMakeFiles/F4_CherryDAP.elf.dir/Package/CherryUSB/core/usbd_core.c.obj
 .text.usbd_get_descriptor
                0x08004cbc       0xe4 CMakeFiles/F4_CherryDAP.elf.dir/Package/CherryUSB/core/usbd_core.c.obj
 .text.usbd_std_device_req_handler
                0x08004da0       0xe4 CMakeFiles/F4_CherryDAP.elf.dir/Package/CherryUSB/core/usbd_core.c.obj
 .text.usbd_print_setup
                0x08004e84       0x38 CMakeFiles/F4_CherryDAP.elf.dir/Package/CherryUSB/core/usbd_core.c.obj
 .text.usbd_vendor_request_handler
                0x08004ebc      0x170 CMakeFiles/F4_CherryDAP.elf.dir/Package/CherryUSB/core/usbd_core.c.obj
 .text.usbd_event_ep0_in_complete_handler
                0x0800502c       0x74 CMakeFiles/F4_CherryDAP.elf.dir/Package/CherryUSB/core/usbd_core.c.obj
                0x0800502c                usbd_event_ep0_in_complete_handler
 .text.usbd_reset_endpoint
                0x080050a0       0x10 CMakeFiles/F4_CherryDAP.elf.dir/Package/CherryUSB/core/usbd_core.c.obj
 .text.usbd_set_interface
                0x080050b0       0x9c CMakeFiles/F4_CherryDAP.elf.dir/Package/CherryUSB/core/usbd_core.c.obj
 .text.usbd_std_interface_req_handler
                0x0800514c       0xcc CMakeFiles/F4_CherryDAP.elf.dir/Package/CherryUSB/core/usbd_core.c.obj
 .text.usbd_std_endpoint_req_handler
                0x08005218       0xa4 CMakeFiles/F4_CherryDAP.elf.dir/Package/CherryUSB/core/usbd_core.c.obj
 .text.usbd_standard_request_handler
                0x080052bc       0x48 CMakeFiles/F4_CherryDAP.elf.dir/Package/CherryUSB/core/usbd_core.c.obj
 .text.usbd_setup_request_handler
                0x08005304       0xb8 CMakeFiles/F4_CherryDAP.elf.dir/Package/CherryUSB/core/usbd_core.c.obj
 .text.usbd_event_ep0_out_complete_handler
                0x080053bc       0x70 CMakeFiles/F4_CherryDAP.elf.dir/Package/CherryUSB/core/usbd_core.c.obj
                0x080053bc                usbd_event_ep0_out_complete_handler
 .text.usbd_event_reset_handler
                0x0800542c       0x6c CMakeFiles/F4_CherryDAP.elf.dir/Package/CherryUSB/core/usbd_core.c.obj
                0x0800542c                usbd_event_reset_handler
 .text.usbd_event_ep0_setup_complete_handler
                0x08005498      0x130 CMakeFiles/F4_CherryDAP.elf.dir/Package/CherryUSB/core/usbd_core.c.obj
                0x08005498                usbd_event_ep0_setup_complete_handler
 .text.usbd_event_ep_in_complete_handler
                0x080055c8       0x28 CMakeFiles/F4_CherryDAP.elf.dir/Package/CherryUSB/core/usbd_core.c.obj
                0x080055c8                usbd_event_ep_in_complete_handler
 .text.usbd_event_ep_out_complete_handler
                0x080055f0       0x28 CMakeFiles/F4_CherryDAP.elf.dir/Package/CherryUSB/core/usbd_core.c.obj
                0x080055f0                usbd_event_ep_out_complete_handler
 .text.usbd_desc_register
                0x08005618       0x44 CMakeFiles/F4_CherryDAP.elf.dir/Package/CherryUSB/core/usbd_core.c.obj
                0x08005618                usbd_desc_register
 .text.usbd_msosv2_desc_register
                0x0800565c       0x14 CMakeFiles/F4_CherryDAP.elf.dir/Package/CherryUSB/core/usbd_core.c.obj
                0x0800565c                usbd_msosv2_desc_register
 .text.usbd_bos_desc_register
                0x08005670       0x14 CMakeFiles/F4_CherryDAP.elf.dir/Package/CherryUSB/core/usbd_core.c.obj
                0x08005670                usbd_bos_desc_register
 .text.usbd_add_interface
                0x08005684       0x34 CMakeFiles/F4_CherryDAP.elf.dir/Package/CherryUSB/core/usbd_core.c.obj
                0x08005684                usbd_add_interface
 .text.usbd_add_endpoint
                0x080056b8       0x70 CMakeFiles/F4_CherryDAP.elf.dir/Package/CherryUSB/core/usbd_core.c.obj
                0x080056b8                usbd_add_endpoint
 .text.usbd_initialize
                0x08005728       0x64 CMakeFiles/F4_CherryDAP.elf.dir/Package/CherryUSB/core/usbd_core.c.obj
                0x08005728                usbd_initialize
 .text.dwc2_reset
                0x0800578c       0x58 CMakeFiles/F4_CherryDAP.elf.dir/Package/CherryUSB/port/dwc2/usb_dc_dwc2.c.obj
 .text.dwc2_core_init
                0x080057e4       0x18 CMakeFiles/F4_CherryDAP.elf.dir/Package/CherryUSB/port/dwc2/usb_dc_dwc2.c.obj
 .text.dwc2_flush_rxfifo
                0x080057fc       0x38 CMakeFiles/F4_CherryDAP.elf.dir/Package/CherryUSB/port/dwc2/usb_dc_dwc2.c.obj
 .text.dwc2_flush_txfifo
                0x08005834       0x3c CMakeFiles/F4_CherryDAP.elf.dir/Package/CherryUSB/port/dwc2/usb_dc_dwc2.c.obj
 .text.dwc2_set_turnaroundtime
                0x08005870       0xf4 CMakeFiles/F4_CherryDAP.elf.dir/Package/CherryUSB/port/dwc2/usb_dc_dwc2.c.obj
 .text.dwc2_get_devspeed
                0x08005964       0x2c CMakeFiles/F4_CherryDAP.elf.dir/Package/CherryUSB/port/dwc2/usb_dc_dwc2.c.obj
 .text.dwc2_ep0_start_read_setup
                0x08005990       0x34 CMakeFiles/F4_CherryDAP.elf.dir/Package/CherryUSB/port/dwc2/usb_dc_dwc2.c.obj
 .text.dwc2_get_inep_intstatus
                0x080059c4       0x2c CMakeFiles/F4_CherryDAP.elf.dir/Package/CherryUSB/port/dwc2/usb_dc_dwc2.c.obj
 .text.dwc2_set_txfifo
                0x080059f0       0x70 CMakeFiles/F4_CherryDAP.elf.dir/Package/CherryUSB/port/dwc2/usb_dc_dwc2.c.obj
 .text.dwc2_ep_write
                0x08005a60       0x34 CMakeFiles/F4_CherryDAP.elf.dir/Package/CherryUSB/port/dwc2/usb_dc_dwc2.c.obj
                0x08005a60                dwc2_ep_write
 .text.dwc2_tx_fifo_empty_procecss
                0x08005a94       0xbc CMakeFiles/F4_CherryDAP.elf.dir/Package/CherryUSB/port/dwc2/usb_dc_dwc2.c.obj
 .text.dwc2_ep_read
                0x08005b50       0x24 CMakeFiles/F4_CherryDAP.elf.dir/Package/CherryUSB/port/dwc2/usb_dc_dwc2.c.obj
                0x08005b50                dwc2_ep_read
 .text.usb_dc_init
                0x08005b74      0x290 CMakeFiles/F4_CherryDAP.elf.dir/Package/CherryUSB/port/dwc2/usb_dc_dwc2.c.obj
                0x08005b74                usb_dc_init
 .text.usbd_set_address
                0x08005e04       0x2c CMakeFiles/F4_CherryDAP.elf.dir/Package/CherryUSB/port/dwc2/usb_dc_dwc2.c.obj
                0x08005e04                usbd_set_address
 .text.usbd_ep_open
                0x08005e30      0x15c CMakeFiles/F4_CherryDAP.elf.dir/Package/CherryUSB/port/dwc2/usb_dc_dwc2.c.obj
                0x08005e30                usbd_ep_open
 .text.usbd_ep_close
                0x08005f8c      0x14c CMakeFiles/F4_CherryDAP.elf.dir/Package/CherryUSB/port/dwc2/usb_dc_dwc2.c.obj
                0x08005f8c                usbd_ep_close
 .text.usbd_ep_set_stall
                0x080060d8       0x78 CMakeFiles/F4_CherryDAP.elf.dir/Package/CherryUSB/port/dwc2/usb_dc_dwc2.c.obj
                0x080060d8                usbd_ep_set_stall
 .text.usbd_ep_clear_stall
                0x08006150       0x8c CMakeFiles/F4_CherryDAP.elf.dir/Package/CherryUSB/port/dwc2/usb_dc_dwc2.c.obj
                0x08006150                usbd_ep_clear_stall
 .text.usbd_ep_start_write
                0x080061dc      0x1a0 CMakeFiles/F4_CherryDAP.elf.dir/Package/CherryUSB/port/dwc2/usb_dc_dwc2.c.obj
                0x080061dc                usbd_ep_start_write
 .text.usbd_ep_start_read
                0x0800637c      0x174 CMakeFiles/F4_CherryDAP.elf.dir/Package/CherryUSB/port/dwc2/usb_dc_dwc2.c.obj
                0x0800637c                usbd_ep_start_read
 .text.USBD_IRQHandler
                0x080064f0      0x4c0 CMakeFiles/F4_CherryDAP.elf.dir/Package/CherryUSB/port/dwc2/usb_dc_dwc2.c.obj
                0x080064f0                USBD_IRQHandler
 .text.usbd_get_dwc2_gccfg_conf
                0x080069b0        0x6 CMakeFiles/F4_CherryDAP.elf.dir/Package/CherryUSB/port/dwc2/usb_glue_st.c.obj
                0x080069b0                usbd_get_dwc2_gccfg_conf
 *fill*         0x080069b6        0x2 
 .text.Set_Clock_Delay
                0x080069b8       0x44 CMakeFiles/F4_CherryDAP.elf.dir/Package/DAPLink/Source/DAP.c.obj
 .text.DAP_Info
                0x080069fc       0x78 CMakeFiles/F4_CherryDAP.elf.dir/Package/DAPLink/Source/DAP.c.obj
 .text.DAP_Delay
                0x08006a74       0x20 CMakeFiles/F4_CherryDAP.elf.dir/Package/DAPLink/Source/DAP.c.obj
 .text.DAP_HostStatus
                0x08006a94       0x2c CMakeFiles/F4_CherryDAP.elf.dir/Package/DAPLink/Source/DAP.c.obj
 .text.DAP_ResetTarget
                0x08006ac0        0xc CMakeFiles/F4_CherryDAP.elf.dir/Package/DAPLink/Source/DAP.c.obj
 .text.DAP_SWJ_Clock
                0x08006acc       0x30 CMakeFiles/F4_CherryDAP.elf.dir/Package/DAPLink/Source/DAP.c.obj
 .text.DAP_SWD_Configure
                0x08006afc       0x20 CMakeFiles/F4_CherryDAP.elf.dir/Package/DAPLink/Source/DAP.c.obj
 .text.DAP_JTAG_Configure
                0x08006b1c       0x60 CMakeFiles/F4_CherryDAP.elf.dir/Package/DAPLink/Source/DAP.c.obj
 .text.DAP_TransferConfigure
                0x08006b7c       0x2c CMakeFiles/F4_CherryDAP.elf.dir/Package/DAPLink/Source/DAP.c.obj
 .text.DAP_Dummy_Transfer
                0x08006ba8       0x3c CMakeFiles/F4_CherryDAP.elf.dir/Package/DAPLink/Source/DAP.c.obj
 .text.PORT_SWD_SETUP
                0x08006be4       0x88 CMakeFiles/F4_CherryDAP.elf.dir/Package/DAPLink/Source/DAP.c.obj
 .text.PORT_JTAG_SETUP
                0x08006c6c       0x9c CMakeFiles/F4_CherryDAP.elf.dir/Package/DAPLink/Source/DAP.c.obj
 .text.DAP_Connect
                0x08006d08       0x3c CMakeFiles/F4_CherryDAP.elf.dir/Package/DAPLink/Source/DAP.c.obj
 .text.PORT_OFF
                0x08006d44       0x68 CMakeFiles/F4_CherryDAP.elf.dir/Package/DAPLink/Source/DAP.c.obj
 .text.DAP_Disconnect
                0x08006dac       0x18 CMakeFiles/F4_CherryDAP.elf.dir/Package/DAPLink/Source/DAP.c.obj
 .text.DAP_SWJ_Pins
                0x08006dc4      0x12c CMakeFiles/F4_CherryDAP.elf.dir/Package/DAPLink/Source/DAP.c.obj
 .text.DAP_SWJ_Sequence
                0x08006ef0       0x28 CMakeFiles/F4_CherryDAP.elf.dir/Package/DAPLink/Source/DAP.c.obj
 .text.DAP_SWD_Sequence
                0x08006f18       0xb8 CMakeFiles/F4_CherryDAP.elf.dir/Package/DAPLink/Source/DAP.c.obj
 .text.DAP_JTAG_Sequence
                0x08006fd0       0x5a CMakeFiles/F4_CherryDAP.elf.dir/Package/DAPLink/Source/DAP.c.obj
 *fill*         0x0800702a        0x2 
 .text.DAP_JTAG_IDCode
                0x0800702c       0x50 CMakeFiles/F4_CherryDAP.elf.dir/Package/DAPLink/Source/DAP.c.obj
 .text.DAP_SWD_Transfer
                0x0800707c      0x4b4 CMakeFiles/F4_CherryDAP.elf.dir/Package/DAPLink/Source/DAP.c.obj
 .text.DAP_SWD_TransferBlock
                0x08007530      0x164 CMakeFiles/F4_CherryDAP.elf.dir/Package/DAPLink/Source/DAP.c.obj
 .text.DAP_SWD_WriteAbort
                0x08007694       0x2e CMakeFiles/F4_CherryDAP.elf.dir/Package/DAPLink/Source/DAP.c.obj
 *fill*         0x080076c2        0x2 
 .text.DAP_JTAG_Transfer
                0x080076c4      0x488 CMakeFiles/F4_CherryDAP.elf.dir/Package/DAPLink/Source/DAP.c.obj
 .text.DAP_Transfer
                0x08007b4c       0x24 CMakeFiles/F4_CherryDAP.elf.dir/Package/DAPLink/Source/DAP.c.obj
 .text.DAP_JTAG_TransferBlock
                0x08007b70      0x1ac CMakeFiles/F4_CherryDAP.elf.dir/Package/DAPLink/Source/DAP.c.obj
 .text.DAP_TransferBlock
                0x08007d1c       0x48 CMakeFiles/F4_CherryDAP.elf.dir/Package/DAPLink/Source/DAP.c.obj
 .text.DAP_JTAG_WriteAbort
                0x08007d64       0x44 CMakeFiles/F4_CherryDAP.elf.dir/Package/DAPLink/Source/DAP.c.obj
 .text.DAP_WriteAbort
                0x08007da8       0x2c CMakeFiles/F4_CherryDAP.elf.dir/Package/DAPLink/Source/DAP.c.obj
 .text.DAP_ProcessCommand
                0x08007dd4       0xce CMakeFiles/F4_CherryDAP.elf.dir/Package/DAPLink/Source/DAP.c.obj
                0x08007dd4                DAP_ProcessCommand
 .text.DAP_ExecuteCommand
                0x08007ea2       0x40 CMakeFiles/F4_CherryDAP.elf.dir/Package/DAPLink/Source/DAP.c.obj
                0x08007ea2                DAP_ExecuteCommand
 *fill*         0x08007ee2        0x2 
 .text.DAP_Setup
                0x08007ee4       0x3c CMakeFiles/F4_CherryDAP.elf.dir/Package/DAPLink/Source/DAP.c.obj
                0x08007ee4                DAP_Setup
 .text.DAP_ProcessVendorCommand
                0x08007f20        0xa CMakeFiles/F4_CherryDAP.elf.dir/Package/DAPLink/Source/DAP_vendor.c.obj
                0x08007f20                DAP_ProcessVendorCommand
 *fill*         0x08007f2a        0x2 
 .text.JTAG_IR_Fast
                0x08007f2c      0x108 CMakeFiles/F4_CherryDAP.elf.dir/Package/DAPLink/Source/JTAG_DP.c.obj
 .text.JTAG_TransferFast
                0x08008034      0x20c CMakeFiles/F4_CherryDAP.elf.dir/Package/DAPLink/Source/JTAG_DP.c.obj
 .text.JTAG_IR_Slow
                0x08008240      0x20c CMakeFiles/F4_CherryDAP.elf.dir/Package/DAPLink/Source/JTAG_DP.c.obj
 .text.JTAG_TransferSlow
                0x0800844c      0x3e0 CMakeFiles/F4_CherryDAP.elf.dir/Package/DAPLink/Source/JTAG_DP.c.obj
 .text.JTAG_Sequence
                0x0800882c       0x94 CMakeFiles/F4_CherryDAP.elf.dir/Package/DAPLink/Source/JTAG_DP.c.obj
                0x0800882c                JTAG_Sequence
 .text.JTAG_ReadIDCode
                0x080088c0      0x158 CMakeFiles/F4_CherryDAP.elf.dir/Package/DAPLink/Source/JTAG_DP.c.obj
                0x080088c0                JTAG_ReadIDCode
 .text.JTAG_WriteAbort
                0x08008a18      0x228 CMakeFiles/F4_CherryDAP.elf.dir/Package/DAPLink/Source/JTAG_DP.c.obj
                0x08008a18                JTAG_WriteAbort
 .text.JTAG_IR  0x08008c40       0x18 CMakeFiles/F4_CherryDAP.elf.dir/Package/DAPLink/Source/JTAG_DP.c.obj
                0x08008c40                JTAG_IR
 .text.JTAG_Transfer
                0x08008c58       0x18 CMakeFiles/F4_CherryDAP.elf.dir/Package/DAPLink/Source/JTAG_DP.c.obj
                0x08008c58                JTAG_Transfer
 .text.SWD_TransferFast
                0x08008c70      0x324 CMakeFiles/F4_CherryDAP.elf.dir/Package/DAPLink/Source/SW_DP.c.obj
 .text.SWD_TransferSlow
                0x08008f94      0x4e8 CMakeFiles/F4_CherryDAP.elf.dir/Package/DAPLink/Source/SW_DP.c.obj
 .text.SWJ_Sequence
                0x0800947c       0x64 CMakeFiles/F4_CherryDAP.elf.dir/Package/DAPLink/Source/SW_DP.c.obj
                0x0800947c                SWJ_Sequence
 .text.SWD_Sequence
                0x080094e0       0xa0 CMakeFiles/F4_CherryDAP.elf.dir/Package/DAPLink/Source/SW_DP.c.obj
                0x080094e0                SWD_Sequence
 .text.SWD_Transfer
                0x08009580       0x18 CMakeFiles/F4_CherryDAP.elf.dir/Package/DAPLink/Source/SW_DP.c.obj
                0x08009580                SWD_Transfer
 .text.PORT_SWD_SETUP
                0x08009598       0x88 CMakeFiles/F4_CherryDAP.elf.dir/Package/DAPLink/Source/swd_host.c.obj
 .text.swd_switch
                0x08009620       0x1e CMakeFiles/F4_CherryDAP.elf.dir/Package/DAPLink/Source/swd_host.c.obj
 .text.swd_reset
                0x0800963e       0x2c CMakeFiles/F4_CherryDAP.elf.dir/Package/DAPLink/Source/swd_host.c.obj
 .text.swd_set_target_reset
                0x0800966a        0x2 CMakeFiles/F4_CherryDAP.elf.dir/Package/DAPLink/Source/swd_host.c.obj
                0x0800966a                swd_set_target_reset
 .text.target_get_apsel
                0x0800966c        0x4 CMakeFiles/F4_CherryDAP.elf.dir/Package/DAPLink/Source/swd_host.c.obj
                0x0800966c                target_get_apsel
 .text.swd_get_apsel
                0x08009670       0x10 CMakeFiles/F4_CherryDAP.elf.dir/Package/DAPLink/Source/swd_host.c.obj
 .text.int2array
                0x08009680       0x1a CMakeFiles/F4_CherryDAP.elf.dir/Package/DAPLink/Source/swd_host.c.obj
                0x08009680                int2array
 .text.swd_transfer_retry
                0x0800969a       0x22 CMakeFiles/F4_CherryDAP.elf.dir/Package/DAPLink/Source/swd_host.c.obj
                0x0800969a                swd_transfer_retry
 .text.swd_read_data
                0x080096bc       0x6e CMakeFiles/F4_CherryDAP.elf.dir/Package/DAPLink/Source/swd_host.c.obj
 .text.swd_write_data
                0x0800972a       0x52 CMakeFiles/F4_CherryDAP.elf.dir/Package/DAPLink/Source/swd_host.c.obj
 .text.swd_init
                0x0800977c        0xe CMakeFiles/F4_CherryDAP.elf.dir/Package/DAPLink/Source/swd_host.c.obj
                0x0800977c                swd_init
 .text.swd_read_dp
                0x0800978a       0x48 CMakeFiles/F4_CherryDAP.elf.dir/Package/DAPLink/Source/swd_host.c.obj
                0x0800978a                swd_read_dp
 *fill*         0x080097d2        0x2 
 .text.swd_write_dp
                0x080097d4       0x50 CMakeFiles/F4_CherryDAP.elf.dir/Package/DAPLink/Source/swd_host.c.obj
                0x080097d4                swd_write_dp
 .text.swd_clear_errors
                0x08009824       0x10 CMakeFiles/F4_CherryDAP.elf.dir/Package/DAPLink/Source/swd_host.c.obj
                0x08009824                swd_clear_errors
 .text.swd_write_ap
                0x08009834       0x68 CMakeFiles/F4_CherryDAP.elf.dir/Package/DAPLink/Source/swd_host.c.obj
                0x08009834                swd_write_ap
 .text.swd_read_word
                0x0800989c       0x28 CMakeFiles/F4_CherryDAP.elf.dir/Package/DAPLink/Source/swd_host.c.obj
                0x0800989c                swd_read_word
 .text.swd_write_word
                0x080098c4       0x28 CMakeFiles/F4_CherryDAP.elf.dir/Package/DAPLink/Source/swd_host.c.obj
                0x080098c4                swd_write_word
 .text.swd_read_idcode
                0x080098ec       0x46 CMakeFiles/F4_CherryDAP.elf.dir/Package/DAPLink/Source/swd_host.c.obj
                0x080098ec                swd_read_idcode
 .text.JTAG2SWD
                0x08009932       0x36 CMakeFiles/F4_CherryDAP.elf.dir/Package/DAPLink/Source/swd_host.c.obj
                0x08009932                JTAG2SWD
 .text.swd_init_debug
                0x08009968       0xc8 CMakeFiles/F4_CherryDAP.elf.dir/Package/DAPLink/Source/swd_host.c.obj
                0x08009968                swd_init_debug
 .text.__udivmoddi4
                0x08009a30      0x2bc D:/AppData/DevelopTool/GNU-Tools-ARM-Embedded/bin/../lib/gcc/arm-none-eabi/13.3.1/thumb/v7e-m+fp/hard\libgcc.a(_udivmoddi4.o)
                0x08009a30                __udivmoddi4
 .text.stdio_exit_handler
                0x08009cec       0x18 D:/AppData/DevelopTool/GNU-Tools-ARM-Embedded/bin/../lib/gcc/arm-none-eabi/13.3.1/thumb/v7e-m+fp/hard\libg.a(libc_a-findfp.o)
 .text.cleanup_stdio
                0x08009d04       0x40 D:/AppData/DevelopTool/GNU-Tools-ARM-Embedded/bin/../lib/gcc/arm-none-eabi/13.3.1/thumb/v7e-m+fp/hard\libg.a(libc_a-findfp.o)
 .text.global_stdio_init.part.0
                0x08009d44       0xf0 D:/AppData/DevelopTool/GNU-Tools-ARM-Embedded/bin/../lib/gcc/arm-none-eabi/13.3.1/thumb/v7e-m+fp/hard\libg.a(libc_a-findfp.o)
 .text.__sinit  0x08009e34       0x3c D:/AppData/DevelopTool/GNU-Tools-ARM-Embedded/bin/../lib/gcc/arm-none-eabi/13.3.1/thumb/v7e-m+fp/hard\libg.a(libc_a-findfp.o)
                0x08009e34                __sinit
 .text.__sfp_lock_acquire
                0x08009e70        0xc D:/AppData/DevelopTool/GNU-Tools-ARM-Embedded/bin/../lib/gcc/arm-none-eabi/13.3.1/thumb/v7e-m+fp/hard\libg.a(libc_a-findfp.o)
                0x08009e70                __sfp_lock_acquire
 .text.__sfp_lock_release
                0x08009e7c        0xc D:/AppData/DevelopTool/GNU-Tools-ARM-Embedded/bin/../lib/gcc/arm-none-eabi/13.3.1/thumb/v7e-m+fp/hard\libg.a(libc_a-findfp.o)
                0x08009e7c                __sfp_lock_release
 .text._fwalk_sglue
                0x08009e88       0x44 D:/AppData/DevelopTool/GNU-Tools-ARM-Embedded/bin/../lib/gcc/arm-none-eabi/13.3.1/thumb/v7e-m+fp/hard\libg.a(libc_a-fwalk.o)
                0x08009e88                _fwalk_sglue
 .text.printf   0x08009ecc       0x28 D:/AppData/DevelopTool/GNU-Tools-ARM-Embedded/bin/../lib/gcc/arm-none-eabi/13.3.1/thumb/v7e-m+fp/hard\libg.a(libc_a-printf.o)
                0x08009ecc                printf
 .text._puts_r  0x08009ef4       0x9c D:/AppData/DevelopTool/GNU-Tools-ARM-Embedded/bin/../lib/gcc/arm-none-eabi/13.3.1/thumb/v7e-m+fp/hard\libg.a(libc_a-puts.o)
                0x08009ef4                _puts_r
 .text.puts     0x08009f90       0x10 D:/AppData/DevelopTool/GNU-Tools-ARM-Embedded/bin/../lib/gcc/arm-none-eabi/13.3.1/thumb/v7e-m+fp/hard\libg.a(libc_a-puts.o)
                0x08009f90                puts
 .text.__sread  0x08009fa0       0x24 D:/AppData/DevelopTool/GNU-Tools-ARM-Embedded/bin/../lib/gcc/arm-none-eabi/13.3.1/thumb/v7e-m+fp/hard\libg.a(libc_a-stdio.o)
                0x08009fa0                __sread
 .text.__swrite
                0x08009fc4       0x40 D:/AppData/DevelopTool/GNU-Tools-ARM-Embedded/bin/../lib/gcc/arm-none-eabi/13.3.1/thumb/v7e-m+fp/hard\libg.a(libc_a-stdio.o)
                0x08009fc4                __swrite
 .text.__sseek  0x0800a004       0x24 D:/AppData/DevelopTool/GNU-Tools-ARM-Embedded/bin/../lib/gcc/arm-none-eabi/13.3.1/thumb/v7e-m+fp/hard\libg.a(libc_a-stdio.o)
                0x0800a004                __sseek
 .text.__sclose
                0x0800a028        0x8 D:/AppData/DevelopTool/GNU-Tools-ARM-Embedded/bin/../lib/gcc/arm-none-eabi/13.3.1/thumb/v7e-m+fp/hard\libg.a(libc_a-stdio.o)
                0x0800a028                __sclose
 .text.memset   0x0800a030       0xa4 D:/AppData/DevelopTool/GNU-Tools-ARM-Embedded/bin/../lib/gcc/arm-none-eabi/13.3.1/thumb/v7e-m+fp/hard\libg.a(libc_a-memset.o)
                0x0800a030                memset
 .text._close_r
                0x0800a0d4       0x24 D:/AppData/DevelopTool/GNU-Tools-ARM-Embedded/bin/../lib/gcc/arm-none-eabi/13.3.1/thumb/v7e-m+fp/hard\libg.a(libc_a-closer.o)
                0x0800a0d4                _close_r
 .text._reclaim_reent
                0x0800a0f8       0x6c D:/AppData/DevelopTool/GNU-Tools-ARM-Embedded/bin/../lib/gcc/arm-none-eabi/13.3.1/thumb/v7e-m+fp/hard\libg.a(libc_a-reent.o)
                0x0800a0f8                _reclaim_reent
 .text._lseek_r
                0x0800a164       0x2c D:/AppData/DevelopTool/GNU-Tools-ARM-Embedded/bin/../lib/gcc/arm-none-eabi/13.3.1/thumb/v7e-m+fp/hard\libg.a(libc_a-lseekr.o)
                0x0800a164                _lseek_r
 .text._read_r  0x0800a190       0x2c D:/AppData/DevelopTool/GNU-Tools-ARM-Embedded/bin/../lib/gcc/arm-none-eabi/13.3.1/thumb/v7e-m+fp/hard\libg.a(libc_a-readr.o)
                0x0800a190                _read_r
 .text._write_r
                0x0800a1bc       0x2c D:/AppData/DevelopTool/GNU-Tools-ARM-Embedded/bin/../lib/gcc/arm-none-eabi/13.3.1/thumb/v7e-m+fp/hard\libg.a(libc_a-writer.o)
                0x0800a1bc                _write_r
 .text.__errno  0x0800a1e8        0xc D:/AppData/DevelopTool/GNU-Tools-ARM-Embedded/bin/../lib/gcc/arm-none-eabi/13.3.1/thumb/v7e-m+fp/hard\libg.a(libc_a-errno.o)
                0x0800a1e8                __errno
 .text.__libc_init_array
                0x0800a1f4       0x50 D:/AppData/DevelopTool/GNU-Tools-ARM-Embedded/bin/../lib/gcc/arm-none-eabi/13.3.1/thumb/v7e-m+fp/hard\libg.a(libc_a-init.o)
                0x0800a1f4                __libc_init_array
 .text.__retarget_lock_init_recursive
                0x0800a244        0x4 D:/AppData/DevelopTool/GNU-Tools-ARM-Embedded/bin/../lib/gcc/arm-none-eabi/13.3.1/thumb/v7e-m+fp/hard\libg.a(libc_a-lock.o)
                0x0800a244                __retarget_lock_init_recursive
 .text.__retarget_lock_close_recursive
                0x0800a248        0x4 D:/AppData/DevelopTool/GNU-Tools-ARM-Embedded/bin/../lib/gcc/arm-none-eabi/13.3.1/thumb/v7e-m+fp/hard\libg.a(libc_a-lock.o)
                0x0800a248                __retarget_lock_close_recursive
 .text.__retarget_lock_acquire_recursive
                0x0800a24c        0x4 D:/AppData/DevelopTool/GNU-Tools-ARM-Embedded/bin/../lib/gcc/arm-none-eabi/13.3.1/thumb/v7e-m+fp/hard\libg.a(libc_a-lock.o)
                0x0800a24c                __retarget_lock_acquire_recursive
 .text.__retarget_lock_release_recursive
                0x0800a250        0x4 D:/AppData/DevelopTool/GNU-Tools-ARM-Embedded/bin/../lib/gcc/arm-none-eabi/13.3.1/thumb/v7e-m+fp/hard\libg.a(libc_a-lock.o)
                0x0800a250                __retarget_lock_release_recursive
 .text.startup.register_fini
                0x0800a254       0x14 D:/AppData/DevelopTool/GNU-Tools-ARM-Embedded/bin/../lib/gcc/arm-none-eabi/13.3.1/thumb/v7e-m+fp/hard\libg.a(libc_a-__call_atexit.o)
 .text.atexit   0x0800a268        0xc D:/AppData/DevelopTool/GNU-Tools-ARM-Embedded/bin/../lib/gcc/arm-none-eabi/13.3.1/thumb/v7e-m+fp/hard\libg.a(libc_a-atexit.o)
                0x0800a268                atexit
 .text._malloc_trim_r
                0x0800a274       0xb8 D:/AppData/DevelopTool/GNU-Tools-ARM-Embedded/bin/../lib/gcc/arm-none-eabi/13.3.1/thumb/v7e-m+fp/hard\libg.a(libc_a-freer.o)
                0x0800a274                _malloc_trim_r
 .text._free_r  0x0800a32c      0x1f8 D:/AppData/DevelopTool/GNU-Tools-ARM-Embedded/bin/../lib/gcc/arm-none-eabi/13.3.1/thumb/v7e-m+fp/hard\libg.a(libc_a-freer.o)
                0x0800a32c                _free_r
 .text._malloc_r
                0x0800a524      0x564 D:/AppData/DevelopTool/GNU-Tools-ARM-Embedded/bin/../lib/gcc/arm-none-eabi/13.3.1/thumb/v7e-m+fp/hard\libg.a(libc_a-mallocr.o)
                0x0800a524                _malloc_r
 .text.__malloc_lock
                0x0800aa88        0xc D:/AppData/DevelopTool/GNU-Tools-ARM-Embedded/bin/../lib/gcc/arm-none-eabi/13.3.1/thumb/v7e-m+fp/hard\libg.a(libc_a-mlock.o)
                0x0800aa88                __malloc_lock
 .text.__malloc_unlock
                0x0800aa94        0xc D:/AppData/DevelopTool/GNU-Tools-ARM-Embedded/bin/../lib/gcc/arm-none-eabi/13.3.1/thumb/v7e-m+fp/hard\libg.a(libc_a-mlock.o)
                0x0800aa94                __malloc_unlock
 .text._vfprintf_r
                0x0800aaa0     0x1c24 D:/AppData/DevelopTool/GNU-Tools-ARM-Embedded/bin/../lib/gcc/arm-none-eabi/13.3.1/thumb/v7e-m+fp/hard\libg.a(libc_a-vfprintf.o)
                0x0800aaa0                _vfprintf_r
 .text.__sbprintf
                0x0800c6c4       0x80 D:/AppData/DevelopTool/GNU-Tools-ARM-Embedded/bin/../lib/gcc/arm-none-eabi/13.3.1/thumb/v7e-m+fp/hard\libg.a(libc_a-vfprintf.o)
 .text.__sprint_r
                0x0800c744       0x20 D:/AppData/DevelopTool/GNU-Tools-ARM-Embedded/bin/../lib/gcc/arm-none-eabi/13.3.1/thumb/v7e-m+fp/hard\libg.a(libc_a-sprint_r.o)
                0x0800c744                __sprint_r
 .text._fclose_r
                0x0800c764       0xc0 D:/AppData/DevelopTool/GNU-Tools-ARM-Embedded/bin/../lib/gcc/arm-none-eabi/13.3.1/thumb/v7e-m+fp/hard\libg.a(libc_a-fclose.o)
                0x0800c764                _fclose_r
 .text.__sflush_r
                0x0800c824      0x138 D:/AppData/DevelopTool/GNU-Tools-ARM-Embedded/bin/../lib/gcc/arm-none-eabi/13.3.1/thumb/v7e-m+fp/hard\libg.a(libc_a-fflush.o)
                0x0800c824                __sflush_r
 .text._fflush_r
                0x0800c95c       0x54 D:/AppData/DevelopTool/GNU-Tools-ARM-Embedded/bin/../lib/gcc/arm-none-eabi/13.3.1/thumb/v7e-m+fp/hard\libg.a(libc_a-fflush.o)
                0x0800c95c                _fflush_r
 .text.__sfvwrite_r
                0x0800c9b0      0x300 D:/AppData/DevelopTool/GNU-Tools-ARM-Embedded/bin/../lib/gcc/arm-none-eabi/13.3.1/thumb/v7e-m+fp/hard\libg.a(libc_a-fvwrite.o)
                0x0800c9b0                __sfvwrite_r
 .text.__swsetup_r
                0x0800ccb0       0xc4 D:/AppData/DevelopTool/GNU-Tools-ARM-Embedded/bin/../lib/gcc/arm-none-eabi/13.3.1/thumb/v7e-m+fp/hard\libg.a(libc_a-wsetup.o)
                0x0800ccb0                __swsetup_r
 .text.memmove  0x0800cd74      0x100 D:/AppData/DevelopTool/GNU-Tools-ARM-Embedded/bin/../lib/gcc/arm-none-eabi/13.3.1/thumb/v7e-m+fp/hard\libg.a(libc_a-memmove.o)
                0x0800cd74                memmove
 .text.strncpy  0x0800ce74       0x68 D:/AppData/DevelopTool/GNU-Tools-ARM-Embedded/bin/../lib/gcc/arm-none-eabi/13.3.1/thumb/v7e-m+fp/hard\libg.a(libc_a-strncpy.o)
                0x0800ce74                strncpy
 .text.__locale_mb_cur_max
                0x0800cedc        0xc D:/AppData/DevelopTool/GNU-Tools-ARM-Embedded/bin/../lib/gcc/arm-none-eabi/13.3.1/thumb/v7e-m+fp/hard\libg.a(libc_a-locale.o)
                0x0800cedc                __locale_mb_cur_max
 .text._localeconv_r
                0x0800cee8        0x8 D:/AppData/DevelopTool/GNU-Tools-ARM-Embedded/bin/../lib/gcc/arm-none-eabi/13.3.1/thumb/v7e-m+fp/hard\libg.a(libc_a-localeconv.o)
                0x0800cee8                _localeconv_r
 .text._sbrk_r  0x0800cef0       0x24 D:/AppData/DevelopTool/GNU-Tools-ARM-Embedded/bin/../lib/gcc/arm-none-eabi/13.3.1/thumb/v7e-m+fp/hard\libg.a(libc_a-sbrkr.o)
                0x0800cef0                _sbrk_r
 .text.__libc_fini_array
                0x0800cf14       0x28 D:/AppData/DevelopTool/GNU-Tools-ARM-Embedded/bin/../lib/gcc/arm-none-eabi/13.3.1/thumb/v7e-m+fp/hard\libg.a(libc_a-fini.o)
                0x0800cf14                __libc_fini_array
 .text.sysconf  0x0800cf3c       0x1c D:/AppData/DevelopTool/GNU-Tools-ARM-Embedded/bin/../lib/gcc/arm-none-eabi/13.3.1/thumb/v7e-m+fp/hard\libg.a(libc_a-sysconf.o)
                0x0800cf3c                sysconf
 .text.frexp    0x0800cf58       0x64 D:/AppData/DevelopTool/GNU-Tools-ARM-Embedded/bin/../lib/gcc/arm-none-eabi/13.3.1/thumb/v7e-m+fp/hard\libg.a(libm_a-s_frexp.o)
                0x0800cf58                frexp
 .text.__register_exitproc
                0x0800cfbc       0x80 D:/AppData/DevelopTool/GNU-Tools-ARM-Embedded/bin/../lib/gcc/arm-none-eabi/13.3.1/thumb/v7e-m+fp/hard\libg.a(libc_a-__atexit.o)
                0x0800cfbc                __register_exitproc
 .text.quorem   0x0800d03c      0x12c D:/AppData/DevelopTool/GNU-Tools-ARM-Embedded/bin/../lib/gcc/arm-none-eabi/13.3.1/thumb/v7e-m+fp/hard\libg.a(libc_a-dtoa.o)
 .text._dtoa_r  0x0800d168      0xe80 D:/AppData/DevelopTool/GNU-Tools-ARM-Embedded/bin/../lib/gcc/arm-none-eabi/13.3.1/thumb/v7e-m+fp/hard\libg.a(libc_a-dtoa.o)
                0x0800d168                _dtoa_r
 .text.__ascii_mbtowc
                0x0800dfe8       0x2c D:/AppData/DevelopTool/GNU-Tools-ARM-Embedded/bin/../lib/gcc/arm-none-eabi/13.3.1/thumb/v7e-m+fp/hard\libg.a(libc_a-mbtowc_r.o)
                0x0800dfe8                __ascii_mbtowc
 .text._Balloc  0x0800e014       0x4c D:/AppData/DevelopTool/GNU-Tools-ARM-Embedded/bin/../lib/gcc/arm-none-eabi/13.3.1/thumb/v7e-m+fp/hard\libg.a(libc_a-mprec.o)
                0x0800e014                _Balloc
 .text._Bfree   0x0800e060       0x14 D:/AppData/DevelopTool/GNU-Tools-ARM-Embedded/bin/../lib/gcc/arm-none-eabi/13.3.1/thumb/v7e-m+fp/hard\libg.a(libc_a-mprec.o)
                0x0800e060                _Bfree
 .text.__multadd
                0x0800e074       0xa0 D:/AppData/DevelopTool/GNU-Tools-ARM-Embedded/bin/../lib/gcc/arm-none-eabi/13.3.1/thumb/v7e-m+fp/hard\libg.a(libc_a-mprec.o)
                0x0800e074                __multadd
 .text.__hi0bits
                0x0800e114       0x44 D:/AppData/DevelopTool/GNU-Tools-ARM-Embedded/bin/../lib/gcc/arm-none-eabi/13.3.1/thumb/v7e-m+fp/hard\libg.a(libc_a-mprec.o)
                0x0800e114                __hi0bits
 .text.__lo0bits
                0x0800e158       0x60 D:/AppData/DevelopTool/GNU-Tools-ARM-Embedded/bin/../lib/gcc/arm-none-eabi/13.3.1/thumb/v7e-m+fp/hard\libg.a(libc_a-mprec.o)
                0x0800e158                __lo0bits
 .text.__i2b    0x0800e1b8       0x5c D:/AppData/DevelopTool/GNU-Tools-ARM-Embedded/bin/../lib/gcc/arm-none-eabi/13.3.1/thumb/v7e-m+fp/hard\libg.a(libc_a-mprec.o)
                0x0800e1b8                __i2b
 .text.__multiply
                0x0800e214      0x16c D:/AppData/DevelopTool/GNU-Tools-ARM-Embedded/bin/../lib/gcc/arm-none-eabi/13.3.1/thumb/v7e-m+fp/hard\libg.a(libc_a-mprec.o)
                0x0800e214                __multiply
 .text.__pow5mult
                0x0800e380       0xb4 D:/AppData/DevelopTool/GNU-Tools-ARM-Embedded/bin/../lib/gcc/arm-none-eabi/13.3.1/thumb/v7e-m+fp/hard\libg.a(libc_a-mprec.o)
                0x0800e380                __pow5mult
 .text.__lshift
                0x0800e434       0xf0 D:/AppData/DevelopTool/GNU-Tools-ARM-Embedded/bin/../lib/gcc/arm-none-eabi/13.3.1/thumb/v7e-m+fp/hard\libg.a(libc_a-mprec.o)
                0x0800e434                __lshift
 .text.__mcmp   0x0800e524       0x44 D:/AppData/DevelopTool/GNU-Tools-ARM-Embedded/bin/../lib/gcc/arm-none-eabi/13.3.1/thumb/v7e-m+fp/hard\libg.a(libc_a-mprec.o)
                0x0800e524                __mcmp
 .text.__mdiff  0x0800e568      0x178 D:/AppData/DevelopTool/GNU-Tools-ARM-Embedded/bin/../lib/gcc/arm-none-eabi/13.3.1/thumb/v7e-m+fp/hard\libg.a(libc_a-mprec.o)
                0x0800e568                __mdiff
 .text.__d2b    0x0800e6e0       0xc0 D:/AppData/DevelopTool/GNU-Tools-ARM-Embedded/bin/../lib/gcc/arm-none-eabi/13.3.1/thumb/v7e-m+fp/hard\libg.a(libc_a-mprec.o)
                0x0800e6e0                __d2b
 .text._realloc_r
                0x0800e7a0      0x344 D:/AppData/DevelopTool/GNU-Tools-ARM-Embedded/bin/../lib/gcc/arm-none-eabi/13.3.1/thumb/v7e-m+fp/hard\libg.a(libc_a-reallocr.o)
                0x0800e7a0                _realloc_r
 .text.__ascii_wctomb
                0x0800eae4       0x1c D:/AppData/DevelopTool/GNU-Tools-ARM-Embedded/bin/../lib/gcc/arm-none-eabi/13.3.1/thumb/v7e-m+fp/hard\libg.a(libc_a-wctomb_r.o)
                0x0800eae4                __ascii_wctomb
 .text._wcrtomb_r
                0x0800eb00       0x4c D:/AppData/DevelopTool/GNU-Tools-ARM-Embedded/bin/../lib/gcc/arm-none-eabi/13.3.1/thumb/v7e-m+fp/hard\libg.a(libc_a-wcrtomb.o)
                0x0800eb00                _wcrtomb_r
 .text._wcsrtombs_r
                0x0800eb4c       0x18 D:/AppData/DevelopTool/GNU-Tools-ARM-Embedded/bin/../lib/gcc/arm-none-eabi/13.3.1/thumb/v7e-m+fp/hard\libg.a(libc_a-wcsrtombs.o)
                0x0800eb4c                _wcsrtombs_r
 .text.__smakebuf_r
                0x0800eb64       0xdc D:/AppData/DevelopTool/GNU-Tools-ARM-Embedded/bin/../lib/gcc/arm-none-eabi/13.3.1/thumb/v7e-m+fp/hard\libg.a(libc_a-makebuf.o)
                0x0800eb64                __smakebuf_r
 .text._fstat_r
                0x0800ec40       0x2c D:/AppData/DevelopTool/GNU-Tools-ARM-Embedded/bin/../lib/gcc/arm-none-eabi/13.3.1/thumb/v7e-m+fp/hard\libg.a(libc_a-fstatr.o)
                0x0800ec40                _fstat_r
 .text._isatty_r
                0x0800ec6c       0x24 D:/AppData/DevelopTool/GNU-Tools-ARM-Embedded/bin/../lib/gcc/arm-none-eabi/13.3.1/thumb/v7e-m+fp/hard\libg.a(libc_a-isattyr.o)
                0x0800ec6c                _isatty_r
 .text.__assert_func
                0x0800ec90       0x40 D:/AppData/DevelopTool/GNU-Tools-ARM-Embedded/bin/../lib/gcc/arm-none-eabi/13.3.1/thumb/v7e-m+fp/hard\libg.a(libc_a-assert.o)
                0x0800ec90                __assert_func
 .text._calloc_r
                0x0800ecd0       0x6c D:/AppData/DevelopTool/GNU-Tools-ARM-Embedded/bin/../lib/gcc/arm-none-eabi/13.3.1/thumb/v7e-m+fp/hard\libg.a(libc_a-callocr.o)
                0x0800ecd0                _calloc_r
 .text._wcsnrtombs_l
                0x0800ed3c       0xfc D:/AppData/DevelopTool/GNU-Tools-ARM-Embedded/bin/../lib/gcc/arm-none-eabi/13.3.1/thumb/v7e-m+fp/hard\libg.a(libc_a-wcsnrtombs.o)
                0x0800ed3c                _wcsnrtombs_l
 .text._wcsnrtombs_r
                0x0800ee38       0x24 D:/AppData/DevelopTool/GNU-Tools-ARM-Embedded/bin/../lib/gcc/arm-none-eabi/13.3.1/thumb/v7e-m+fp/hard\libg.a(libc_a-wcsnrtombs.o)
                0x0800ee38                _wcsnrtombs_r
 .text.fiprintf
                0x0800ee5c       0x28 D:/AppData/DevelopTool/GNU-Tools-ARM-Embedded/bin/../lib/gcc/arm-none-eabi/13.3.1/thumb/v7e-m+fp/hard\libg.a(libc_a-fiprintf.o)
                0x0800ee5c                fiprintf
 .text._vfiprintf_r
                0x0800ee84      0xe68 D:/AppData/DevelopTool/GNU-Tools-ARM-Embedded/bin/../lib/gcc/arm-none-eabi/13.3.1/thumb/v7e-m+fp/hard\libg.a(libc_a-vfiprintf.o)
                0x0800ee84                _vfiprintf_r
 .text.__sbprintf
                0x0800fcec       0x80 D:/AppData/DevelopTool/GNU-Tools-ARM-Embedded/bin/../lib/gcc/arm-none-eabi/13.3.1/thumb/v7e-m+fp/hard\libg.a(libc_a-vfiprintf.o)
 .text.abort    0x0800fd6c       0x10 D:/AppData/DevelopTool/GNU-Tools-ARM-Embedded/bin/../lib/gcc/arm-none-eabi/13.3.1/thumb/v7e-m+fp/hard\libg.a(libc_a-abort.o)
                0x0800fd6c                abort
 .text.raise    0x0800fd7c       0x58 D:/AppData/DevelopTool/GNU-Tools-ARM-Embedded/bin/../lib/gcc/arm-none-eabi/13.3.1/thumb/v7e-m+fp/hard\libg.a(libc_a-signal.o)
                0x0800fd7c                raise
 .text._kill_r  0x0800fdd4       0x2c D:/AppData/DevelopTool/GNU-Tools-ARM-Embedded/bin/../lib/gcc/arm-none-eabi/13.3.1/thumb/v7e-m+fp/hard\libg.a(libc_a-signalr.o)
                0x0800fdd4                _kill_r
 .text._getpid_r
                0x0800fe00        0x4 D:/AppData/DevelopTool/GNU-Tools-ARM-Embedded/bin/../lib/gcc/arm-none-eabi/13.3.1/thumb/v7e-m+fp/hard\libg.a(libc_a-signalr.o)
                0x0800fe00                _getpid_r
 *(.glue_7)
 .glue_7        0x0800fe04        0x0 linker stubs
 *(.glue_7t)
 .glue_7t       0x0800fe04        0x0 linker stubs
 *(.eh_frame)
 .eh_frame      0x0800fe04        0x0 D:/AppData/DevelopTool/GNU-Tools-ARM-Embedded/bin/../lib/gcc/arm-none-eabi/13.3.1/thumb/v7e-m+fp/hard/crtbegin.o
 *(.init)
 .init          0x0800fe04        0x4 D:/AppData/DevelopTool/GNU-Tools-ARM-Embedded/bin/../lib/gcc/arm-none-eabi/13.3.1/thumb/v7e-m+fp/hard/crti.o
                0x0800fe04                _init
 .init          0x0800fe08        0x8 D:/AppData/DevelopTool/GNU-Tools-ARM-Embedded/bin/../lib/gcc/arm-none-eabi/13.3.1/thumb/v7e-m+fp/hard/crtn.o
 *(.fini)
 .fini          0x0800fe10        0x4 D:/AppData/DevelopTool/GNU-Tools-ARM-Embedded/bin/../lib/gcc/arm-none-eabi/13.3.1/thumb/v7e-m+fp/hard/crti.o
                0x0800fe10                _fini
 .fini          0x0800fe14        0x8 D:/AppData/DevelopTool/GNU-Tools-ARM-Embedded/bin/../lib/gcc/arm-none-eabi/13.3.1/thumb/v7e-m+fp/hard/crtn.o
                0x0800fe1c                        . = ALIGN (0x4)
                0x0800fe1c                        _etext = .

.vfp11_veneer   0x0800fe1c        0x0
 .vfp11_veneer  0x0800fe1c        0x0 linker stubs

.v4_bx          0x0800fe1c        0x0
 .v4_bx         0x0800fe1c        0x0 linker stubs

.iplt           0x0800fe1c        0x0
 .iplt          0x0800fe1c        0x0 D:/AppData/DevelopTool/GNU-Tools-ARM-Embedded/bin/../lib/gcc/arm-none-eabi/13.3.1/thumb/v7e-m+fp/hard/crtbegin.o

.rodata         0x0800fe20      0xa24
                0x0800fe20                        . = ALIGN (0x4)
 *(.rodata)
 .rodata        0x0800fe20       0x38 CMakeFiles/F4_CherryDAP.elf.dir/Core/Src/freertos.c.obj
 *(.rodata*)
 .rodata.usbd_cdc_acm_bulk_out.str1.4
                0x0800fe58      0x5a7 CMakeFiles/F4_CherryDAP.elf.dir/Core/Src/dap_main.c.obj
                                 0x16 (size before relaxing)
 .rodata.chry_dap_usb2uart_handle.str1.4
                0x080103ff       0x27 CMakeFiles/F4_CherryDAP.elf.dir/Core/Src/dap_main.c.obj
 *fill*         0x080103ff        0x1 
 .rodata.cmsisdap_descriptor
                0x08010400      0x10f CMakeFiles/F4_CherryDAP.elf.dir/Core/Src/dap_main.c.obj
                0x08010400                cmsisdap_descriptor
 *fill*         0x0801050f        0x1 
 .rodata.USBD_BinaryObjectStoreDescriptor
                0x08010510       0x21 CMakeFiles/F4_CherryDAP.elf.dir/Core/Src/dap_main.c.obj
                0x08010510                USBD_BinaryObjectStoreDescriptor
 *fill*         0x08010531        0x3 
 .rodata.USBD_WinUSBDescriptorSetDescriptor
                0x08010534       0xaa CMakeFiles/F4_CherryDAP.elf.dir/Core/Src/dap_main.c.obj
                0x08010534                USBD_WinUSBDescriptorSetDescriptor
 .rodata.str1.4
                0x080105de       0x14 CMakeFiles/F4_CherryDAP.elf.dir/Core/Src/freertos.c.obj
 *fill*         0x080105de        0x2 
 .rodata.APBPrescTable
                0x080105e0        0x8 CMakeFiles/F4_CherryDAP.elf.dir/Core/Src/system_stm32f4xx.c.obj
                0x080105e0                APBPrescTable
 .rodata.AHBPrescTable
                0x080105e8       0x10 CMakeFiles/F4_CherryDAP.elf.dir/Core/Src/system_stm32f4xx.c.obj
                0x080105e8                AHBPrescTable
 .rodata.flagBitshiftOffset.0
                0x080105f8        0x8 CMakeFiles/F4_CherryDAP.elf.dir/Drivers/STM32F4xx_HAL_Driver/Src/stm32f4xx_hal_dma.c.obj
 .rodata.vTaskStartScheduler.str1.4
                0x08010600        0x5 CMakeFiles/F4_CherryDAP.elf.dir/Middlewares/Third_Party/FreeRTOS/Source/tasks.c.obj
 .rodata.cdc_acm_class_interface_request_handler.str1.4
                0x08010600       0x3d CMakeFiles/F4_CherryDAP.elf.dir/Package/CherryUSB/class/cdc/usbd_cdc.c.obj
 .rodata.usbd_get_descriptor.str1.4
                0x08010600       0x49 CMakeFiles/F4_CherryDAP.elf.dir/Package/CherryUSB/core/usbd_core.c.obj
 .rodata.usbd_print_setup.str1.4
                0x08010600       0x6d CMakeFiles/F4_CherryDAP.elf.dir/Package/CherryUSB/core/usbd_core.c.obj
 .rodata.usbd_vendor_request_handler.str1.4
                0x08010600       0x15 CMakeFiles/F4_CherryDAP.elf.dir/Package/CherryUSB/core/usbd_core.c.obj
 .rodata.usbd_std_endpoint_req_handler.str1.4
                0x08010600       0x2b CMakeFiles/F4_CherryDAP.elf.dir/Package/CherryUSB/core/usbd_core.c.obj
 .rodata.usbd_setup_request_handler.str1.4
                0x08010600       0x46 CMakeFiles/F4_CherryDAP.elf.dir/Package/CherryUSB/core/usbd_core.c.obj
 .rodata.usbd_event_ep0_setup_complete_handler.str1.4
                0x08010600       0x1a CMakeFiles/F4_CherryDAP.elf.dir/Package/CherryUSB/core/usbd_core.c.obj
 .rodata.usbd_initialize.str1.4
                0x08010600        0xe CMakeFiles/F4_CherryDAP.elf.dir/Package/CherryUSB/core/usbd_core.c.obj
 .rodata.dwc2_set_txfifo.str1.4
                0x08010600       0x35 CMakeFiles/F4_CherryDAP.elf.dir/Package/CherryUSB/port/dwc2/usb_dc_dwc2.c.obj
 .rodata.usb_dc_init.str1.4
                0x08010600      0x1a8 CMakeFiles/F4_CherryDAP.elf.dir/Package/CherryUSB/port/dwc2/usb_dc_dwc2.c.obj
 .rodata.usbd_ep_open.str1.4
                0x08010600       0x35 CMakeFiles/F4_CherryDAP.elf.dir/Package/CherryUSB/port/dwc2/usb_dc_dwc2.c.obj
 .rodata.DAP_Info.str1.4
                0x08010600        0x6 CMakeFiles/F4_CherryDAP.elf.dir/Package/DAPLink/Source/DAP.c.obj
 .rodata._puts_r.str1.4
                0x08010600        0x2 D:/AppData/DevelopTool/GNU-Tools-ARM-Embedded/bin/../lib/gcc/arm-none-eabi/13.3.1/thumb/v7e-m+fp/hard\libg.a(libc_a-puts.o)
 .rodata._vfprintf_r.str1.4
                0x08010600       0x42 D:/AppData/DevelopTool/GNU-Tools-ARM-Embedded/bin/../lib/gcc/arm-none-eabi/13.3.1/thumb/v7e-m+fp/hard\libg.a(libc_a-vfprintf.o)
 .rodata.zeroes.0
                0x08010600       0x10 D:/AppData/DevelopTool/GNU-Tools-ARM-Embedded/bin/../lib/gcc/arm-none-eabi/13.3.1/thumb/v7e-m+fp/hard\libg.a(libc_a-vfprintf.o)
 .rodata.blanks.1
                0x08010610       0x10 D:/AppData/DevelopTool/GNU-Tools-ARM-Embedded/bin/../lib/gcc/arm-none-eabi/13.3.1/thumb/v7e-m+fp/hard\libg.a(libc_a-vfprintf.o)
 .rodata.str1.4
                0x08010620       0x4c D:/AppData/DevelopTool/GNU-Tools-ARM-Embedded/bin/../lib/gcc/arm-none-eabi/13.3.1/thumb/v7e-m+fp/hard\libg.a(libc_a-locale.o)
 .rodata._dtoa_r.str1.4
                0x08010620       0x81 D:/AppData/DevelopTool/GNU-Tools-ARM-Embedded/bin/../lib/gcc/arm-none-eabi/13.3.1/thumb/v7e-m+fp/hard\libg.a(libc_a-dtoa.o)
 .rodata.__multadd.str1.4
                0x08010620       0x6e D:/AppData/DevelopTool/GNU-Tools-ARM-Embedded/bin/../lib/gcc/arm-none-eabi/13.3.1/thumb/v7e-m+fp/hard\libg.a(libc_a-mprec.o)
 .rodata.p05.0  0x08010620        0xc D:/AppData/DevelopTool/GNU-Tools-ARM-Embedded/bin/../lib/gcc/arm-none-eabi/13.3.1/thumb/v7e-m+fp/hard\libg.a(libc_a-mprec.o)
 *fill*         0x0801062c        0x4 
 .rodata.__mprec_bigtens