../Drivers/IIC/iic_hal.c:64:6:SCL_Output.part.0	0	static
../Drivers/IIC/iic_hal.c:15:6:SDA_Input_Mode	32	static
../Drivers/IIC/iic_hal.c:31:6:SDA_Output_Mode	32	static
../Drivers/IIC/iic_hal.c:47:6:SDA_Output	0	static
../Drivers/IIC/iic_hal.c:64:6:SCL_Output	0	static
../Drivers/IIC/iic_hal.c:81:9:SDA_Input	8	static
../Drivers/IIC/iic_hal.c:95:6:IICStart	8	static
../Drivers/IIC/iic_hal.c:113:6:IICStop	8	static
../Drivers/IIC/iic_hal.c:131:15:IICWaitAck	16	static
../Drivers/IIC/iic_hal.c:158:6:IICSendAck	8	static
../Drivers/IIC/iic_hal.c:174:6:IICSendNotAck	8	static
../Drivers/IIC/iic_hal.c:190:6:IICSendByte	16	static
../Drivers/IIC/iic_hal.c:213:15:IICReceiveByte	16	static
../Drivers/IIC/iic_hal.c:232:9:IIC_Write_One_Byte	24	static
../Drivers/IIC/iic_hal.c:251:9:IIC_Write_Multi_Byte	24	static
../Drivers/IIC/iic_hal.c:274:15:IIC_Read_One_Byte	16	static
../Drivers/IIC/iic_hal.c:293:9:IIC_Read_Multi_Byte	32	static
../Drivers/IIC/iic_hal.c:322:6:IICInit	32	static
